#
# There is insufficient memory for the Java Runtime Environment to continue.
# Native memory allocation (malloc) failed to allocate 32744 bytes for ChunkPool::allocate
# Possible reasons:
#   The system is out of physical RAM or swap space
#   The process is running with CompressedOops enabled, and the Java Heap may be blocking the growth of the native heap
# Possible solutions:
#   Reduce memory load on the system
#   Increase physical memory or swap space
#   Check if swap backing store is full
#   Decrease Java heap size (-Xmx/-Xms)
#   Decrease number of Java threads
#   Decrease Java thread stack sizes (-Xss)
#   Set larger code cache with -XX:ReservedCodeCacheSize=
#   JVM is running with Unscaled Compressed Oops mode in which the Java heap is
#     placed in the first 4GB address space. The Java Heap base address is the
#     maximum limit for the native heap growth. Please use -XX:HeapBaseMinAddress
#     to set the Java Heap base and to place the Java Heap above 4GB virtual address.
# This output file may be truncated or incomplete.
#
#  Out of Memory Error (arena.cpp:78), pid=13292, tid=11300
#
# JRE version: Java(TM) SE Runtime Environment (17.0.10+11) (build 17.0.10+11-LTS-240)
# Java VM: Java HotSpot(TM) 64-Bit Server VM (17.0.10+11-LTS-240, mixed mode, sharing, tiered, compressed oops, compressed class ptrs, g1 gc, windows-amd64)
# No core dump will be written. Minidumps are not enabled by default on client versions of Windows
#

---------------  S U M M A R Y ------------

Command Line: -javaagent:C:\Program Files\JetBrains\IntelliJ IDEA Community Edition 2022.3.3\lib\idea_rt.jar=56591:C:\Program Files\JetBrains\IntelliJ IDEA Community Edition 2022.3.3\bin -Dfile.encoding=UTF-8 com.dvml.api.ApiApplication

Host: Intel(R) Core(TM) i5-7500T CPU @ 2.70GHz, 4 cores, 3G,  Windows 10 , 64 bit Build 19041 (10.0.19041.5915)
Time: Fri Jul 25 14:12:55 2025 Hor. Padrão Centro-oeste África elapsed time: 311.850499 seconds (0d 0h 5m 11s)

---------------  T H R E A D  ---------------

Current thread (0x0000021d69875ed0):  JavaThread "C2 CompilerThread0" daemon [_thread_in_native, id=11300, stack(0x000000b056e00000,0x000000b056f00000)]


Current CompileTask:
C2: 311853 17309       4       org.hibernate.persister.entity.AbstractEntityPersister::createDomainResult (25 bytes)

Stack: [0x000000b056e00000,0x000000b056f00000]
Native frames: (J=compiled Java code, j=interpreted, Vv=VM code, C=native code)
V  [jvm.dll+0x677a5a]
V  [jvm.dll+0x7d8b2d]
V  [jvm.dll+0x7da48e]
V  [jvm.dll+0x7daaf3]
V  [jvm.dll+0x2455ff]
V  [jvm.dll+0xaad50]
V  [jvm.dll+0xab09c]
V  [jvm.dll+0x8fb68]
V  [jvm.dll+0x6052a7]
V  [jvm.dll+0x60aa77]
V  [jvm.dll+0x60b8dc]
V  [jvm.dll+0x609db4]
V  [jvm.dll+0x2177ce]
V  [jvm.dll+0x216d81]
V  [jvm.dll+0x1a3410]
V  [jvm.dll+0x226aeb]
V  [jvm.dll+0x224cab]
V  [jvm.dll+0x78e45c]
V  [jvm.dll+0x78888a]
V  [jvm.dll+0x676935]
C  [ucrtbase.dll+0x21bb2]
C  [KERNEL32.DLL+0x17374]
C  [ntdll.dll+0x4cc91]


---------------  P R O C E S S  ---------------

Threads class SMR info:
_java_thread_list=0x0000021d6f772030, length=31, elements={
0x0000021d4c796460, 0x0000021d4c7971f0, 0x0000021d69868980, 0x0000021d69869c60,
0x0000021d6986cce0, 0x0000021d6986d5b0, 0x0000021d69875ed0, 0x0000021d6987a410,
0x0000021d6988a910, 0x0000021d4c77dfe0, 0x0000021d6e2acf40, 0x0000021d6e0810e0,
0x0000021d70558aa0, 0x0000021d73477a90, 0x0000021d701b3df0, 0x0000021d701b4300,
0x0000021d701b4810, 0x0000021d7251e9c0, 0x0000021d72520310, 0x0000021d7251dfa0,
0x0000021d7251d580, 0x0000021d7251da90, 0x0000021d7251eed0, 0x0000021d7251d070,
0x0000021d7251fe00, 0x0000021d7251f3e0, 0x0000021d72520820, 0x0000021d724c0300,
0x0000021d724bdf90, 0x0000021d724bd570, 0x0000021d724bfdf0
}

Java Threads: ( => current thread )
  0x0000021d4c796460 JavaThread "Reference Handler" daemon [_thread_blocked, id=14836, stack(0x000000b056800000,0x000000b056900000)]
  0x0000021d4c7971f0 JavaThread "Finalizer" daemon [_thread_blocked, id=6540, stack(0x000000b056900000,0x000000b056a00000)]
  0x0000021d69868980 JavaThread "Signal Dispatcher" daemon [_thread_blocked, id=8372, stack(0x000000b056a00000,0x000000b056b00000)]
  0x0000021d69869c60 JavaThread "Attach Listener" daemon [_thread_blocked, id=6976, stack(0x000000b056b00000,0x000000b056c00000)]
  0x0000021d6986cce0 JavaThread "Service Thread" daemon [_thread_blocked, id=14752, stack(0x000000b056c00000,0x000000b056d00000)]
  0x0000021d6986d5b0 JavaThread "Monitor Deflation Thread" daemon [_thread_blocked, id=10008, stack(0x000000b056d00000,0x000000b056e00000)]
=>0x0000021d69875ed0 JavaThread "C2 CompilerThread0" daemon [_thread_in_native, id=11300, stack(0x000000b056e00000,0x000000b056f00000)]
  0x0000021d6987a410 JavaThread "C1 CompilerThread0" daemon [_thread_blocked, id=11004, stack(0x000000b056f00000,0x000000b057000000)]
  0x0000021d6988a910 JavaThread "Sweeper thread" daemon [_thread_blocked, id=7888, stack(0x000000b057000000,0x000000b057100000)]
  0x0000021d4c77dfe0 JavaThread "Common-Cleaner" daemon [_thread_blocked, id=2112, stack(0x000000b057100000,0x000000b057200000)]
  0x0000021d6e2acf40 JavaThread "Monitor Ctrl-Break" daemon [_thread_in_native, id=2376, stack(0x000000b057300000,0x000000b057400000)]
  0x0000021d6e0810e0 JavaThread "Notification Thread" daemon [_thread_blocked, id=12892, stack(0x000000b057400000,0x000000b057500000)]
  0x0000021d70558aa0 JavaThread "mysql-cj-abandoned-connection-cleanup" daemon [_thread_blocked, id=7852, stack(0x000000b057900000,0x000000b057a00000)]
  0x0000021d73477a90 JavaThread "HikariPool-1 housekeeper" daemon [_thread_blocked, id=13336, stack(0x000000b057b00000,0x000000b057c00000)]
  0x0000021d701b3df0 JavaThread "Catalina-utility-1" [_thread_blocked, id=4704, stack(0x000000b057200000,0x000000b057300000)]
  0x0000021d701b4300 JavaThread "Catalina-utility-2" [_thread_blocked, id=9144, stack(0x000000b057d00000,0x000000b057e00000)]
  0x0000021d701b4810 JavaThread "container-0" [_thread_blocked, id=13368, stack(0x000000b057e00000,0x000000b057f00000)]
  0x0000021d7251e9c0 JavaThread "http-nio-8081-exec-1" daemon [_thread_blocked, id=6116, stack(0x000000b057c00000,0x000000b057d00000)]
  0x0000021d72520310 JavaThread "http-nio-8081-exec-2" daemon [_thread_blocked, id=6916, stack(0x000000b057f00000,0x000000b058000000)]
  0x0000021d7251dfa0 JavaThread "http-nio-8081-exec-3" daemon [_thread_blocked, id=1048, stack(0x000000b058000000,0x000000b058100000)]
  0x0000021d7251d580 JavaThread "http-nio-8081-exec-4" daemon [_thread_blocked, id=13108, stack(0x000000b058100000,0x000000b058200000)]
  0x0000021d7251da90 JavaThread "http-nio-8081-exec-5" daemon [_thread_blocked, id=10032, stack(0x000000b058200000,0x000000b058300000)]
  0x0000021d7251eed0 JavaThread "http-nio-8081-exec-6" daemon [_thread_blocked, id=13676, stack(0x000000b058300000,0x000000b058400000)]
  0x0000021d7251d070 JavaThread "http-nio-8081-exec-7" daemon [_thread_blocked, id=9292, stack(0x000000b058400000,0x000000b058500000)]
  0x0000021d7251fe00 JavaThread "http-nio-8081-exec-8" daemon [_thread_blocked, id=1132, stack(0x000000b058500000,0x000000b058600000)]
  0x0000021d7251f3e0 JavaThread "http-nio-8081-exec-9" daemon [_thread_blocked, id=12284, stack(0x000000b058600000,0x000000b058700000)]
  0x0000021d72520820 JavaThread "http-nio-8081-exec-10" daemon [_thread_blocked, id=9892, stack(0x000000b058700000,0x000000b058800000)]
  0x0000021d724c0300 JavaThread "http-nio-8081-Poller" daemon [_thread_in_native, id=1704, stack(0x000000b058800000,0x000000b058900000)]
  0x0000021d724bdf90 JavaThread "http-nio-8081-Acceptor" daemon [_thread_in_native, id=8488, stack(0x000000b058900000,0x000000b058a00000)]
  0x0000021d724bd570 JavaThread "scheduling-1" [_thread_blocked, id=2596, stack(0x000000b058a00000,0x000000b058b00000)]
  0x0000021d724bfdf0 JavaThread "DestroyJavaVM" [_thread_blocked, id=912, stack(0x000000b056100000,0x000000b056200000)]

Other Threads:
  0x0000021d4c78e9f0 VMThread "VM Thread" [stack: 0x000000b056700000,0x000000b056800000] [id=13844]
  0x0000021d69dc5840 WatcherThread [stack: 0x000000b057500000,0x000000b057600000] [id=4088]
  0x0000021d4c715680 GCTaskThread "GC Thread#0" [stack: 0x000000b056200000,0x000000b056300000] [id=14716]
  0x0000021d6e4ebf90 GCTaskThread "GC Thread#1" [stack: 0x000000b057600000,0x000000b057700000] [id=9548]
  0x0000021d6e588030 GCTaskThread "GC Thread#2" [stack: 0x000000b057700000,0x000000b057800000] [id=1228]
  0x0000021d6f057e90 GCTaskThread "GC Thread#3" [stack: 0x000000b057800000,0x000000b057900000] [id=9388]
  0x0000021d4c720140 ConcurrentGCThread "G1 Main Marker" [stack: 0x000000b056300000,0x000000b056400000] [id=12168]
  0x0000021d4c720a60 ConcurrentGCThread "G1 Conc#0" [stack: 0x000000b056400000,0x000000b056500000] [id=9040]
  0x0000021d4c76da30 ConcurrentGCThread "G1 Refine#0" [stack: 0x000000b056500000,0x000000b056600000] [id=12280]
  0x0000021d4c76e370 ConcurrentGCThread "G1 Service" [stack: 0x000000b056600000,0x000000b056700000] [id=2288]

Threads with active compile tasks:
C2 CompilerThread0   311974 17309       4       org.hibernate.persister.entity.AbstractEntityPersister::createDomainResult (25 bytes)

VM state: not at safepoint (normal execution)

VM Mutex/Monitor currently owned by a thread: None

Heap address: 0x00000000c1e00000, size: 994 MB, Compressed Oops mode: 32-bit

CDS archive(s) mapped at: [0x0000021d00000000-0x0000021d00bd0000-0x0000021d00bd0000), size 12386304, SharedBaseAddress: 0x0000021d00000000, ArchiveRelocationMode: 1.
Compressed class space mapped at: 0x0000021d01000000-0x0000021d41000000, reserved size: 1073741824
Narrow klass base: 0x0000021d00000000, Narrow klass shift: 0, Narrow klass range: 0x100000000

GC Precious Log:
 CPUs: 4 total, 4 available
 Memory: 3975M
 Large Page Support: Disabled
 NUMA Support: Disabled
 Compressed Oops: Enabled (32-bit)
 Heap Region Size: 1M
 Heap Min Capacity: 8M
 Heap Initial Capacity: 64M
 Heap Max Capacity: 994M
 Pre-touch: Disabled
 Parallel Workers: 4
 Concurrent Workers: 1
 Concurrent Refinement Workers: 4
 Periodic GC: Disabled

Heap:
 garbage-first heap   total 157696K, used 134248K [0x00000000c1e00000, 0x0000000100000000)
  region size 1024K, 79 young (80896K), 1 survivors (1024K)
 Metaspace       used 88698K, committed 89408K, reserved 1179648K
  class space    used 11539K, committed 11904K, reserved 1048576K

Heap Regions: E=young(eden), S=young(survivor), O=old, HS=humongous(starts), HC=humongous(continues), CS=collection set, F=free, OA=open archive, CA=closed archive, TAMS=top-at-mark-start (previous, next)
|   0|0x00000000c1e00000, 0x00000000c1f00000, 0x00000000c1f00000|100%|HS|  |TAMS 0x00000000c1f00000, 0x00000000c1e00000| Complete 
|   1|0x00000000c1f00000, 0x00000000c2000000, 0x00000000c2000000|100%| O|  |TAMS 0x00000000c2000000, 0x00000000c1f00000| Untracked 
|   2|0x00000000c2000000, 0x00000000c2100000, 0x00000000c2100000|100%| O|  |TAMS 0x00000000c2100000, 0x00000000c2000000| Untracked 
|   3|0x00000000c2100000, 0x00000000c2200000, 0x00000000c2200000|100%| O|  |TAMS 0x00000000c2200000, 0x00000000c2100000| Untracked 
|   4|0x00000000c2200000, 0x00000000c2300000, 0x00000000c2300000|100%| O|  |TAMS 0x00000000c2300000, 0x00000000c2200000| Untracked 
|   5|0x00000000c2300000, 0x00000000c2400000, 0x00000000c2400000|100%| O|  |TAMS 0x00000000c2400000, 0x00000000c2300000| Untracked 
|   6|0x00000000c2400000, 0x00000000c2500000, 0x00000000c2500000|100%| O|  |TAMS 0x00000000c2500000, 0x00000000c2400000| Untracked 
|   7|0x00000000c2500000, 0x00000000c2600000, 0x00000000c2600000|100%| O|  |TAMS 0x00000000c2600000, 0x00000000c2500000| Untracked 
|   8|0x00000000c2600000, 0x00000000c2700000, 0x00000000c2700000|100%| O|  |TAMS 0x00000000c2700000, 0x00000000c2600000| Untracked 
|   9|0x00000000c2700000, 0x00000000c2800000, 0x00000000c2800000|100%| O|  |TAMS 0x00000000c2800000, 0x00000000c2700000| Untracked 
|  10|0x00000000c2800000, 0x00000000c2900000, 0x00000000c2900000|100%| O|  |TAMS 0x00000000c2900000, 0x00000000c2800000| Untracked 
|  11|0x00000000c2900000, 0x00000000c2a00000, 0x00000000c2a00000|100%| O|  |TAMS 0x00000000c2a00000, 0x00000000c2900000| Untracked 
|  12|0x00000000c2a00000, 0x00000000c2b00000, 0x00000000c2b00000|100%| O|  |TAMS 0x00000000c2b00000, 0x00000000c2a00000| Untracked 
|  13|0x00000000c2b00000, 0x00000000c2c00000, 0x00000000c2c00000|100%| O|  |TAMS 0x00000000c2c00000, 0x00000000c2b00000| Untracked 
|  14|0x00000000c2c00000, 0x00000000c2d00000, 0x00000000c2d00000|100%| O|  |TAMS 0x00000000c2d00000, 0x00000000c2c00000| Untracked 
|  15|0x00000000c2d00000, 0x00000000c2e00000, 0x00000000c2e00000|100%| O|  |TAMS 0x00000000c2e00000, 0x00000000c2d00000| Untracked 
|  16|0x00000000c2e00000, 0x00000000c2f00000, 0x00000000c2f00000|100%| O|  |TAMS 0x00000000c2f00000, 0x00000000c2e00000| Untracked 
|  17|0x00000000c2f00000, 0x00000000c3000000, 0x00000000c3000000|100%| O|  |TAMS 0x00000000c3000000, 0x00000000c2f00000| Untracked 
|  18|0x00000000c3000000, 0x00000000c3100000, 0x00000000c3100000|100%| O|  |TAMS 0x00000000c3100000, 0x00000000c3000000| Untracked 
|  19|0x00000000c3100000, 0x00000000c3200000, 0x00000000c3200000|100%| O|  |TAMS 0x00000000c3200000, 0x00000000c3100000| Untracked 
|  20|0x00000000c3200000, 0x00000000c3300000, 0x00000000c3300000|100%| O|  |TAMS 0x00000000c3300000, 0x00000000c3200000| Untracked 
|  21|0x00000000c3300000, 0x00000000c3400000, 0x00000000c3400000|100%| O|  |TAMS 0x00000000c3400000, 0x00000000c3300000| Untracked 
|  22|0x00000000c3400000, 0x00000000c3500000, 0x00000000c3500000|100%| O|  |TAMS 0x00000000c3500000, 0x00000000c3400000| Untracked 
|  23|0x00000000c3500000, 0x00000000c3600000, 0x00000000c3600000|100%| O|  |TAMS 0x00000000c3600000, 0x00000000c3500000| Untracked 
|  24|0x00000000c3600000, 0x00000000c3700000, 0x00000000c3700000|100%| O|  |TAMS 0x00000000c3700000, 0x00000000c3600000| Untracked 
|  25|0x00000000c3700000, 0x00000000c3800000, 0x00000000c3800000|100%| O|  |TAMS 0x00000000c3800000, 0x00000000c3700000| Untracked 
|  26|0x00000000c3800000, 0x00000000c3900000, 0x00000000c3900000|100%| O|  |TAMS 0x00000000c3900000, 0x00000000c3800000| Untracked 
|  27|0x00000000c3900000, 0x00000000c3a00000, 0x00000000c3a00000|100%| O|  |TAMS 0x00000000c3a00000, 0x00000000c3900000| Untracked 
|  28|0x00000000c3a00000, 0x00000000c3b00000, 0x00000000c3b00000|100%| O|  |TAMS 0x00000000c3b00000, 0x00000000c3a00000| Untracked 
|  29|0x00000000c3b00000, 0x00000000c3c00000, 0x00000000c3c00000|100%| O|  |TAMS 0x00000000c3c00000, 0x00000000c3b00000| Untracked 
|  30|0x00000000c3c00000, 0x00000000c3d00000, 0x00000000c3d00000|100%| O|  |TAMS 0x00000000c3d00000, 0x00000000c3c00000| Untracked 
|  31|0x00000000c3d00000, 0x00000000c3e00000, 0x00000000c3e00000|100%| O|  |TAMS 0x00000000c3e00000, 0x00000000c3d00000| Untracked 
|  32|0x00000000c3e00000, 0x00000000c3f00000, 0x00000000c3f00000|100%| O|  |TAMS 0x00000000c3f00000, 0x00000000c3e00000| Untracked 
|  33|0x00000000c3f00000, 0x00000000c4000000, 0x00000000c4000000|100%| O|  |TAMS 0x00000000c4000000, 0x00000000c3f00000| Untracked 
|  34|0x00000000c4000000, 0x00000000c4100000, 0x00000000c4100000|100%| O|  |TAMS 0x00000000c4100000, 0x00000000c4000000| Untracked 
|  35|0x00000000c4100000, 0x00000000c4200000, 0x00000000c4200000|100%| O|  |TAMS 0x00000000c4175e00, 0x00000000c4100000| Untracked 
|  36|0x00000000c4200000, 0x00000000c4300000, 0x00000000c4300000|100%| O|  |TAMS 0x00000000c4200000, 0x00000000c4200000| Untracked 
|  37|0x00000000c4300000, 0x00000000c4400000, 0x00000000c4400000|100%| O|  |TAMS 0x00000000c4300000, 0x00000000c4300000| Untracked 
|  38|0x00000000c4400000, 0x00000000c4500000, 0x00000000c4500000|100%| O|  |TAMS 0x00000000c4400000, 0x00000000c4400000| Untracked 
|  39|0x00000000c4500000, 0x00000000c4600000, 0x00000000c4600000|100%| O|  |TAMS 0x00000000c4500000, 0x00000000c4500000| Untracked 
|  40|0x00000000c4600000, 0x00000000c4700000, 0x00000000c4700000|100%| O|  |TAMS 0x00000000c4600000, 0x00000000c4600000| Untracked 
|  41|0x00000000c4700000, 0x00000000c4800000, 0x00000000c4800000|100%| O|  |TAMS 0x00000000c4700000, 0x00000000c4700000| Untracked 
|  42|0x00000000c4800000, 0x00000000c4900000, 0x00000000c4900000|100%| O|  |TAMS 0x00000000c4800000, 0x00000000c4800000| Untracked 
|  43|0x00000000c4900000, 0x00000000c4a00000, 0x00000000c4a00000|100%| O|  |TAMS 0x00000000c4900000, 0x00000000c4900000| Untracked 
|  44|0x00000000c4a00000, 0x00000000c4b00000, 0x00000000c4b00000|100%| O|  |TAMS 0x00000000c4a00000, 0x00000000c4a00000| Untracked 
|  45|0x00000000c4b00000, 0x00000000c4c00000, 0x00000000c4c00000|100%| O|  |TAMS 0x00000000c4b00000, 0x00000000c4b00000| Untracked 
|  46|0x00000000c4c00000, 0x00000000c4d00000, 0x00000000c4d00000|100%| O|  |TAMS 0x00000000c4c00000, 0x00000000c4c00000| Untracked 
|  47|0x00000000c4d00000, 0x00000000c4e00000, 0x00000000c4e00000|100%| O|  |TAMS 0x00000000c4d00000, 0x00000000c4d00000| Untracked 
|  48|0x00000000c4e00000, 0x00000000c4f00000, 0x00000000c4f00000|100%| O|  |TAMS 0x00000000c4e00000, 0x00000000c4e00000| Untracked 
|  49|0x00000000c4f00000, 0x00000000c5000000, 0x00000000c5000000|100%| O|  |TAMS 0x00000000c4f00000, 0x00000000c4f00000| Untracked 
|  50|0x00000000c5000000, 0x00000000c5100000, 0x00000000c5100000|100%| O|  |TAMS 0x00000000c5000000, 0x00000000c5000000| Untracked 
|  51|0x00000000c5100000, 0x00000000c5200000, 0x00000000c5200000|100%| O|  |TAMS 0x00000000c5100000, 0x00000000c5100000| Untracked 
|  52|0x00000000c5200000, 0x00000000c5300000, 0x00000000c5300000|100%| O|  |TAMS 0x00000000c5200000, 0x00000000c5200000| Untracked 
|  53|0x00000000c5300000, 0x00000000c53ae400, 0x00000000c5400000| 68%| O|  |TAMS 0x00000000c5300000, 0x00000000c5300000| Untracked 
|  54|0x00000000c5400000, 0x00000000c5400000, 0x00000000c5500000|  0%| F|  |TAMS 0x00000000c5400000, 0x00000000c5400000| Untracked 
|  55|0x00000000c5500000, 0x00000000c5500000, 0x00000000c5600000|  0%| F|  |TAMS 0x00000000c5500000, 0x00000000c5500000| Untracked 
|  56|0x00000000c5600000, 0x00000000c5600000, 0x00000000c5700000|  0%| F|  |TAMS 0x00000000c5600000, 0x00000000c5600000| Untracked 
|  57|0x00000000c5700000, 0x00000000c5700000, 0x00000000c5800000|  0%| F|  |TAMS 0x00000000c5700000, 0x00000000c5700000| Untracked 
|  58|0x00000000c5800000, 0x00000000c5800000, 0x00000000c5900000|  0%| F|  |TAMS 0x00000000c5800000, 0x00000000c5800000| Untracked 
|  59|0x00000000c5900000, 0x00000000c5900000, 0x00000000c5a00000|  0%| F|  |TAMS 0x00000000c5900000, 0x00000000c5900000| Untracked 
|  60|0x00000000c5a00000, 0x00000000c5a00000, 0x00000000c5b00000|  0%| F|  |TAMS 0x00000000c5a00000, 0x00000000c5a00000| Untracked 
|  61|0x00000000c5b00000, 0x00000000c5b00000, 0x00000000c5c00000|  0%| F|  |TAMS 0x00000000c5b00000, 0x00000000c5b00000| Untracked 
|  62|0x00000000c5c00000, 0x00000000c5c00000, 0x00000000c5d00000|  0%| F|  |TAMS 0x00000000c5c00000, 0x00000000c5c00000| Untracked 
|  63|0x00000000c5d00000, 0x00000000c5d00000, 0x00000000c5e00000|  0%| F|  |TAMS 0x00000000c5d00000, 0x00000000c5d00000| Untracked 
|  64|0x00000000c5e00000, 0x00000000c5e00000, 0x00000000c5f00000|  0%| F|  |TAMS 0x00000000c5e00000, 0x00000000c5e00000| Untracked 
|  65|0x00000000c5f00000, 0x00000000c5f00000, 0x00000000c6000000|  0%| F|  |TAMS 0x00000000c5f00000, 0x00000000c5f00000| Untracked 
|  66|0x00000000c6000000, 0x00000000c6000000, 0x00000000c6100000|  0%| F|  |TAMS 0x00000000c6000000, 0x00000000c6000000| Untracked 
|  67|0x00000000c6100000, 0x00000000c6100000, 0x00000000c6200000|  0%| F|  |TAMS 0x00000000c6100000, 0x00000000c6100000| Untracked 
|  68|0x00000000c6200000, 0x00000000c6200000, 0x00000000c6300000|  0%| F|  |TAMS 0x00000000c6200000, 0x00000000c6200000| Untracked 
|  69|0x00000000c6300000, 0x00000000c6300000, 0x00000000c6400000|  0%| F|  |TAMS 0x00000000c6300000, 0x00000000c6300000| Untracked 
|  70|0x00000000c6400000, 0x00000000c6400000, 0x00000000c6500000|  0%| F|  |TAMS 0x00000000c6400000, 0x00000000c6400000| Untracked 
|  71|0x00000000c6500000, 0x00000000c6500000, 0x00000000c6600000|  0%| F|  |TAMS 0x00000000c6500000, 0x00000000c6500000| Untracked 
|  72|0x00000000c6600000, 0x00000000c666bc20, 0x00000000c6700000| 42%| S|CS|TAMS 0x00000000c6600000, 0x00000000c6600000| Complete 
|  73|0x00000000c6700000, 0x00000000c6700000, 0x00000000c6800000|  0%| F|  |TAMS 0x00000000c6700000, 0x00000000c6700000| Untracked 
|  74|0x00000000c6800000, 0x00000000c6800000, 0x00000000c6900000|  0%| F|  |TAMS 0x00000000c6800000, 0x00000000c6800000| Untracked 
|  75|0x00000000c6900000, 0x00000000c6954818, 0x00000000c6a00000| 33%| E|  |TAMS 0x00000000c6900000, 0x00000000c6900000| Complete 
|  76|0x00000000c6a00000, 0x00000000c6b00000, 0x00000000c6b00000|100%| E|CS|TAMS 0x00000000c6a00000, 0x00000000c6a00000| Complete 
|  77|0x00000000c6b00000, 0x00000000c6c00000, 0x00000000c6c00000|100%| E|CS|TAMS 0x00000000c6b00000, 0x00000000c6b00000| Complete 
|  78|0x00000000c6c00000, 0x00000000c6d00000, 0x00000000c6d00000|100%| E|CS|TAMS 0x00000000c6c00000, 0x00000000c6c00000| Complete 
|  79|0x00000000c6d00000, 0x00000000c6e00000, 0x00000000c6e00000|100%| E|CS|TAMS 0x00000000c6d00000, 0x00000000c6d00000| Complete 
|  80|0x00000000c6e00000, 0x00000000c6f00000, 0x00000000c6f00000|100%| E|CS|TAMS 0x00000000c6e00000, 0x00000000c6e00000| Complete 
|  81|0x00000000c6f00000, 0x00000000c7000000, 0x00000000c7000000|100%| E|CS|TAMS 0x00000000c6f00000, 0x00000000c6f00000| Complete 
|  82|0x00000000c7000000, 0x00000000c7100000, 0x00000000c7100000|100%| E|CS|TAMS 0x00000000c7000000, 0x00000000c7000000| Complete 
|  83|0x00000000c7100000, 0x00000000c7200000, 0x00000000c7200000|100%| E|CS|TAMS 0x00000000c7100000, 0x00000000c7100000| Complete 
|  84|0x00000000c7200000, 0x00000000c7300000, 0x00000000c7300000|100%| E|CS|TAMS 0x00000000c7200000, 0x00000000c7200000| Complete 
|  85|0x00000000c7300000, 0x00000000c7400000, 0x00000000c7400000|100%| E|CS|TAMS 0x00000000c7300000, 0x00000000c7300000| Complete 
|  86|0x00000000c7400000, 0x00000000c7500000, 0x00000000c7500000|100%| E|CS|TAMS 0x00000000c7400000, 0x00000000c7400000| Complete 
|  87|0x00000000c7500000, 0x00000000c7600000, 0x00000000c7600000|100%| E|CS|TAMS 0x00000000c7500000, 0x00000000c7500000| Complete 
|  88|0x00000000c7600000, 0x00000000c7700000, 0x00000000c7700000|100%| E|CS|TAMS 0x00000000c7600000, 0x00000000c7600000| Complete 
|  89|0x00000000c7700000, 0x00000000c7800000, 0x00000000c7800000|100%| E|CS|TAMS 0x00000000c7700000, 0x00000000c7700000| Complete 
|  90|0x00000000c7800000, 0x00000000c7900000, 0x00000000c7900000|100%| E|CS|TAMS 0x00000000c7800000, 0x00000000c7800000| Complete 
|  91|0x00000000c7900000, 0x00000000c7a00000, 0x00000000c7a00000|100%| E|CS|TAMS 0x00000000c7900000, 0x00000000c7900000| Complete 
|  92|0x00000000c7a00000, 0x00000000c7b00000, 0x00000000c7b00000|100%| E|CS|TAMS 0x00000000c7a00000, 0x00000000c7a00000| Complete 
|  93|0x00000000c7b00000, 0x00000000c7c00000, 0x00000000c7c00000|100%| E|CS|TAMS 0x00000000c7b00000, 0x00000000c7b00000| Complete 
|  94|0x00000000c7c00000, 0x00000000c7d00000, 0x00000000c7d00000|100%| E|CS|TAMS 0x00000000c7c00000, 0x00000000c7c00000| Complete 
|  95|0x00000000c7d00000, 0x00000000c7e00000, 0x00000000c7e00000|100%| E|CS|TAMS 0x00000000c7d00000, 0x00000000c7d00000| Complete 
|  96|0x00000000c7e00000, 0x00000000c7f00000, 0x00000000c7f00000|100%| E|CS|TAMS 0x00000000c7e00000, 0x00000000c7e00000| Complete 
|  97|0x00000000c7f00000, 0x00000000c8000000, 0x00000000c8000000|100%| E|CS|TAMS 0x00000000c7f00000, 0x00000000c7f00000| Complete 
|  98|0x00000000c8000000, 0x00000000c8100000, 0x00000000c8100000|100%| E|CS|TAMS 0x00000000c8000000, 0x00000000c8000000| Complete 
|  99|0x00000000c8100000, 0x00000000c8200000, 0x00000000c8200000|100%| E|CS|TAMS 0x00000000c8100000, 0x00000000c8100000| Complete 
| 100|0x00000000c8200000, 0x00000000c8300000, 0x00000000c8300000|100%| E|CS|TAMS 0x00000000c8200000, 0x00000000c8200000| Complete 
| 101|0x00000000c8300000, 0x00000000c8400000, 0x00000000c8400000|100%| E|CS|TAMS 0x00000000c8300000, 0x00000000c8300000| Complete 
| 102|0x00000000c8400000, 0x00000000c8500000, 0x00000000c8500000|100%| E|CS|TAMS 0x00000000c8400000, 0x00000000c8400000| Complete 
| 103|0x00000000c8500000, 0x00000000c8600000, 0x00000000c8600000|100%| E|CS|TAMS 0x00000000c8500000, 0x00000000c8500000| Complete 
| 104|0x00000000c8600000, 0x00000000c8700000, 0x00000000c8700000|100%| E|CS|TAMS 0x00000000c8600000, 0x00000000c8600000| Complete 
| 105|0x00000000c8700000, 0x00000000c8800000, 0x00000000c8800000|100%| E|CS|TAMS 0x00000000c8700000, 0x00000000c8700000| Complete 
| 106|0x00000000c8800000, 0x00000000c8900000, 0x00000000c8900000|100%| E|CS|TAMS 0x00000000c8800000, 0x00000000c8800000| Complete 
| 107|0x00000000c8900000, 0x00000000c8a00000, 0x00000000c8a00000|100%| E|CS|TAMS 0x00000000c8900000, 0x00000000c8900000| Complete 
| 108|0x00000000c8a00000, 0x00000000c8b00000, 0x00000000c8b00000|100%| E|CS|TAMS 0x00000000c8a00000, 0x00000000c8a00000| Complete 
| 109|0x00000000c8b00000, 0x00000000c8c00000, 0x00000000c8c00000|100%| E|CS|TAMS 0x00000000c8b00000, 0x00000000c8b00000| Complete 
| 110|0x00000000c8c00000, 0x00000000c8d00000, 0x00000000c8d00000|100%| E|CS|TAMS 0x00000000c8c00000, 0x00000000c8c00000| Complete 
| 111|0x00000000c8d00000, 0x00000000c8e00000, 0x00000000c8e00000|100%| E|CS|TAMS 0x00000000c8d00000, 0x00000000c8d00000| Complete 
| 112|0x00000000c8e00000, 0x00000000c8f00000, 0x00000000c8f00000|100%| E|CS|TAMS 0x00000000c8e00000, 0x00000000c8e00000| Complete 
| 113|0x00000000c8f00000, 0x00000000c9000000, 0x00000000c9000000|100%| E|CS|TAMS 0x00000000c8f00000, 0x00000000c8f00000| Complete 
| 114|0x00000000c9000000, 0x00000000c9100000, 0x00000000c9100000|100%| E|CS|TAMS 0x00000000c9000000, 0x00000000c9000000| Complete 
| 115|0x00000000c9100000, 0x00000000c9200000, 0x00000000c9200000|100%| E|CS|TAMS 0x00000000c9100000, 0x00000000c9100000| Complete 
| 116|0x00000000c9200000, 0x00000000c9300000, 0x00000000c9300000|100%| E|CS|TAMS 0x00000000c9200000, 0x00000000c9200000| Complete 
| 117|0x00000000c9300000, 0x00000000c9400000, 0x00000000c9400000|100%| E|CS|TAMS 0x00000000c9300000, 0x00000000c9300000| Complete 
| 118|0x00000000c9400000, 0x00000000c9500000, 0x00000000c9500000|100%| E|CS|TAMS 0x00000000c9400000, 0x00000000c9400000| Complete 
| 119|0x00000000c9500000, 0x00000000c9600000, 0x00000000c9600000|100%| E|CS|TAMS 0x00000000c9500000, 0x00000000c9500000| Complete 
| 120|0x00000000c9600000, 0x00000000c9700000, 0x00000000c9700000|100%| E|CS|TAMS 0x00000000c9600000, 0x00000000c9600000| Complete 
| 121|0x00000000c9700000, 0x00000000c9800000, 0x00000000c9800000|100%| E|CS|TAMS 0x00000000c9700000, 0x00000000c9700000| Complete 
| 122|0x00000000c9800000, 0x00000000c9900000, 0x00000000c9900000|100%| E|CS|TAMS 0x00000000c9800000, 0x00000000c9800000| Complete 
| 123|0x00000000c9900000, 0x00000000c9a00000, 0x00000000c9a00000|100%| E|CS|TAMS 0x00000000c9900000, 0x00000000c9900000| Complete 
| 124|0x00000000c9a00000, 0x00000000c9b00000, 0x00000000c9b00000|100%| E|CS|TAMS 0x00000000c9a00000, 0x00000000c9a00000| Complete 
| 125|0x00000000c9b00000, 0x00000000c9c00000, 0x00000000c9c00000|100%| E|CS|TAMS 0x00000000c9b00000, 0x00000000c9b00000| Complete 
| 126|0x00000000c9c00000, 0x00000000c9d00000, 0x00000000c9d00000|100%| E|CS|TAMS 0x00000000c9c00000, 0x00000000c9c00000| Complete 
| 127|0x00000000c9d00000, 0x00000000c9e00000, 0x00000000c9e00000|100%| E|CS|TAMS 0x00000000c9d00000, 0x00000000c9d00000| Complete 
| 128|0x00000000c9e00000, 0x00000000c9f00000, 0x00000000c9f00000|100%| E|CS|TAMS 0x00000000c9e00000, 0x00000000c9e00000| Complete 
| 129|0x00000000c9f00000, 0x00000000ca000000, 0x00000000ca000000|100%| E|CS|TAMS 0x00000000c9f00000, 0x00000000c9f00000| Complete 
| 130|0x00000000ca000000, 0x00000000ca100000, 0x00000000ca100000|100%| E|CS|TAMS 0x00000000ca000000, 0x00000000ca000000| Complete 
| 131|0x00000000ca100000, 0x00000000ca200000, 0x00000000ca200000|100%| E|CS|TAMS 0x00000000ca100000, 0x00000000ca100000| Complete 
| 132|0x00000000ca200000, 0x00000000ca300000, 0x00000000ca300000|100%| E|CS|TAMS 0x00000000ca200000, 0x00000000ca200000| Complete 
| 133|0x00000000ca300000, 0x00000000ca400000, 0x00000000ca400000|100%| E|CS|TAMS 0x00000000ca300000, 0x00000000ca300000| Complete 
| 134|0x00000000ca400000, 0x00000000ca500000, 0x00000000ca500000|100%| E|CS|TAMS 0x00000000ca400000, 0x00000000ca400000| Complete 
| 135|0x00000000ca500000, 0x00000000ca600000, 0x00000000ca600000|100%| E|CS|TAMS 0x00000000ca500000, 0x00000000ca500000| Complete 
| 136|0x00000000ca600000, 0x00000000ca700000, 0x00000000ca700000|100%| E|CS|TAMS 0x00000000ca600000, 0x00000000ca600000| Complete 
| 137|0x00000000ca700000, 0x00000000ca800000, 0x00000000ca800000|100%| E|CS|TAMS 0x00000000ca700000, 0x00000000ca700000| Complete 
| 138|0x00000000ca800000, 0x00000000ca900000, 0x00000000ca900000|100%| E|CS|TAMS 0x00000000ca800000, 0x00000000ca800000| Complete 
| 139|0x00000000ca900000, 0x00000000caa00000, 0x00000000caa00000|100%| E|CS|TAMS 0x00000000ca900000, 0x00000000ca900000| Complete 
| 140|0x00000000caa00000, 0x00000000cab00000, 0x00000000cab00000|100%| E|CS|TAMS 0x00000000caa00000, 0x00000000caa00000| Complete 
| 141|0x00000000cab00000, 0x00000000cac00000, 0x00000000cac00000|100%| E|CS|TAMS 0x00000000cab00000, 0x00000000cab00000| Complete 
| 142|0x00000000cac00000, 0x00000000cad00000, 0x00000000cad00000|100%| E|CS|TAMS 0x00000000cac00000, 0x00000000cac00000| Complete 
| 143|0x00000000cad00000, 0x00000000cae00000, 0x00000000cae00000|100%| E|CS|TAMS 0x00000000cad00000, 0x00000000cad00000| Complete 
| 144|0x00000000cae00000, 0x00000000caf00000, 0x00000000caf00000|100%| E|CS|TAMS 0x00000000cae00000, 0x00000000cae00000| Complete 
| 145|0x00000000caf00000, 0x00000000cb000000, 0x00000000cb000000|100%| E|CS|TAMS 0x00000000caf00000, 0x00000000caf00000| Complete 
| 146|0x00000000cb000000, 0x00000000cb100000, 0x00000000cb100000|100%| E|CS|TAMS 0x00000000cb000000, 0x00000000cb000000| Complete 
| 147|0x00000000cb100000, 0x00000000cb200000, 0x00000000cb200000|100%| E|CS|TAMS 0x00000000cb100000, 0x00000000cb100000| Complete 
| 148|0x00000000cb200000, 0x00000000cb300000, 0x00000000cb300000|100%| E|CS|TAMS 0x00000000cb200000, 0x00000000cb200000| Complete 
| 149|0x00000000cb300000, 0x00000000cb400000, 0x00000000cb400000|100%| E|CS|TAMS 0x00000000cb300000, 0x00000000cb300000| Complete 
| 150|0x00000000cb400000, 0x00000000cb500000, 0x00000000cb500000|100%| E|CS|TAMS 0x00000000cb400000, 0x00000000cb400000| Complete 
| 151|0x00000000cb500000, 0x00000000cb600000, 0x00000000cb600000|100%| E|CS|TAMS 0x00000000cb500000, 0x00000000cb500000| Complete 
| 152|0x00000000cb600000, 0x00000000cb700000, 0x00000000cb700000|100%| E|CS|TAMS 0x00000000cb600000, 0x00000000cb600000| Complete 
| 153|0x00000000cb700000, 0x00000000cb800000, 0x00000000cb800000|100%| E|CS|TAMS 0x00000000cb700000, 0x00000000cb700000| Complete 

Card table byte_map: [0x0000021d64f70000,0x0000021d65170000] _byte_map_base: 0x0000021d64961000

Marking Bits (Prev, Next): (CMBitMap*) 0x0000021d4c717c10, (CMBitMap*) 0x0000021d4c717bd0
 Prev Bits: [0x0000021d66300000, 0x0000021d67288000)
 Next Bits: [0x0000021d65370000, 0x0000021d662f8000)

Polling page: 0x0000021d4c560000

Metaspace:

Usage:
  Non-class:     75.35 MB used.
      Class:     11.27 MB used.
       Both:     86.62 MB used.

Virtual space:
  Non-class space:      128.00 MB reserved,      75.69 MB ( 59%) committed,  2 nodes.
      Class space:        1.00 GB reserved,      11.62 MB (  1%) committed,  1 nodes.
             Both:        1.12 GB reserved,      87.31 MB (  8%) committed. 

Chunk freelists:
   Non-Class:  3.57 MB
       Class:  4.21 MB
        Both:  7.78 MB

MaxMetaspaceSize: unlimited
CompressedClassSpaceSize: 1.00 GB
Initial GC threshold: 21.00 MB
Current GC threshold: 115.31 MB
CDS: on
MetaspaceReclaimPolicy: balanced
 - commit_granule_bytes: 65536.
 - commit_granule_words: 8192.
 - virtual_space_node_default_size: 8388608.
 - enlarge_chunks_in_place: 1.
 - new_chunks_are_fully_committed: 0.
 - uncommit_free_chunks: 1.
 - use_allocation_guard: 0.
 - handle_deallocations: 1.


Internal statistics:

num_allocs_failed_limit: 12.
num_arena_births: 1194.
num_arena_deaths: 0.
num_vsnodes_births: 3.
num_vsnodes_deaths: 0.
num_space_committed: 1397.
num_space_uncommitted: 0.
num_chunks_returned_to_freelist: 12.
num_chunks_taken_from_freelist: 4706.
num_chunk_merges: 9.
num_chunk_splits: 3285.
num_chunks_enlarged: 2431.
num_inconsistent_stats: 0.

CodeHeap 'non-profiled nmethods': size=120000Kb used=12266Kb max_used=12266Kb free=107733Kb
 bounds [0x0000021d5d220000, 0x0000021d5de20000, 0x0000021d64750000]
CodeHeap 'profiled nmethods': size=120000Kb used=21572Kb max_used=26681Kb free=98428Kb
 bounds [0x0000021d55750000, 0x0000021d571a0000, 0x0000021d5cc80000]
CodeHeap 'non-nmethods': size=5760Kb used=1360Kb max_used=1453Kb free=4399Kb
 bounds [0x0000021d5cc80000, 0x0000021d5cef0000, 0x0000021d5d220000]
 total_blobs=13843 nmethods=13145 adapters=609
 compilation: enabled
              stopped_count=0, restarted_count=0
 full_count=0

Compilation events (20 events):
Event: 307.232 Thread 0x0000021d69875ed0 nmethod 17299 0x0000021d5de16110 code [0x0000021d5de162a0, 0x0000021d5de16538]
Event: 307.232 Thread 0x0000021d69875ed0 17300       4       org.apache.coyote.AbstractProtocol$ConnectionHandler::release (70 bytes)
Event: 307.277 Thread 0x0000021d69875ed0 nmethod 17300 0x0000021d5de16710 code [0x0000021d5de16920, 0x0000021d5de17918]
Event: 307.298 Thread 0x0000021d69875ed0 17301       4       org.hibernate.sql.results.graph.entity.internal.EntityResultImpl::createInitializer (11 bytes)
Event: 307.336 Thread 0x0000021d69875ed0 nmethod 17301 0x0000021d5de18390 code [0x0000021d5de18540, 0x0000021d5de188a8]
Event: 309.477 Thread 0x0000021d6987a410 17302   !   3       java.util.concurrent.ScheduledThreadPoolExecutor$DelayedWorkQueue::take (203 bytes)
Event: 309.497 Thread 0x0000021d6987a410 nmethod 17302 0x0000021d56c78590 code [0x0000021d56c78920, 0x0000021d56c7a1a8]
Event: 310.472 Thread 0x0000021d6987a410 17303       3       com.mysql.cj.NativeSession::ping (134 bytes)
Event: 310.496 Thread 0x0000021d6987a410 nmethod 17303 0x0000021d56a76010 code [0x0000021d56a762a0, 0x0000021d56a77278]
Event: 310.559 Thread 0x0000021d69875ed0 17304       4       org.hibernate.sql.ast.tree.from.AbstractTableGroup::<init> (38 bytes)
Event: 310.565 Thread 0x0000021d69875ed0 nmethod 17304 0x0000021d5de18d10 code [0x0000021d5de18e80, 0x0000021d5de193b8]
Event: 310.566 Thread 0x0000021d69875ed0 17305       4       org.hibernate.internal.SessionImpl::applyLockOptionsHint (59 bytes)
Event: 310.590 Thread 0x0000021d69875ed0 nmethod 17305 0x0000021d5de19410 code [0x0000021d5de195c0, 0x0000021d5de19848]
Event: 310.612 Thread 0x0000021d69875ed0 17306       4       org.apache.tomcat.util.threads.ThreadPoolExecutor$Worker::unlock (7 bytes)
Event: 310.615 Thread 0x0000021d69875ed0 nmethod 17306 0x0000021d5de19c90 code [0x0000021d5de19e20, 0x0000021d5de19fa8]
Event: 310.633 Thread 0x0000021d69875ed0 17307       4       sun.nio.ch.SocketChannelImpl::translateAndSetReadyOps (8 bytes)
Event: 310.645 Thread 0x0000021d69875ed0 nmethod 17307 0x0000021d5de1a110 code [0x0000021d5de1a2a0, 0x0000021d5de1a478]
Event: 310.645 Thread 0x0000021d69875ed0 17308       4       java.util.HashMap$HashIterator::remove (75 bytes)
Event: 310.649 Thread 0x0000021d69875ed0 nmethod 17308 0x0000021d5de1a610 code [0x0000021d5de1a7a0, 0x0000021d5de1a928]
Event: 310.651 Thread 0x0000021d69875ed0 17309       4       org.hibernate.persister.entity.AbstractEntityPersister::createDomainResult (25 bytes)

GC Heap History (20 events):
Event: 154.977 GC heap before
{Heap before GC invocations=30 (full 0):
 garbage-first heap   total 157696K, used 130517K [0x00000000c1e00000, 0x0000000100000000)
  region size 1024K, 77 young (78848K), 4 survivors (4096K)
 Metaspace       used 88621K, committed 89344K, reserved 1179648K
  class space    used 11538K, committed 11904K, reserved 1048576K
}
Event: 155.002 GC heap after
{Heap after GC invocations=31 (full 0):
 garbage-first heap   total 157696K, used 55604K [0x00000000c1e00000, 0x0000000100000000)
  region size 1024K, 4 young (4096K), 4 survivors (4096K)
 Metaspace       used 88621K, committed 89344K, reserved 1179648K
  class space    used 11538K, committed 11904K, reserved 1048576K
}
Event: 170.252 GC heap before
{Heap before GC invocations=31 (full 0):
 garbage-first heap   total 157696K, used 132404K [0x00000000c1e00000, 0x0000000100000000)
  region size 1024K, 79 young (80896K), 4 survivors (4096K)
 Metaspace       used 88643K, committed 89344K, reserved 1179648K
  class space    used 11538K, committed 11904K, reserved 1048576K
}
Event: 170.393 GC heap after
{Heap after GC invocations=32 (full 0):
 garbage-first heap   total 157696K, used 55441K [0x00000000c1e00000, 0x0000000100000000)
  region size 1024K, 4 young (4096K), 4 survivors (4096K)
 Metaspace       used 88643K, committed 89344K, reserved 1179648K
  class space    used 11538K, committed 11904K, reserved 1048576K
}
Event: 188.598 GC heap before
{Heap before GC invocations=32 (full 0):
 garbage-first heap   total 157696K, used 133265K [0x00000000c1e00000, 0x0000000100000000)
  region size 1024K, 80 young (81920K), 4 survivors (4096K)
 Metaspace       used 88650K, committed 89344K, reserved 1179648K
  class space    used 11538K, committed 11904K, reserved 1048576K
}
Event: 188.812 GC heap after
{Heap after GC invocations=33 (full 0):
 garbage-first heap   total 157696K, used 55765K [0x00000000c1e00000, 0x0000000100000000)
  region size 1024K, 4 young (4096K), 4 survivors (4096K)
 Metaspace       used 88650K, committed 89344K, reserved 1179648K
  class space    used 11538K, committed 11904K, reserved 1048576K
}
Event: 201.674 GC heap before
{Heap before GC invocations=33 (full 0):
 garbage-first heap   total 157696K, used 135637K [0x00000000c1e00000, 0x0000000100000000)
  region size 1024K, 82 young (83968K), 4 survivors (4096K)
 Metaspace       used 88665K, committed 89344K, reserved 1179648K
  class space    used 11539K, committed 11904K, reserved 1048576K
}
Event: 202.047 GC heap after
{Heap after GC invocations=34 (full 0):
 garbage-first heap   total 157696K, used 55441K [0x00000000c1e00000, 0x0000000100000000)
  region size 1024K, 4 young (4096K), 4 survivors (4096K)
 Metaspace       used 88665K, committed 89344K, reserved 1179648K
  class space    used 11539K, committed 11904K, reserved 1048576K
}
Event: 208.328 GC heap before
{Heap before GC invocations=34 (full 0):
 garbage-first heap   total 157696K, used 136337K [0x00000000c1e00000, 0x0000000100000000)
  region size 1024K, 83 young (84992K), 4 survivors (4096K)
 Metaspace       used 88669K, committed 89344K, reserved 1179648K
  class space    used 11539K, committed 11904K, reserved 1048576K
}
Event: 208.382 GC heap after
{Heap after GC invocations=35 (full 0):
 garbage-first heap   total 157696K, used 55765K [0x00000000c1e00000, 0x0000000100000000)
  region size 1024K, 4 young (4096K), 4 survivors (4096K)
 Metaspace       used 88669K, committed 89344K, reserved 1179648K
  class space    used 11539K, committed 11904K, reserved 1048576K
}
Event: 216.745 GC heap before
{Heap before GC invocations=35 (full 0):
 garbage-first heap   total 157696K, used 136661K [0x00000000c1e00000, 0x0000000100000000)
  region size 1024K, 83 young (84992K), 4 survivors (4096K)
 Metaspace       used 88682K, committed 89408K, reserved 1179648K
  class space    used 11539K, committed 11904K, reserved 1048576K
}
Event: 216.752 GC heap after
{Heap after GC invocations=36 (full 0):
 garbage-first heap   total 157696K, used 55623K [0x00000000c1e00000, 0x0000000100000000)
  region size 1024K, 4 young (4096K), 4 survivors (4096K)
 Metaspace       used 88682K, committed 89408K, reserved 1179648K
  class space    used 11539K, committed 11904K, reserved 1048576K
}
Event: 224.669 GC heap before
{Heap before GC invocations=36 (full 0):
 garbage-first heap   total 157696K, used 136519K [0x00000000c1e00000, 0x0000000100000000)
  region size 1024K, 83 young (84992K), 4 survivors (4096K)
 Metaspace       used 88682K, committed 89408K, reserved 1179648K
  class space    used 11539K, committed 11904K, reserved 1048576K
}
Event: 225.029 GC heap after
{Heap after GC invocations=37 (full 0):
 garbage-first heap   total 157696K, used 55601K [0x00000000c1e00000, 0x0000000100000000)
  region size 1024K, 4 young (4096K), 4 survivors (4096K)
 Metaspace       used 88682K, committed 89408K, reserved 1179648K
  class space    used 11539K, committed 11904K, reserved 1048576K
}
Event: 294.005 GC heap before
{Heap before GC invocations=37 (full 0):
 garbage-first heap   total 157696K, used 136497K [0x00000000c1e00000, 0x0000000100000000)
  region size 1024K, 83 young (84992K), 4 survivors (4096K)
 Metaspace       used 88693K, committed 89408K, reserved 1179648K
  class space    used 11539K, committed 11904K, reserved 1048576K
}
Event: 294.971 GC heap after
{Heap after GC invocations=38 (full 0):
 garbage-first heap   total 157696K, used 55432K [0x00000000c1e00000, 0x0000000100000000)
  region size 1024K, 4 young (4096K), 4 survivors (4096K)
 Metaspace       used 88693K, committed 89408K, reserved 1179648K
  class space    used 11539K, committed 11904K, reserved 1048576K
}
Event: 295.256 GC heap before
{Heap before GC invocations=38 (full 0):
 garbage-first heap   total 157696K, used 58504K [0x00000000c1e00000, 0x0000000100000000)
  region size 1024K, 7 young (7168K), 4 survivors (4096K)
 Metaspace       used 88693K, committed 89408K, reserved 1179648K
  class space    used 11539K, committed 11904K, reserved 1048576K
}
Event: 295.328 GC heap after
{Heap after GC invocations=39 (full 0):
 garbage-first heap   total 157696K, used 55840K [0x00000000c1e00000, 0x0000000100000000)
  region size 1024K, 1 young (1024K), 1 survivors (1024K)
 Metaspace       used 88693K, committed 89408K, reserved 1179648K
  class space    used 11539K, committed 11904K, reserved 1048576K
}
Event: 304.684 GC heap before
{Heap before GC invocations=39 (full 0):
 garbage-first heap   total 157696K, used 137760K [0x00000000c1e00000, 0x0000000100000000)
  region size 1024K, 81 young (82944K), 1 survivors (1024K)
 Metaspace       used 88695K, committed 89408K, reserved 1179648K
  class space    used 11539K, committed 11904K, reserved 1048576K
}
Event: 304.712 GC heap after
{Heap after GC invocations=40 (full 0):
 garbage-first heap   total 157696K, used 55400K [0x00000000c1e00000, 0x0000000100000000)
  region size 1024K, 1 young (1024K), 1 survivors (1024K)
 Metaspace       used 88695K, committed 89408K, reserved 1179648K
  class space    used 11539K, committed 11904K, reserved 1048576K
}

Deoptimization events (20 events):
Event: 249.736 Thread 0x0000021d7251d070 DEOPT PACKING pc=0x0000021d5dd53b8c sp=0x000000b0584ff200
Event: 249.736 Thread 0x0000021d7251f3e0 Uncommon trap: reason=unstable_if action=reinterpret pc=0x0000021d5dd53b8c method=org.apache.coyote.RequestInfo.updateCounters()V @ 110 c2
Event: 249.736 Thread 0x0000021d7251f3e0 DEOPT PACKING pc=0x0000021d5dd53b8c sp=0x000000b0586fef50
Event: 249.736 Thread 0x0000021d72520310 Uncommon trap: reason=unstable_if action=reinterpret pc=0x0000021d5dd53b8c method=org.apache.coyote.RequestInfo.updateCounters()V @ 110 c2
Event: 249.736 Thread 0x0000021d72520310 DEOPT PACKING pc=0x0000021d5dd53b8c sp=0x000000b057ffef10
Event: 249.736 Thread 0x0000021d7251e9c0 Uncommon trap: reason=unstable_if action=reinterpret pc=0x0000021d5dd53b8c method=org.apache.coyote.RequestInfo.updateCounters()V @ 110 c2
Event: 249.736 Thread 0x0000021d7251e9c0 DEOPT PACKING pc=0x0000021d5dd53b8c sp=0x000000b057cfed80
Event: 249.738 Thread 0x0000021d7251e9c0 DEOPT UNPACKING pc=0x0000021d5ccd23a3 sp=0x000000b057cfec50 mode 2
Event: 249.738 Thread 0x0000021d72520310 DEOPT UNPACKING pc=0x0000021d5ccd23a3 sp=0x000000b057ffede0 mode 2
Event: 249.738 Thread 0x0000021d7251f3e0 DEOPT UNPACKING pc=0x0000021d5ccd23a3 sp=0x000000b0586fee20 mode 2
Event: 249.738 Thread 0x0000021d7251d070 DEOPT UNPACKING pc=0x0000021d5ccd23a3 sp=0x000000b0584ff0d0 mode 2
Event: 249.738 Thread 0x0000021d7251dfa0 DEOPT UNPACKING pc=0x0000021d5ccd23a3 sp=0x000000b0580fec20 mode 2
Event: 249.738 Thread 0x0000021d7251da90 DEOPT PACKING pc=0x0000021d5dd53b8c sp=0x000000b0582feda0
Event: 249.740 Thread 0x0000021d7251da90 DEOPT UNPACKING pc=0x0000021d5ccd23a3 sp=0x000000b0582fec70 mode 2
Event: 282.122 Thread 0x0000021d7251dfa0 DEOPT PACKING pc=0x0000021d56aa59d0 sp=0x000000b0580fe8c0
Event: 282.144 Thread 0x0000021d7251dfa0 DEOPT UNPACKING pc=0x0000021d5ccd2b43 sp=0x000000b0580fdd38 mode 0
Event: 295.365 Thread 0x0000021d7251e9c0 Uncommon trap: trap_request=0xfffffff4 fr.pc=0x0000021d5dcd4488 relative=0x0000000000002028
Event: 295.380 Thread 0x0000021d7251e9c0 Uncommon trap: reason=null_check action=make_not_entrant pc=0x0000021d5dcd4488 method=com.fasterxml.jackson.databind.ser.std.DateTimeSerializerBase._serializeAsString(Ljava/util/Date;Lcom/fasterxml/jackson/core/JsonGenerator;Lcom/fasterxml/jackson/databin
Event: 295.381 Thread 0x0000021d7251e9c0 DEOPT PACKING pc=0x0000021d5dcd4488 sp=0x000000b057cfbc30
Event: 295.387 Thread 0x0000021d7251e9c0 DEOPT UNPACKING pc=0x0000021d5ccd23a3 sp=0x000000b057cfbb48 mode 2

Classes unloaded (0 events):
No events

Classes redefined (0 events):
No events

Internal exceptions (20 events):
Event: 14.001 Thread 0x0000021d4c6d9d20 Exception <a 'java/lang/NoSuchMethodError'{0x00000000c81d51b8}: 'java.lang.Object java.lang.invoke.DirectMethodHandle$Holder.invokeInterface(java.lang.Object, java.lang.Object, java.lang.Object, java.lang.Object)'> (0x00000000c81d51b8) 
thrown [s\open\src\hotspot\share\interpreter\linkResolver.cpp, line 759]
Event: 14.251 Thread 0x0000021d4c6d9d20 Exception <a 'java/lang/IncompatibleClassChangeError'{0x00000000c77bab40}: Found class java.lang.Object, but interface was expected> (0x00000000c77bab40) 
thrown [s\open\src\hotspot\share\interpreter\linkResolver.cpp, line 826]
Event: 14.266 Thread 0x0000021d4c6d9d20 Exception <a 'sun/nio/fs/WindowsException'{0x00000000c76ad388}> (0x00000000c76ad388) 
thrown [s\open\src\hotspot\share\prims\jni.cpp, line 516]
Event: 14.422 Thread 0x0000021d4c6d9d20 Exception <a 'java/lang/NoSuchMethodError'{0x00000000cb319ca8}: 'void java.lang.invoke.DirectMethodHandle$Holder.invokeVirtual(java.lang.Object, java.lang.Object, long)'> (0x00000000cb319ca8) 
thrown [s\open\src\hotspot\share\interpreter\linkResolver.cpp, line 759]
Event: 14.426 Thread 0x0000021d4c6d9d20 Exception <a 'java/lang/NoSuchMethodError'{0x00000000cb3781b8}: 'java.lang.Object java.lang.invoke.DirectMethodHandle$Holder.newInvokeSpecial(java.lang.Object, java.lang.Object, int, java.lang.Object, java.lang.Object)'> (0x00000000cb3781b8) 
thrown [s\open\src\hotspot\share\interpreter\linkResolver.cpp, line 759]
Event: 88.225 Thread 0x0000021d7251da90 Exception <a 'java/lang/NoSuchMethodError'{0x00000000cb1d29b0}: 'java.lang.Object java.lang.invoke.DirectMethodHandle$Holder.invokeSpecial(java.lang.Object, java.lang.Object, java.lang.Object, java.lang.Object, java.lang.Object, long)'> (0x00000000cb1d29b0) 
thrown [s\open\src\hotspot\share\interpreter\linkResolver.cpp, line 759]
Event: 88.232 Thread 0x0000021d7251da90 Exception <a 'java/lang/NoSuchMethodError'{0x00000000cb1d63f0}: 'java.lang.Object java.lang.invoke.Invokers$Holder.linkToTargetMethod(java.lang.Object, java.lang.Object, java.lang.Object, long, java.lang.Object)'> (0x00000000cb1d63f0) 
thrown [s\open\src\hotspot\share\interpreter\linkResolver.cpp, line 759]
Event: 91.192 Thread 0x0000021d7251dfa0 Exception <a 'java/lang/IncompatibleClassChangeError'{0x00000000ca7fd408}: Found class java.lang.Object, but interface was expected> (0x00000000ca7fd408) 
thrown [s\open\src\hotspot\share\interpreter\linkResolver.cpp, line 826]
Event: 91.192 Thread 0x0000021d7251da90 Exception <a 'java/lang/IncompatibleClassChangeError'{0x00000000ca2248b0}: Found class java.lang.Object, but interface was expected> (0x00000000ca2248b0) 
thrown [s\open\src\hotspot\share\interpreter\linkResolver.cpp, line 826]
Event: 91.395 Thread 0x0000021d7251e9c0 Exception <a 'java/lang/NoSuchMethodError'{0x00000000ca2ff2a0}: 'java.lang.Object java.lang.invoke.DirectMethodHandle$Holder.invokeInterface(java.lang.Object, java.lang.Object, int)'> (0x00000000ca2ff2a0) 
thrown [s\open\src\hotspot\share\interpreter\linkResolver.cpp, line 759]
Event: 91.582 Thread 0x0000021d7251d580 Exception <a 'java/lang/IncompatibleClassChangeError'{0x00000000c9c1b130}: Found class java.lang.Object, but interface was expected> (0x00000000c9c1b130) 
thrown [s\open\src\hotspot\share\interpreter\linkResolver.cpp, line 826]
Event: 91.666 Thread 0x0000021d7251da90 Exception <a 'java/lang/NoSuchMethodError'{0x00000000c9b19e80}: 'void java.lang.invoke.DirectMethodHandle$Holder.invokeSpecialIFC(java.lang.Object, java.lang.Object, int, java.lang.Object, java.lang.Object, java.lang.Object, java.lang.Object)'> (0x00000000c9b19e80) 
thrown [s\open\src\hotspot\share\interpreter\linkResolver.cpp, line 759]
Event: 92.213 Thread 0x0000021d7251dfa0 Exception <a 'java/io/IOException'{0x00000000c9956ff0}> (0x00000000c9956ff0) 
thrown [s\open\src\hotspot\share\prims\jni.cpp, line 516]
Event: 92.213 Thread 0x0000021d7251e9c0 Exception <a 'java/io/IOException'{0x00000000c9afdd60}> (0x00000000c9afdd60) 
thrown [s\open\src\hotspot\share\prims\jni.cpp, line 516]
Event: 92.213 Thread 0x0000021d7251da90 Exception <a 'java/io/IOException'{0x00000000c98253f8}> (0x00000000c98253f8) 
thrown [s\open\src\hotspot\share\prims\jni.cpp, line 516]
Event: 92.214 Thread 0x0000021d7251d070 Exception <a 'java/io/IOException'{0x00000000c9991ce8}> (0x00000000c9991ce8) 
thrown [s\open\src\hotspot\share\prims\jni.cpp, line 516]
Event: 92.214 Thread 0x0000021d72520310 Exception <a 'java/io/IOException'{0x00000000c9e71248}> (0x00000000c9e71248) 
thrown [s\open\src\hotspot\share\prims\jni.cpp, line 516]
Event: 92.214 Thread 0x0000021d7251eed0 Exception <a 'java/io/IOException'{0x00000000c9707110}> (0x00000000c9707110) 
thrown [s\open\src\hotspot\share\prims\jni.cpp, line 516]
Event: 92.241 Thread 0x0000021d7251d580 Exception <a 'java/io/IOException'{0x00000000c97810b0}> (0x00000000c97810b0) 
thrown [s\open\src\hotspot\share\prims\jni.cpp, line 516]
Event: 295.361 Thread 0x0000021d7251e9c0 Implicit null exception at 0x0000021d5dcd2500 to 0x0000021d5dcd4474

VM Operations (20 events):
Event: 298.506 Executing VM operation: Cleanup
Event: 298.522 Executing VM operation: Cleanup done
Event: 299.527 Executing VM operation: Cleanup
Event: 299.527 Executing VM operation: Cleanup done
Event: 300.832 Executing VM operation: HandshakeAllThreads
Event: 300.833 Executing VM operation: HandshakeAllThreads done
Event: 302.598 Executing VM operation: HandshakeAllThreads
Event: 302.598 Executing VM operation: HandshakeAllThreads done
Event: 304.617 Executing VM operation: Cleanup
Event: 304.617 Executing VM operation: Cleanup done
Event: 304.675 Executing VM operation: G1CollectForAllocation
Event: 304.713 Executing VM operation: G1CollectForAllocation done
Event: 305.717 Executing VM operation: Cleanup
Event: 305.717 Executing VM operation: Cleanup done
Event: 306.719 Executing VM operation: Cleanup
Event: 306.719 Executing VM operation: Cleanup done
Event: 307.727 Executing VM operation: Cleanup
Event: 307.727 Executing VM operation: Cleanup done
Event: 310.741 Executing VM operation: Cleanup
Event: 310.742 Executing VM operation: Cleanup done

Events (20 events):
Event: 302.676 Thread 0x0000021d6988a910 flushing nmethod 0x0000021d57070910
Event: 302.676 Thread 0x0000021d6988a910 flushing nmethod 0x0000021d57071a90
Event: 302.676 Thread 0x0000021d6988a910 flushing nmethod 0x0000021d57072210
Event: 302.676 Thread 0x0000021d6988a910 flushing nmethod 0x0000021d57072610
Event: 302.676 Thread 0x0000021d6988a910 flushing nmethod 0x0000021d57072e10
Event: 302.676 Thread 0x0000021d6988a910 flushing nmethod 0x0000021d57074210
Event: 302.676 Thread 0x0000021d6988a910 flushing nmethod 0x0000021d57079a10
Event: 302.676 Thread 0x0000021d6988a910 flushing nmethod 0x0000021d57086290
Event: 302.676 Thread 0x0000021d6988a910 flushing nmethod 0x0000021d57087990
Event: 302.676 Thread 0x0000021d6988a910 flushing nmethod 0x0000021d57092090
Event: 302.676 Thread 0x0000021d6988a910 flushing nmethod 0x0000021d570a3110
Event: 302.676 Thread 0x0000021d6988a910 flushing nmethod 0x0000021d570a4790
Event: 302.676 Thread 0x0000021d6988a910 flushing nmethod 0x0000021d570aca10
Event: 302.676 Thread 0x0000021d6988a910 flushing nmethod 0x0000021d570ad690
Event: 302.676 Thread 0x0000021d6988a910 flushing nmethod 0x0000021d570e5910
Event: 302.677 Thread 0x0000021d6988a910 flushing nmethod 0x0000021d570e8910
Event: 302.677 Thread 0x0000021d6988a910 flushing nmethod 0x0000021d57119c90
Event: 302.677 Thread 0x0000021d6988a910 flushing nmethod 0x0000021d5711a990
Event: 302.678 Thread 0x0000021d6988a910 flushing nmethod 0x0000021d57129b90
Event: 302.679 Thread 0x0000021d6988a910 flushing nmethod 0x0000021d5715dd10


Dynamic libraries:
0x00007ff6cac00000 - 0x00007ff6cac10000 	C:\Program Files\Java\jdk-17\bin\java.exe
0x00007ffda8ed0000 - 0x00007ffda90c8000 	C:\Windows\SYSTEM32\ntdll.dll
0x00007ffda8830000 - 0x00007ffda88f2000 	C:\Windows\System32\KERNEL32.DLL
0x00007ffda69e0000 - 0x00007ffda6cd6000 	C:\Windows\System32\KERNELBASE.dll
0x00007ffda66e0000 - 0x00007ffda67e0000 	C:\Windows\System32\ucrtbase.dll
0x00007ffd87f70000 - 0x00007ffd87f89000 	C:\Program Files\Java\jdk-17\bin\jli.dll
0x00007ffd86c80000 - 0x00007ffd86c9b000 	C:\Program Files\Java\jdk-17\bin\VCRUNTIME140.dll
0x00007ffda8230000 - 0x00007ffda82e1000 	C:\Windows\System32\ADVAPI32.dll
0x00007ffda6ef0000 - 0x00007ffda6f8e000 	C:\Windows\System32\msvcrt.dll
0x00007ffda8900000 - 0x00007ffda899f000 	C:\Windows\System32\sechost.dll
0x00007ffda82f0000 - 0x00007ffda8413000 	C:\Windows\System32\RPCRT4.dll
0x00007ffda6610000 - 0x00007ffda6637000 	C:\Windows\System32\bcrypt.dll
0x00007ffda8b00000 - 0x00007ffda8c9d000 	C:\Windows\System32\USER32.dll
0x00007ffda6e40000 - 0x00007ffda6e62000 	C:\Windows\System32\win32u.dll
0x00007ffda8ca0000 - 0x00007ffda8ccb000 	C:\Windows\System32\GDI32.dll
0x00007ffd8f6b0000 - 0x00007ffd8f94a000 	C:\Windows\WinSxS\amd64_microsoft.windows.common-controls_6595b64144ccf1df_6.0.19041.5915_none_60b4b9d171f9c7c7\COMCTL32.dll
0x00007ffda68c0000 - 0x00007ffda69d9000 	C:\Windows\System32\gdi32full.dll
0x00007ffda6640000 - 0x00007ffda66dd000 	C:\Windows\System32\msvcp_win.dll
0x00007ffda37b0000 - 0x00007ffda37ba000 	C:\Windows\SYSTEM32\VERSION.dll
0x00007ffda8e60000 - 0x00007ffda8e8f000 	C:\Windows\System32\IMM32.DLL
0x00007ffd882e0000 - 0x00007ffd882ec000 	C:\Program Files\Java\jdk-17\bin\vcruntime140_1.dll
0x00007ffd7c400000 - 0x00007ffd7c48e000 	C:\Program Files\Java\jdk-17\bin\msvcp140.dll
0x00007ffd53420000 - 0x00007ffd53fff000 	C:\Program Files\Java\jdk-17\bin\server\jvm.dll
0x00007ffda8220000 - 0x00007ffda8228000 	C:\Windows\System32\PSAPI.DLL
0x00007ffda1910000 - 0x00007ffda1919000 	C:\Windows\SYSTEM32\WSOCK32.dll
0x00007ffda8730000 - 0x00007ffda879b000 	C:\Windows\System32\WS2_32.dll
0x00007ffd81fd0000 - 0x00007ffd81ff7000 	C:\Windows\SYSTEM32\WINMM.dll
0x00007ffda4400000 - 0x00007ffda4412000 	C:\Windows\SYSTEM32\kernel.appcore.dll
0x00007ffd88290000 - 0x00007ffd8829a000 	C:\Program Files\Java\jdk-17\bin\jimage.dll
0x00007ffd944c0000 - 0x00007ffd946c1000 	C:\Windows\SYSTEM32\DBGHELP.DLL
0x00007ffd933d0000 - 0x00007ffd93404000 	C:\Windows\SYSTEM32\dbgcore.DLL
0x00007ffda6830000 - 0x00007ffda68b2000 	C:\Windows\System32\bcryptPrimitives.dll
0x00007ffd9b880000 - 0x00007ffd9b88e000 	C:\Program Files\Java\jdk-17\bin\instrument.dll
0x00007ffd86c50000 - 0x00007ffd86c75000 	C:\Program Files\Java\jdk-17\bin\java.dll
0x00007ffd7bf60000 - 0x00007ffd7c037000 	C:\Program Files\Java\jdk-17\bin\jsvml.dll
0x00007ffda7870000 - 0x00007ffda7fde000 	C:\Windows\System32\SHELL32.dll
0x00007ffda4600000 - 0x00007ffda4da4000 	C:\Windows\SYSTEM32\windows.storage.dll
0x00007ffda70a0000 - 0x00007ffda73f3000 	C:\Windows\System32\combase.dll
0x00007ffda5ec0000 - 0x00007ffda5eeb000 	C:\Windows\SYSTEM32\Wldp.dll
0x00007ffda8660000 - 0x00007ffda872d000 	C:\Windows\System32\OLEAUT32.dll
0x00007ffda6f90000 - 0x00007ffda703d000 	C:\Windows\System32\SHCORE.dll
0x00007ffda8100000 - 0x00007ffda815b000 	C:\Windows\System32\shlwapi.dll
0x00007ffda6490000 - 0x00007ffda64b4000 	C:\Windows\SYSTEM32\profapi.dll
0x00007ffd85f40000 - 0x00007ffd85f58000 	C:\Program Files\Java\jdk-17\bin\zip.dll
0x00007ffd86b80000 - 0x00007ffd86b99000 	C:\Program Files\Java\jdk-17\bin\net.dll
0x00007ffda1600000 - 0x00007ffda170a000 	C:\Windows\SYSTEM32\WINHTTP.dll
0x00007ffda5c20000 - 0x00007ffda5c8a000 	C:\Windows\system32\mswsock.dll
0x00007ffd85f60000 - 0x00007ffd85f76000 	C:\Program Files\Java\jdk-17\bin\nio.dll
0x00007ffd9b860000 - 0x00007ffd9b87a000 	C:\Program Files\JetBrains\IntelliJ IDEA Community Edition 2022.3.3\bin\breakgen64.dll
0x00007ffd85fe0000 - 0x00007ffd85fee000 	C:\Program Files\Java\jdk-17\bin\sunmscapi.dll
0x00007ffda6ce0000 - 0x00007ffda6e3d000 	C:\Windows\System32\CRYPT32.dll
0x00007ffda5f30000 - 0x00007ffda5f57000 	C:\Windows\SYSTEM32\ncrypt.dll
0x00007ffda5ef0000 - 0x00007ffda5f2b000 	C:\Windows\SYSTEM32\NTASN1.dll
0x00007ffda5e20000 - 0x00007ffda5e38000 	C:\Windows\SYSTEM32\CRYPTSP.dll
0x00007ffda5540000 - 0x00007ffda5578000 	C:\Windows\system32\rsaenh.dll
0x00007ffda6410000 - 0x00007ffda643e000 	C:\Windows\SYSTEM32\USERENV.dll
0x00007ffda5e10000 - 0x00007ffda5e1c000 	C:\Windows\SYSTEM32\CRYPTBASE.dll
0x00007ffda5900000 - 0x00007ffda593b000 	C:\Windows\SYSTEM32\IPHLPAPI.DLL
0x00007ffda8160000 - 0x00007ffda8168000 	C:\Windows\System32\NSI.dll
0x00007ffda09e0000 - 0x00007ffda09f7000 	C:\Windows\SYSTEM32\dhcpcsvc6.DLL
0x00007ffda37c0000 - 0x00007ffda37dd000 	C:\Windows\SYSTEM32\dhcpcsvc.DLL
0x00007ffda5940000 - 0x00007ffda5a0a000 	C:\Windows\SYSTEM32\DNSAPI.dll
0x00007ffd9b850000 - 0x00007ffd9b85a000 	C:\Program Files\Java\jdk-17\bin\management.dll
0x00007ffd85ff0000 - 0x00007ffd85ffb000 	C:\Program Files\Java\jdk-17\bin\management_ext.dll
0x00007ffd85eb0000 - 0x00007ffd85ec0000 	C:\Program Files\Java\jdk-17\bin\verify.dll
0x00007ffd9dcd0000 - 0x00007ffd9dcda000 	C:\Windows\System32\rasadhlp.dll
0x00007ffd9d860000 - 0x00007ffd9d8e0000 	C:\Windows\System32\fwpuclnt.dll
0x00007ffd882f0000 - 0x00007ffd882f7000 	C:\Windows\system32\wshunix.dll

dbghelp: loaded successfully - version: 4.0.5 - missing functions: none
symbol engine: initialized successfully - sym options: 0x614 - pdb path: .;C:\Program Files\Java\jdk-17\bin;C:\Windows\SYSTEM32;C:\Windows\WinSxS\amd64_microsoft.windows.common-controls_6595b64144ccf1df_6.0.19041.5915_none_60b4b9d171f9c7c7;C:\Program Files\Java\jdk-17\bin\server;C:\Program Files\JetBrains\IntelliJ IDEA Community Edition 2022.3.3\bin

VM Arguments:
jvm_args: -javaagent:C:\Program Files\JetBrains\IntelliJ IDEA Community Edition 2022.3.3\lib\idea_rt.jar=56591:C:\Program Files\JetBrains\IntelliJ IDEA Community Edition 2022.3.3\bin -Dfile.encoding=UTF-8 
java_command: com.dvml.api.ApiApplication
java_class_path (initial): C:\Users\Pc\Documents\Sys_Hospitalar\api\target\classes;C:\Users\Pc\.m2\repository\org\springframework\boot\spring-boot-starter-data-jpa\3.3.3\spring-boot-starter-data-jpa-3.3.3.jar;C:\Users\Pc\.m2\repository\org\springframework\boot\spring-boot-starter-aop\3.3.3\spring-boot-starter-aop-3.3.3.jar;C:\Users\Pc\.m2\repository\org\aspectj\aspectjweaver\1.9.22.1\aspectjweaver-1.9.22.1.jar;C:\Users\Pc\.m2\repository\org\springframework\boot\spring-boot-starter-jdbc\3.3.3\spring-boot-starter-jdbc-3.3.3.jar;C:\Users\Pc\.m2\repository\com\zaxxer\HikariCP\5.1.0\HikariCP-5.1.0.jar;C:\Users\Pc\.m2\repository\org\springframework\spring-jdbc\6.1.12\spring-jdbc-6.1.12.jar;C:\Users\Pc\.m2\repository\org\hibernate\orm\hibernate-core\6.5.2.Final\hibernate-core-6.5.2.Final.jar;C:\Users\Pc\.m2\repository\jakarta\persistence\jakarta.persistence-api\3.1.0\jakarta.persistence-api-3.1.0.jar;C:\Users\Pc\.m2\repository\jakarta\transaction\jakarta.transaction-api\2.0.1\jakarta.transaction-api-2.0.1.jar;C:\Users\Pc\.m2\repository\org\hibernate\common\hibernate-commons-annotations\6.0.6.Final\hibernate-commons-annotations-6.0.6.Final.jar;C:\Users\Pc\.m2\repository\io\smallrye\jandex\3.1.2\jandex-3.1.2.jar;C:\Users\Pc\.m2\repository\net\bytebuddy\byte-buddy\1.14.19\byte-buddy-1.14.19.jar;C:\Users\Pc\.m2\repository\org\glassfish\jaxb\jaxb-runtime\4.0.5\jaxb-runtime-4.0.5.jar;C:\Users\Pc\.m2\repository\org\glassfish\jaxb\jaxb-core\4.0.5\jaxb-core-4.0.5.jar;C:\Users\Pc\.m2\repository\org\glassfish\jaxb\txw2\4.0.5\txw2-4.0.5.jar;C:\Users\Pc\.m2\repository\com\sun\istack\istack-commons-runtime\4.1.2\istack-commons-runtime-4.1.2.jar;C:\Users\Pc\.m2\repository\jakarta\inject\jakarta.inject-api\2.0.1\jakarta.inject-api-2.0.1.jar;C:\Users\Pc\.m2\repository\org\antlr\antlr4-runtime\4.13.0\antlr4-runtime-4.13.0.jar;C:\Users\Pc\.m2\repository\org\springframework\data\spring-data-jpa\3.3.3\spring-data-jpa-3.3.3.jar;C:\Users\Pc\.m2\repository\org\springframework\data\spring-data-c
Launcher Type: SUN_STANDARD

[Global flags]
     intx CICompilerCount                          = 3                                         {product} {ergonomic}
     uint ConcGCThreads                            = 1                                         {product} {ergonomic}
     uint G1ConcRefinementThreads                  = 4                                         {product} {ergonomic}
   size_t G1HeapRegionSize                         = 1048576                                   {product} {ergonomic}
    uintx GCDrainStackTargetSize                   = 64                                        {product} {ergonomic}
   size_t InitialHeapSize                          = 67108864                                  {product} {ergonomic}
   size_t MarkStackSize                            = 4194304                                   {product} {ergonomic}
   size_t MaxHeapSize                              = 1042284544                                {product} {ergonomic}
   size_t MaxNewSize                               = 624951296                                 {product} {ergonomic}
   size_t MinHeapDeltaBytes                        = 1048576                                   {product} {ergonomic}
   size_t MinHeapSize                              = 8388608                                   {product} {ergonomic}
    uintx NonNMethodCodeHeapSize                   = 5832780                                {pd product} {ergonomic}
    uintx NonProfiledCodeHeapSize                  = 122912730                              {pd product} {ergonomic}
    uintx ProfiledCodeHeapSize                     = 122912730                              {pd product} {ergonomic}
    uintx ReservedCodeCacheSize                    = 251658240                              {pd product} {ergonomic}
     bool SegmentedCodeCache                       = true                                      {product} {ergonomic}
   size_t SoftMaxHeapSize                          = 1042284544                             {manageable} {ergonomic}
     bool UseCompressedClassPointers               = true                           {product lp64_product} {ergonomic}
     bool UseCompressedOops                        = true                           {product lp64_product} {ergonomic}
     bool UseG1GC                                  = true                                      {product} {ergonomic}
     bool UseLargePagesIndividualAllocation        = false                                  {pd product} {ergonomic}

Logging:
Log output configuration:
 #0: stdout all=warning uptime,level,tags
 #1: stderr all=off uptime,level,tags

Environment Variables:
PATH=C:\Program Files\Common Files\Oracle\Java\javapath;C:\Windows\system32;C:\Windows;C:\Windows\System32\Wbem;C:\Windows\System32\WindowsPowerShell\v1.0\;C:\Windows\System32\OpenSSH\;C:\Program Files\nodejs\;C:\Program Files\Git\cmd;C:\Program Files\dotnet\;C:\Users\Pc\AppData\Local\Microsoft\WindowsApps;;C:\Users\Pc\AppData\Local\Programs\Microsoft VS Code\bin;C:\Users\Pc\AppData\Roaming\npm;C:\Program Files\JetBrains\IntelliJ IDEA Community Edition 2022.3.3\bin;;C:\Users\Pc\AppData\Local\Programs\cursor\resources\app\bin
USERNAME=Pc
OS=Windows_NT
PROCESSOR_IDENTIFIER=Intel64 Family 6 Model 158 Stepping 9, GenuineIntel



---------------  S Y S T E M  ---------------

OS:
 Windows 10 , 64 bit Build 19041 (10.0.19041.5915)
OS uptime: 0 days 5:52 hours

CPU: total 4 (initial active 4) (4 cores per cpu, 1 threads per core) family 6 model 158 stepping 9 microcode 0xb4, cx8, cmov, fxsr, mmx, 3dnowpref, sse, sse2, sse3, ssse3, sse4.1, sse4.2, popcnt, lzcnt, tsc, tscinvbit, avx, avx2, aes, erms, clmul, bmi1, bmi2, rtm, adx, fma, vzeroupper, clflush, clflushopt

Memory: 4k page, system-wide physical 3975M (61M free)
TotalPageFile size 16263M (AvailPageFile size 6M)
current process WorkingSet (physical memory assigned to process): 197M, peak: 377M
current process commit charge ("private bytes"): 408M, peak: 437M

vm_info: Java HotSpot(TM) 64-Bit Server VM (17.0.10+11-LTS-240) for windows-amd64 JRE (17.0.10+11-LTS-240), built on Dec 19 2023 21:47:25 by "mach5one" with MS VC++ 17.1 (VS2022)

END.
