#
# There is insufficient memory for the Java Runtime Environment to continue.
# Native memory allocation (malloc) failed to allocate 1586656 bytes for Chunk::new
# Possible reasons:
#   The system is out of physical RAM or swap space
#   The process is running with CompressedOops enabled, and the Java Heap may be blocking the growth of the native heap
# Possible solutions:
#   Reduce memory load on the system
#   Increase physical memory or swap space
#   Check if swap backing store is full
#   Decrease Java heap size (-Xmx/-Xms)
#   Decrease number of Java threads
#   Decrease Java thread stack sizes (-Xss)
#   Set larger code cache with -XX:ReservedCodeCacheSize=
#   JVM is running with Unscaled Compressed Oops mode in which the Java heap is
#     placed in the first 4GB address space. The Java Heap base address is the
#     maximum limit for the native heap growth. Please use -XX:HeapBaseMinAddress
#     to set the Java Heap base and to place the Java Heap above 4GB virtual address.
# This output file may be truncated or incomplete.
#
#  Out of Memory Error (arena.cpp:189), pid=7564, tid=13408
#
# JRE version: Java(TM) SE Runtime Environment (17.0.10+11) (build 17.0.10+11-LTS-240)
# Java VM: Java HotSpot(TM) 64-Bit Server VM (17.0.10+11-LTS-240, mixed mode, sharing, tiered, compressed oops, compressed class ptrs, g1 gc, windows-amd64)
# No core dump will be written. Minidumps are not enabled by default on client versions of Windows
#

---------------  S U M M A R Y ------------

Command Line: -javaagent:C:\Program Files\JetBrains\IntelliJ IDEA Community Edition 2022.3.3\lib\idea_rt.jar=49184:C:\Program Files\JetBrains\IntelliJ IDEA Community Edition 2022.3.3\bin -Dfile.encoding=UTF-8 com.dvml.api.ApiApplication

Host: Intel(R) Core(TM) i5-7500T CPU @ 2.70GHz, 4 cores, 3G,  Windows 10 , 64 bit Build 19041 (10.0.19041.5915)
Time: Fri Aug  1 11:41:58 2025 Hor. Padrão Centro-oeste África elapsed time: 494.207025 seconds (0d 0h 8m 14s)

---------------  T H R E A D  ---------------

Current thread (0x000002380912f910):  JavaThread "C2 CompilerThread0" daemon [_thread_in_native, id=13408, stack(0x000000fb58000000,0x000000fb58100000)]


Current CompileTask:
C2: 494212 17410   !   4       org.hibernate.query.spi.AbstractSelectionQuery::list (73 bytes)

Stack: [0x000000fb58000000,0x000000fb58100000]
Native frames: (J=compiled Java code, j=interpreted, Vv=VM code, C=native code)
V  [jvm.dll+0x677a5a]
V  [jvm.dll+0x7d8b2d]
V  [jvm.dll+0x7da48e]
V  [jvm.dll+0x7daaf3]
V  [jvm.dll+0x2455ff]
V  [jvm.dll+0xaaafb]
V  [jvm.dll+0xab09c]
V  [jvm.dll+0x361bae]
V  [jvm.dll+0x32c211]
V  [jvm.dll+0x32b6aa]
V  [jvm.dll+0x21794f]
V  [jvm.dll+0x216d81]
V  [jvm.dll+0x1a3410]
V  [jvm.dll+0x226aeb]
V  [jvm.dll+0x224cab]
V  [jvm.dll+0x78e45c]
V  [jvm.dll+0x78888a]
V  [jvm.dll+0x676935]
C  [ucrtbase.dll+0x21bb2]
C  [KERNEL32.DLL+0x17374]
C  [ntdll.dll+0x4cc91]


---------------  P R O C E S S  ---------------

Threads class SMR info:
_java_thread_list=0x000002380eee4210, length=31, elements={
0x00000237ace3ac50, 0x00000237ace3b9e0, 0x000002380912c190, 0x000002380912cb60,
0x000002380912d430, 0x000002380912ed10, 0x000002380912f910, 0x0000023809133d60,
0x00000238091453d0, 0x00000238092104a0, 0x000002380968ffc0, 0x00000238096904a0,
0x000002380e3e8570, 0x000002380e3eadf0, 0x000002380e3eb810, 0x000002380e3e8a80,
0x000002380e3e8060, 0x000002380e3e9ec0, 0x000002380e3ea3d0, 0x000002380f6a0f20,
0x000002380f6a5600, 0x000002380f6a3290, 0x000002380f6a50f0, 0x000002380f6a6f50,
0x000002380f6a37a0, 0x000002380f6a1430, 0x000002380f6a6530, 0x000002380f6a6a40,
0x000002380f69fff0, 0x000002380f6a0a10, 0x000002380f6a6020
}

Java Threads: ( => current thread )
  0x00000237ace3ac50 JavaThread "Reference Handler" daemon [_thread_blocked, id=11124, stack(0x000000fb57a00000,0x000000fb57b00000)]
  0x00000237ace3b9e0 JavaThread "Finalizer" daemon [_thread_blocked, id=4188, stack(0x000000fb57b00000,0x000000fb57c00000)]
  0x000002380912c190 JavaThread "Signal Dispatcher" daemon [_thread_blocked, id=12468, stack(0x000000fb57c00000,0x000000fb57d00000)]
  0x000002380912cb60 JavaThread "Attach Listener" daemon [_thread_blocked, id=9164, stack(0x000000fb57d00000,0x000000fb57e00000)]
  0x000002380912d430 JavaThread "Service Thread" daemon [_thread_blocked, id=6992, stack(0x000000fb57e00000,0x000000fb57f00000)]
  0x000002380912ed10 JavaThread "Monitor Deflation Thread" daemon [_thread_blocked, id=908, stack(0x000000fb57f00000,0x000000fb58000000)]
=>0x000002380912f910 JavaThread "C2 CompilerThread0" daemon [_thread_in_native, id=13408, stack(0x000000fb58000000,0x000000fb58100000)]
  0x0000023809133d60 JavaThread "C1 CompilerThread0" daemon [_thread_blocked, id=2724, stack(0x000000fb58100000,0x000000fb58200000)]
  0x00000238091453d0 JavaThread "Sweeper thread" daemon [_thread_blocked, id=12124, stack(0x000000fb58200000,0x000000fb58300000)]
  0x00000238092104a0 JavaThread "Common-Cleaner" daemon [_thread_blocked, id=5168, stack(0x000000fb58300000,0x000000fb58400000)]
  0x000002380968ffc0 JavaThread "Monitor Ctrl-Break" daemon [_thread_in_native, id=1656, stack(0x000000fb58400000,0x000000fb58500000)]
  0x00000238096904a0 JavaThread "Notification Thread" daemon [_thread_blocked, id=7272, stack(0x000000fb58500000,0x000000fb58600000)]
  0x000002380e3e8570 JavaThread "mysql-cj-abandoned-connection-cleanup" daemon [_thread_blocked, id=6360, stack(0x000000fb58a00000,0x000000fb58b00000)]
  0x000002380e3eadf0 JavaThread "HikariPool-1 housekeeper" daemon [_thread_blocked, id=8720, stack(0x000000fb58c00000,0x000000fb58d00000)]
  0x000002380e3eb810 JavaThread "Catalina-utility-1" [_thread_blocked, id=5896, stack(0x000000fb58e00000,0x000000fb58f00000)]
  0x000002380e3e8a80 JavaThread "Catalina-utility-2" [_thread_blocked, id=10156, stack(0x000000fb58f00000,0x000000fb59000000)]
  0x000002380e3e8060 JavaThread "container-0" [_thread_blocked, id=3900, stack(0x000000fb59000000,0x000000fb59100000)]
  0x000002380e3e9ec0 JavaThread "http-nio-8081-exec-1" daemon [_thread_blocked, id=3508, stack(0x000000fb58d00000,0x000000fb58e00000)]
  0x000002380e3ea3d0 JavaThread "http-nio-8081-exec-2" daemon [_thread_in_native, id=10660, stack(0x000000fb59100000,0x000000fb59200000)]
  0x000002380f6a0f20 JavaThread "http-nio-8081-exec-3" daemon [_thread_blocked, id=7636, stack(0x000000fb59200000,0x000000fb59300000)]
  0x000002380f6a5600 JavaThread "http-nio-8081-exec-4" daemon [_thread_blocked, id=11484, stack(0x000000fb59300000,0x000000fb59400000)]
  0x000002380f6a3290 JavaThread "http-nio-8081-exec-5" daemon [_thread_blocked, id=8872, stack(0x000000fb59400000,0x000000fb59500000)]
  0x000002380f6a50f0 JavaThread "http-nio-8081-exec-6" daemon [_thread_blocked, id=10712, stack(0x000000fb59500000,0x000000fb59600000)]
  0x000002380f6a6f50 JavaThread "http-nio-8081-exec-7" daemon [_thread_blocked, id=12936, stack(0x000000fb59600000,0x000000fb59700000)]
  0x000002380f6a37a0 JavaThread "http-nio-8081-exec-8" daemon [_thread_blocked, id=5500, stack(0x000000fb59700000,0x000000fb59800000)]
  0x000002380f6a1430 JavaThread "http-nio-8081-exec-9" daemon [_thread_blocked, id=3648, stack(0x000000fb59800000,0x000000fb59900000)]
  0x000002380f6a6530 JavaThread "http-nio-8081-exec-10" daemon [_thread_blocked, id=3544, stack(0x000000fb59900000,0x000000fb59a00000)]
  0x000002380f6a6a40 JavaThread "http-nio-8081-Poller" daemon [_thread_in_native, id=10684, stack(0x000000fb59a00000,0x000000fb59b00000)]
  0x000002380f69fff0 JavaThread "http-nio-8081-Acceptor" daemon [_thread_in_native, id=4492, stack(0x000000fb59b00000,0x000000fb59c00000)]
  0x000002380f6a0a10 JavaThread "scheduling-1" [_thread_blocked, id=3820, stack(0x000000fb59c00000,0x000000fb59d00000)]
  0x000002380f6a6020 JavaThread "DestroyJavaVM" [_thread_blocked, id=13400, stack(0x000000fb57300000,0x000000fb57400000)]

Other Threads:
  0x00000237ace34120 VMThread "VM Thread" [stack: 0x000000fb57900000,0x000000fb57a00000] [id=8832]
  0x00000237acdcc600 WatcherThread [stack: 0x000000fb58600000,0x000000fb58700000] [id=2216]
  0x00000237acdb4760 GCTaskThread "GC Thread#0" [stack: 0x000000fb57400000,0x000000fb57500000] [id=7628]
  0x00000238094f85c0 GCTaskThread "GC Thread#1" [stack: 0x000000fb58700000,0x000000fb58800000] [id=4264]
  0x0000023809a7f9a0 GCTaskThread "GC Thread#2" [stack: 0x000000fb58800000,0x000000fb58900000] [id=10444]
  0x0000023809655c20 GCTaskThread "GC Thread#3" [stack: 0x000000fb58900000,0x000000fb58a00000] [id=5676]
  0x00000237acdbf620 ConcurrentGCThread "G1 Main Marker" [stack: 0x000000fb57500000,0x000000fb57600000] [id=14068]
  0x00000237acdc16f0 ConcurrentGCThread "G1 Conc#0" [stack: 0x000000fb57600000,0x000000fb57700000] [id=11184]
  0x00000237ace11230 ConcurrentGCThread "G1 Refine#0" [stack: 0x000000fb57700000,0x000000fb57800000] [id=13856]
  0x00000237ace11b70 ConcurrentGCThread "G1 Service" [stack: 0x000000fb57800000,0x000000fb57900000] [id=8348]

Threads with active compile tasks:
C2 CompilerThread0   494709 17410   !   4       org.hibernate.query.spi.AbstractSelectionQuery::list (73 bytes)

VM state: not at safepoint (normal execution)

VM Mutex/Monitor currently owned by a thread: None

Heap address: 0x00000000c1e00000, size: 994 MB, Compressed Oops mode: 32-bit

CDS archive(s) mapped at: [0x00000237c8000000-0x00000237c8bd0000-0x00000237c8bd0000), size 12386304, SharedBaseAddress: 0x00000237c8000000, ArchiveRelocationMode: 1.
Compressed class space mapped at: 0x00000237c9000000-0x0000023809000000, reserved size: 1073741824
Narrow klass base: 0x00000237c8000000, Narrow klass shift: 0, Narrow klass range: 0x100000000

GC Precious Log:
 CPUs: 4 total, 4 available
 Memory: 3975M
 Large Page Support: Disabled
 NUMA Support: Disabled
 Compressed Oops: Enabled (32-bit)
 Heap Region Size: 1M
 Heap Min Capacity: 8M
 Heap Initial Capacity: 64M
 Heap Max Capacity: 994M
 Pre-touch: Disabled
 Parallel Workers: 4
 Concurrent Workers: 1
 Concurrent Refinement Workers: 4
 Periodic GC: Disabled

Heap:
 garbage-first heap   total 204800K, used 67089K [0x00000000c1e00000, 0x0000000100000000)
  region size 1024K, 15 young (15360K), 1 survivors (1024K)
 Metaspace       used 88960K, committed 89664K, reserved 1179648K
  class space    used 11488K, committed 11840K, reserved 1048576K

Heap Regions: E=young(eden), S=young(survivor), O=old, HS=humongous(starts), HC=humongous(continues), CS=collection set, F=free, OA=open archive, CA=closed archive, TAMS=top-at-mark-start (previous, next)
|   0|0x00000000c1e00000, 0x00000000c1f00000, 0x00000000c1f00000|100%|HS|  |TAMS 0x00000000c1f00000, 0x00000000c1e00000| Complete 
|   1|0x00000000c1f00000, 0x00000000c2000000, 0x00000000c2000000|100%| O|  |TAMS 0x00000000c2000000, 0x00000000c1f00000| Untracked 
|   2|0x00000000c2000000, 0x00000000c2100000, 0x00000000c2100000|100%| O|  |TAMS 0x00000000c2100000, 0x00000000c2000000| Untracked 
|   3|0x00000000c2100000, 0x00000000c2200000, 0x00000000c2200000|100%| O|  |TAMS 0x00000000c2200000, 0x00000000c2100000| Untracked 
|   4|0x00000000c2200000, 0x00000000c2300000, 0x00000000c2300000|100%| O|  |TAMS 0x00000000c2300000, 0x00000000c2200000| Untracked 
|   5|0x00000000c2300000, 0x00000000c2400000, 0x00000000c2400000|100%| O|  |TAMS 0x00000000c2400000, 0x00000000c2300000| Untracked 
|   6|0x00000000c2400000, 0x00000000c2500000, 0x00000000c2500000|100%| O|  |TAMS 0x00000000c2500000, 0x00000000c2400000| Untracked 
|   7|0x00000000c2500000, 0x00000000c2600000, 0x00000000c2600000|100%| O|  |TAMS 0x00000000c2600000, 0x00000000c2500000| Untracked 
|   8|0x00000000c2600000, 0x00000000c2700000, 0x00000000c2700000|100%| O|  |TAMS 0x00000000c2700000, 0x00000000c2600000| Untracked 
|   9|0x00000000c2700000, 0x00000000c2800000, 0x00000000c2800000|100%| O|  |TAMS 0x00000000c2800000, 0x00000000c2700000| Untracked 
|  10|0x00000000c2800000, 0x00000000c2900000, 0x00000000c2900000|100%| O|  |TAMS 0x00000000c2900000, 0x00000000c2800000| Untracked 
|  11|0x00000000c2900000, 0x00000000c2a00000, 0x00000000c2a00000|100%| O|  |TAMS 0x00000000c2a00000, 0x00000000c2900000| Untracked 
|  12|0x00000000c2a00000, 0x00000000c2b00000, 0x00000000c2b00000|100%| O|  |TAMS 0x00000000c2b00000, 0x00000000c2a00000| Untracked 
|  13|0x00000000c2b00000, 0x00000000c2c00000, 0x00000000c2c00000|100%| O|  |TAMS 0x00000000c2c00000, 0x00000000c2b00000| Untracked 
|  14|0x00000000c2c00000, 0x00000000c2d00000, 0x00000000c2d00000|100%| O|  |TAMS 0x00000000c2d00000, 0x00000000c2c00000| Untracked 
|  15|0x00000000c2d00000, 0x00000000c2e00000, 0x00000000c2e00000|100%| O|  |TAMS 0x00000000c2d66e00, 0x00000000c2d00000| Untracked 
|  16|0x00000000c2e00000, 0x00000000c2f00000, 0x00000000c2f00000|100%| O|  |TAMS 0x00000000c2f00000, 0x00000000c2e00000| Untracked 
|  17|0x00000000c2f00000, 0x00000000c3000000, 0x00000000c3000000|100%| O|  |TAMS 0x00000000c3000000, 0x00000000c2f00000| Untracked 
|  18|0x00000000c3000000, 0x00000000c3024e00, 0x00000000c3100000| 14%| O|  |TAMS 0x00000000c3000000, 0x00000000c3000000| Untracked 
|  19|0x00000000c3100000, 0x00000000c3100000, 0x00000000c3200000|  0%| F|  |TAMS 0x00000000c3100000, 0x00000000c3100000| Untracked 
|  20|0x00000000c3200000, 0x00000000c3200000, 0x00000000c3300000|  0%| F|  |TAMS 0x00000000c3200000, 0x00000000c3200000| Untracked 
|  21|0x00000000c3300000, 0x00000000c3400000, 0x00000000c3400000|100%| O|  |TAMS 0x00000000c3400000, 0x00000000c3300000| Untracked 
|  22|0x00000000c3400000, 0x00000000c3500000, 0x00000000c3500000|100%| O|  |TAMS 0x00000000c3500000, 0x00000000c3400000| Untracked 
|  23|0x00000000c3500000, 0x00000000c3600000, 0x00000000c3600000|100%| O|  |TAMS 0x00000000c3600000, 0x00000000c3500000| Untracked 
|  24|0x00000000c3600000, 0x00000000c3700000, 0x00000000c3700000|100%| O|  |TAMS 0x00000000c3700000, 0x00000000c3600000| Untracked 
|  25|0x00000000c3700000, 0x00000000c3800000, 0x00000000c3800000|100%| O|  |TAMS 0x00000000c3800000, 0x00000000c3700000| Untracked 
|  26|0x00000000c3800000, 0x00000000c3900000, 0x00000000c3900000|100%| O|  |TAMS 0x00000000c3900000, 0x00000000c3800000| Untracked 
|  27|0x00000000c3900000, 0x00000000c3a00000, 0x00000000c3a00000|100%| O|  |TAMS 0x00000000c3a00000, 0x00000000c3900000| Untracked 
|  28|0x00000000c3a00000, 0x00000000c3b00000, 0x00000000c3b00000|100%| O|  |TAMS 0x00000000c3b00000, 0x00000000c3a00000| Untracked 
|  29|0x00000000c3b00000, 0x00000000c3c00000, 0x00000000c3c00000|100%| O|  |TAMS 0x00000000c3c00000, 0x00000000c3b00000| Untracked 
|  30|0x00000000c3c00000, 0x00000000c3d00000, 0x00000000c3d00000|100%| O|  |TAMS 0x00000000c3d00000, 0x00000000c3c00000| Untracked 
|  31|0x00000000c3d00000, 0x00000000c3e00000, 0x00000000c3e00000|100%| O|  |TAMS 0x00000000c3e00000, 0x00000000c3d00000| Untracked 
|  32|0x00000000c3e00000, 0x00000000c3f00000, 0x00000000c3f00000|100%| O|  |TAMS 0x00000000c3f00000, 0x00000000c3e00000| Untracked 
|  33|0x00000000c3f00000, 0x00000000c4000000, 0x00000000c4000000|100%| O|  |TAMS 0x00000000c4000000, 0x00000000c3f00000| Untracked 
|  34|0x00000000c4000000, 0x00000000c4100000, 0x00000000c4100000|100%| O|  |TAMS 0x00000000c4100000, 0x00000000c4000000| Untracked 
|  35|0x00000000c4100000, 0x00000000c4200000, 0x00000000c4200000|100%| O|  |TAMS 0x00000000c4200000, 0x00000000c4100000| Untracked 
|  36|0x00000000c4200000, 0x00000000c4300000, 0x00000000c4300000|100%| O|  |TAMS 0x00000000c4300000, 0x00000000c4200000| Untracked 
|  37|0x00000000c4300000, 0x00000000c4400000, 0x00000000c4400000|100%| O|  |TAMS 0x00000000c4400000, 0x00000000c4300000| Untracked 
|  38|0x00000000c4400000, 0x00000000c4500000, 0x00000000c4500000|100%| O|  |TAMS 0x00000000c4500000, 0x00000000c4400000| Untracked 
|  39|0x00000000c4500000, 0x00000000c4600000, 0x00000000c4600000|100%| O|  |TAMS 0x00000000c4600000, 0x00000000c4500000| Untracked 
|  40|0x00000000c4600000, 0x00000000c4700000, 0x00000000c4700000|100%| O|  |TAMS 0x00000000c4700000, 0x00000000c4600000| Untracked 
|  41|0x00000000c4700000, 0x00000000c4700000, 0x00000000c4800000|  0%| F|  |TAMS 0x00000000c4700000, 0x00000000c4700000| Untracked 
|  42|0x00000000c4800000, 0x00000000c4900000, 0x00000000c4900000|100%| O|  |TAMS 0x00000000c4900000, 0x00000000c4800000| Untracked 
|  43|0x00000000c4900000, 0x00000000c4a00000, 0x00000000c4a00000|100%| O|  |TAMS 0x00000000c4a00000, 0x00000000c4900000| Untracked 
|  44|0x00000000c4a00000, 0x00000000c4b00000, 0x00000000c4b00000|100%| O|  |TAMS 0x00000000c4b00000, 0x00000000c4a00000| Untracked 
|  45|0x00000000c4b00000, 0x00000000c4c00000, 0x00000000c4c00000|100%| O|  |TAMS 0x00000000c4c00000, 0x00000000c4b00000| Untracked 
|  46|0x00000000c4c00000, 0x00000000c4d00000, 0x00000000c4d00000|100%| O|  |TAMS 0x00000000c4d00000, 0x00000000c4c00000| Untracked 
|  47|0x00000000c4d00000, 0x00000000c4e00000, 0x00000000c4e00000|100%| O|  |TAMS 0x00000000c4e00000, 0x00000000c4d00000| Untracked 
|  48|0x00000000c4e00000, 0x00000000c4f00000, 0x00000000c4f00000|100%| O|  |TAMS 0x00000000c4f00000, 0x00000000c4e00000| Untracked 
|  49|0x00000000c4f00000, 0x00000000c5000000, 0x00000000c5000000|100%| O|  |TAMS 0x00000000c5000000, 0x00000000c4f00000| Untracked 
|  50|0x00000000c5000000, 0x00000000c5100000, 0x00000000c5100000|100%| O|  |TAMS 0x00000000c5100000, 0x00000000c5000000| Untracked 
|  51|0x00000000c5100000, 0x00000000c5200000, 0x00000000c5200000|100%| O|  |TAMS 0x00000000c5200000, 0x00000000c5100000| Untracked 
|  52|0x00000000c5200000, 0x00000000c5300000, 0x00000000c5300000|100%| O|  |TAMS 0x00000000c5300000, 0x00000000c5200000| Untracked 
|  53|0x00000000c5300000, 0x00000000c5400000, 0x00000000c5400000|100%| O|  |TAMS 0x00000000c5400000, 0x00000000c5300000| Untracked 
|  54|0x00000000c5400000, 0x00000000c5500000, 0x00000000c5500000|100%| O|  |TAMS 0x00000000c5500000, 0x00000000c5400000| Untracked 
|  55|0x00000000c5500000, 0x00000000c5600000, 0x00000000c5600000|100%| O|  |TAMS 0x00000000c5600000, 0x00000000c5500000| Untracked 
|  56|0x00000000c5600000, 0x00000000c5600000, 0x00000000c5700000|  0%| F|  |TAMS 0x00000000c5600000, 0x00000000c5600000| Untracked 
|  57|0x00000000c5700000, 0x00000000c5700000, 0x00000000c5800000|  0%| F|  |TAMS 0x00000000c5700000, 0x00000000c5700000| Untracked 
|  58|0x00000000c5800000, 0x00000000c5800000, 0x00000000c5900000|  0%| F|  |TAMS 0x00000000c5800000, 0x00000000c5800000| Untracked 
|  59|0x00000000c5900000, 0x00000000c5900000, 0x00000000c5a00000|  0%| F|  |TAMS 0x00000000c5900000, 0x00000000c5900000| Untracked 
|  60|0x00000000c5a00000, 0x00000000c5a00000, 0x00000000c5b00000|  0%| F|  |TAMS 0x00000000c5a00000, 0x00000000c5a00000| Untracked 
|  61|0x00000000c5b00000, 0x00000000c5b00000, 0x00000000c5c00000|  0%| F|  |TAMS 0x00000000c5b00000, 0x00000000c5b00000| Untracked 
|  62|0x00000000c5c00000, 0x00000000c5c00000, 0x00000000c5d00000|  0%| F|  |TAMS 0x00000000c5c00000, 0x00000000c5c00000| Untracked 
|  63|0x00000000c5d00000, 0x00000000c5d00000, 0x00000000c5e00000|  0%| F|  |TAMS 0x00000000c5d00000, 0x00000000c5d00000| Untracked 
|  64|0x00000000c5e00000, 0x00000000c5e00000, 0x00000000c5f00000|  0%| F|  |TAMS 0x00000000c5e00000, 0x00000000c5e00000| Untracked 
|  65|0x00000000c5f00000, 0x00000000c5f00000, 0x00000000c6000000|  0%| F|  |TAMS 0x00000000c5f00000, 0x00000000c5f00000| Untracked 
|  66|0x00000000c6000000, 0x00000000c6000000, 0x00000000c6100000|  0%| F|  |TAMS 0x00000000c6000000, 0x00000000c6000000| Untracked 
|  67|0x00000000c6100000, 0x00000000c6100000, 0x00000000c6200000|  0%| F|  |TAMS 0x00000000c6100000, 0x00000000c6100000| Untracked 
|  68|0x00000000c6200000, 0x00000000c6200000, 0x00000000c6300000|  0%| F|  |TAMS 0x00000000c6200000, 0x00000000c6200000| Untracked 
|  69|0x00000000c6300000, 0x00000000c6300000, 0x00000000c6400000|  0%| F|  |TAMS 0x00000000c6300000, 0x00000000c6300000| Untracked 
|  70|0x00000000c6400000, 0x00000000c6400000, 0x00000000c6500000|  0%| F|  |TAMS 0x00000000c6400000, 0x00000000c6400000| Untracked 
|  71|0x00000000c6500000, 0x00000000c6500000, 0x00000000c6600000|  0%| F|  |TAMS 0x00000000c6500000, 0x00000000c6500000| Untracked 
|  72|0x00000000c6600000, 0x00000000c6600000, 0x00000000c6700000|  0%| F|  |TAMS 0x00000000c6600000, 0x00000000c6600000| Untracked 
|  73|0x00000000c6700000, 0x00000000c6700000, 0x00000000c6800000|  0%| F|  |TAMS 0x00000000c6700000, 0x00000000c6700000| Untracked 
|  74|0x00000000c6800000, 0x00000000c6800000, 0x00000000c6900000|  0%| F|  |TAMS 0x00000000c6800000, 0x00000000c6800000| Untracked 
|  75|0x00000000c6900000, 0x00000000c6900000, 0x00000000c6a00000|  0%| F|  |TAMS 0x00000000c6900000, 0x00000000c6900000| Untracked 
|  76|0x00000000c6a00000, 0x00000000c6a00000, 0x00000000c6b00000|  0%| F|  |TAMS 0x00000000c6a00000, 0x00000000c6a00000| Untracked 
|  77|0x00000000c6b00000, 0x00000000c6b00000, 0x00000000c6c00000|  0%| F|  |TAMS 0x00000000c6b00000, 0x00000000c6b00000| Untracked 
|  78|0x00000000c6c00000, 0x00000000c6c00000, 0x00000000c6d00000|  0%| F|  |TAMS 0x00000000c6c00000, 0x00000000c6c00000| Untracked 
|  79|0x00000000c6d00000, 0x00000000c6d00000, 0x00000000c6e00000|  0%| F|  |TAMS 0x00000000c6d00000, 0x00000000c6d00000| Untracked 
|  80|0x00000000c6e00000, 0x00000000c6e00000, 0x00000000c6f00000|  0%| F|  |TAMS 0x00000000c6e00000, 0x00000000c6e00000| Untracked 
|  81|0x00000000c6f00000, 0x00000000c6f00000, 0x00000000c7000000|  0%| F|  |TAMS 0x00000000c6f00000, 0x00000000c6f00000| Untracked 
|  82|0x00000000c7000000, 0x00000000c7000000, 0x00000000c7100000|  0%| F|  |TAMS 0x00000000c7000000, 0x00000000c7000000| Untracked 
|  83|0x00000000c7100000, 0x00000000c7100000, 0x00000000c7200000|  0%| F|  |TAMS 0x00000000c7100000, 0x00000000c7100000| Untracked 
|  84|0x00000000c7200000, 0x00000000c7200000, 0x00000000c7300000|  0%| F|  |TAMS 0x00000000c7200000, 0x00000000c7200000| Untracked 
|  85|0x00000000c7300000, 0x00000000c7300000, 0x00000000c7400000|  0%| F|  |TAMS 0x00000000c7300000, 0x00000000c7300000| Untracked 
|  86|0x00000000c7400000, 0x00000000c7400000, 0x00000000c7500000|  0%| F|  |TAMS 0x00000000c7400000, 0x00000000c7400000| Untracked 
|  87|0x00000000c7500000, 0x00000000c7500000, 0x00000000c7600000|  0%| F|  |TAMS 0x00000000c7500000, 0x00000000c7500000| Untracked 
|  88|0x00000000c7600000, 0x00000000c7600000, 0x00000000c7700000|  0%| F|  |TAMS 0x00000000c7600000, 0x00000000c7600000| Untracked 
|  89|0x00000000c7700000, 0x00000000c7700000, 0x00000000c7800000|  0%| F|  |TAMS 0x00000000c7700000, 0x00000000c7700000| Untracked 
|  90|0x00000000c7800000, 0x00000000c7800000, 0x00000000c7900000|  0%| F|  |TAMS 0x00000000c7800000, 0x00000000c7800000| Untracked 
|  91|0x00000000c7900000, 0x00000000c7900000, 0x00000000c7a00000|  0%| F|  |TAMS 0x00000000c7900000, 0x00000000c7900000| Untracked 
|  92|0x00000000c7a00000, 0x00000000c7a00000, 0x00000000c7b00000|  0%| F|  |TAMS 0x00000000c7a00000, 0x00000000c7a00000| Untracked 
|  93|0x00000000c7b00000, 0x00000000c7b00000, 0x00000000c7c00000|  0%| F|  |TAMS 0x00000000c7b00000, 0x00000000c7b00000| Untracked 
|  94|0x00000000c7c00000, 0x00000000c7c00000, 0x00000000c7d00000|  0%| F|  |TAMS 0x00000000c7c00000, 0x00000000c7c00000| Untracked 
|  95|0x00000000c7d00000, 0x00000000c7d00000, 0x00000000c7e00000|  0%| F|  |TAMS 0x00000000c7d00000, 0x00000000c7d00000| Untracked 
|  96|0x00000000c7e00000, 0x00000000c7e00000, 0x00000000c7f00000|  0%| F|  |TAMS 0x00000000c7e00000, 0x00000000c7e00000| Untracked 
|  97|0x00000000c7f00000, 0x00000000c7f00000, 0x00000000c8000000|  0%| F|  |TAMS 0x00000000c7f00000, 0x00000000c7f00000| Untracked 
|  98|0x00000000c8000000, 0x00000000c8000000, 0x00000000c8100000|  0%| F|  |TAMS 0x00000000c8000000, 0x00000000c8000000| Untracked 
|  99|0x00000000c8100000, 0x00000000c8100000, 0x00000000c8200000|  0%| F|  |TAMS 0x00000000c8100000, 0x00000000c8100000| Untracked 
| 100|0x00000000c8200000, 0x00000000c8200000, 0x00000000c8300000|  0%| F|  |TAMS 0x00000000c8200000, 0x00000000c8200000| Untracked 
| 101|0x00000000c8300000, 0x00000000c8300000, 0x00000000c8400000|  0%| F|  |TAMS 0x00000000c8300000, 0x00000000c8300000| Untracked 
| 102|0x00000000c8400000, 0x00000000c8400000, 0x00000000c8500000|  0%| F|  |TAMS 0x00000000c8400000, 0x00000000c8400000| Untracked 
| 103|0x00000000c8500000, 0x00000000c8500000, 0x00000000c8600000|  0%| F|  |TAMS 0x00000000c8500000, 0x00000000c8500000| Untracked 
| 104|0x00000000c8600000, 0x00000000c8600000, 0x00000000c8700000|  0%| F|  |TAMS 0x00000000c8600000, 0x00000000c8600000| Untracked 
| 105|0x00000000c8700000, 0x00000000c8700000, 0x00000000c8800000|  0%| F|  |TAMS 0x00000000c8700000, 0x00000000c8700000| Untracked 
| 106|0x00000000c8800000, 0x00000000c8800000, 0x00000000c8900000|  0%| F|  |TAMS 0x00000000c8800000, 0x00000000c8800000| Untracked 
| 107|0x00000000c8900000, 0x00000000c8900000, 0x00000000c8a00000|  0%| F|  |TAMS 0x00000000c8900000, 0x00000000c8900000| Untracked 
| 108|0x00000000c8a00000, 0x00000000c8a00000, 0x00000000c8b00000|  0%| F|  |TAMS 0x00000000c8a00000, 0x00000000c8a00000| Untracked 
| 109|0x00000000c8b00000, 0x00000000c8b00000, 0x00000000c8c00000|  0%| F|  |TAMS 0x00000000c8b00000, 0x00000000c8b00000| Untracked 
| 110|0x00000000c8c00000, 0x00000000c8c00000, 0x00000000c8d00000|  0%| F|  |TAMS 0x00000000c8c00000, 0x00000000c8c00000| Untracked 
| 111|0x00000000c8d00000, 0x00000000c8d00000, 0x00000000c8e00000|  0%| F|  |TAMS 0x00000000c8d00000, 0x00000000c8d00000| Untracked 
| 112|0x00000000c8e00000, 0x00000000c8e00000, 0x00000000c8f00000|  0%| F|  |TAMS 0x00000000c8e00000, 0x00000000c8e00000| Untracked 
| 113|0x00000000c8f00000, 0x00000000c8f00000, 0x00000000c9000000|  0%| F|  |TAMS 0x00000000c8f00000, 0x00000000c8f00000| Untracked 
| 114|0x00000000c9000000, 0x00000000c9000000, 0x00000000c9100000|  0%| F|  |TAMS 0x00000000c9000000, 0x00000000c9000000| Untracked 
| 115|0x00000000c9100000, 0x00000000c9100000, 0x00000000c9200000|  0%| F|  |TAMS 0x00000000c9100000, 0x00000000c9100000| Untracked 
| 116|0x00000000c9200000, 0x00000000c9200000, 0x00000000c9300000|  0%| F|  |TAMS 0x00000000c9200000, 0x00000000c9200000| Untracked 
| 117|0x00000000c9300000, 0x00000000c9300000, 0x00000000c9400000|  0%| F|  |TAMS 0x00000000c9300000, 0x00000000c9300000| Untracked 
| 118|0x00000000c9400000, 0x00000000c9400000, 0x00000000c9500000|  0%| F|  |TAMS 0x00000000c9400000, 0x00000000c9400000| Untracked 
| 119|0x00000000c9500000, 0x00000000c9500000, 0x00000000c9600000|  0%| F|  |TAMS 0x00000000c9500000, 0x00000000c9500000| Untracked 
| 120|0x00000000c9600000, 0x00000000c9600000, 0x00000000c9700000|  0%| F|  |TAMS 0x00000000c9600000, 0x00000000c9600000| Untracked 
| 121|0x00000000c9700000, 0x00000000c9700000, 0x00000000c9800000|  0%| F|  |TAMS 0x00000000c9700000, 0x00000000c9700000| Untracked 
| 122|0x00000000c9800000, 0x00000000c9800000, 0x00000000c9900000|  0%| F|  |TAMS 0x00000000c9800000, 0x00000000c9800000| Untracked 
| 123|0x00000000c9900000, 0x00000000c9900000, 0x00000000c9a00000|  0%| F|  |TAMS 0x00000000c9900000, 0x00000000c9900000| Untracked 
| 124|0x00000000c9a00000, 0x00000000c9a00000, 0x00000000c9b00000|  0%| F|  |TAMS 0x00000000c9a00000, 0x00000000c9a00000| Untracked 
| 125|0x00000000c9b00000, 0x00000000c9b00000, 0x00000000c9c00000|  0%| F|  |TAMS 0x00000000c9b00000, 0x00000000c9b00000| Untracked 
| 126|0x00000000c9c00000, 0x00000000c9c00000, 0x00000000c9d00000|  0%| F|  |TAMS 0x00000000c9c00000, 0x00000000c9c00000| Untracked 
| 127|0x00000000c9d00000, 0x00000000c9d00000, 0x00000000c9e00000|  0%| F|  |TAMS 0x00000000c9d00000, 0x00000000c9d00000| Untracked 
| 128|0x00000000c9e00000, 0x00000000c9e00000, 0x00000000c9f00000|  0%| F|  |TAMS 0x00000000c9e00000, 0x00000000c9e00000| Untracked 
| 129|0x00000000c9f00000, 0x00000000c9f00000, 0x00000000ca000000|  0%| F|  |TAMS 0x00000000c9f00000, 0x00000000c9f00000| Untracked 
| 130|0x00000000ca000000, 0x00000000ca000000, 0x00000000ca100000|  0%| F|  |TAMS 0x00000000ca000000, 0x00000000ca000000| Untracked 
| 131|0x00000000ca100000, 0x00000000ca100000, 0x00000000ca200000|  0%| F|  |TAMS 0x00000000ca100000, 0x00000000ca100000| Untracked 
| 132|0x00000000ca200000, 0x00000000ca200000, 0x00000000ca300000|  0%| F|  |TAMS 0x00000000ca200000, 0x00000000ca200000| Untracked 
| 133|0x00000000ca300000, 0x00000000ca300000, 0x00000000ca400000|  0%| F|  |TAMS 0x00000000ca300000, 0x00000000ca300000| Untracked 
| 134|0x00000000ca400000, 0x00000000ca400000, 0x00000000ca500000|  0%| F|  |TAMS 0x00000000ca400000, 0x00000000ca400000| Untracked 
| 135|0x00000000ca500000, 0x00000000ca500000, 0x00000000ca600000|  0%| F|  |TAMS 0x00000000ca500000, 0x00000000ca500000| Untracked 
| 136|0x00000000ca600000, 0x00000000ca600000, 0x00000000ca700000|  0%| F|  |TAMS 0x00000000ca600000, 0x00000000ca600000| Untracked 
| 137|0x00000000ca700000, 0x00000000ca700000, 0x00000000ca800000|  0%| F|  |TAMS 0x00000000ca700000, 0x00000000ca700000| Untracked 
| 138|0x00000000ca800000, 0x00000000ca800000, 0x00000000ca900000|  0%| F|  |TAMS 0x00000000ca800000, 0x00000000ca800000| Untracked 
| 139|0x00000000ca900000, 0x00000000ca900000, 0x00000000caa00000|  0%| F|  |TAMS 0x00000000ca900000, 0x00000000ca900000| Untracked 
| 140|0x00000000caa00000, 0x00000000caa00000, 0x00000000cab00000|  0%| F|  |TAMS 0x00000000caa00000, 0x00000000caa00000| Untracked 
| 141|0x00000000cab00000, 0x00000000cab00000, 0x00000000cac00000|  0%| F|  |TAMS 0x00000000cab00000, 0x00000000cab00000| Untracked 
| 142|0x00000000cac00000, 0x00000000cac00000, 0x00000000cad00000|  0%| F|  |TAMS 0x00000000cac00000, 0x00000000cac00000| Untracked 
| 143|0x00000000cad00000, 0x00000000cad00000, 0x00000000cae00000|  0%| F|  |TAMS 0x00000000cad00000, 0x00000000cad00000| Untracked 
| 144|0x00000000cae00000, 0x00000000cae00000, 0x00000000caf00000|  0%| F|  |TAMS 0x00000000cae00000, 0x00000000cae00000| Untracked 
| 145|0x00000000caf00000, 0x00000000caf00000, 0x00000000cb000000|  0%| F|  |TAMS 0x00000000caf00000, 0x00000000caf00000| Untracked 
| 146|0x00000000cb000000, 0x00000000cb000000, 0x00000000cb100000|  0%| F|  |TAMS 0x00000000cb000000, 0x00000000cb000000| Untracked 
| 147|0x00000000cb100000, 0x00000000cb100000, 0x00000000cb200000|  0%| F|  |TAMS 0x00000000cb100000, 0x00000000cb100000| Untracked 
| 148|0x00000000cb200000, 0x00000000cb200000, 0x00000000cb300000|  0%| F|  |TAMS 0x00000000cb200000, 0x00000000cb200000| Untracked 
| 149|0x00000000cb300000, 0x00000000cb300000, 0x00000000cb400000|  0%| F|  |TAMS 0x00000000cb300000, 0x00000000cb300000| Untracked 
| 150|0x00000000cb400000, 0x00000000cb400000, 0x00000000cb500000|  0%| F|  |TAMS 0x00000000cb400000, 0x00000000cb400000| Untracked 
| 151|0x00000000cb500000, 0x00000000cb500000, 0x00000000cb600000|  0%| F|  |TAMS 0x00000000cb500000, 0x00000000cb500000| Untracked 
| 152|0x00000000cb600000, 0x00000000cb600000, 0x00000000cb700000|  0%| F|  |TAMS 0x00000000cb600000, 0x00000000cb600000| Untracked 
| 153|0x00000000cb700000, 0x00000000cb700000, 0x00000000cb800000|  0%| F|  |TAMS 0x00000000cb700000, 0x00000000cb700000| Untracked 
| 154|0x00000000cb800000, 0x00000000cb800000, 0x00000000cb900000|  0%| F|  |TAMS 0x00000000cb800000, 0x00000000cb800000| Untracked 
| 155|0x00000000cb900000, 0x00000000cb900000, 0x00000000cba00000|  0%| F|  |TAMS 0x00000000cb900000, 0x00000000cb900000| Untracked 
| 156|0x00000000cba00000, 0x00000000cba00000, 0x00000000cbb00000|  0%| F|  |TAMS 0x00000000cba00000, 0x00000000cba00000| Untracked 
| 157|0x00000000cbb00000, 0x00000000cbb00000, 0x00000000cbc00000|  0%| F|  |TAMS 0x00000000cbb00000, 0x00000000cbb00000| Untracked 
| 158|0x00000000cbc00000, 0x00000000cbc00000, 0x00000000cbd00000|  0%| F|  |TAMS 0x00000000cbc00000, 0x00000000cbc00000| Untracked 
| 159|0x00000000cbd00000, 0x00000000cbd00000, 0x00000000cbe00000|  0%| F|  |TAMS 0x00000000cbd00000, 0x00000000cbd00000| Untracked 
| 160|0x00000000cbe00000, 0x00000000cbe00000, 0x00000000cbf00000|  0%| F|  |TAMS 0x00000000cbe00000, 0x00000000cbe00000| Untracked 
| 161|0x00000000cbf00000, 0x00000000cbf00000, 0x00000000cc000000|  0%| F|  |TAMS 0x00000000cbf00000, 0x00000000cbf00000| Untracked 
| 162|0x00000000cc000000, 0x00000000cc000000, 0x00000000cc100000|  0%| F|  |TAMS 0x00000000cc000000, 0x00000000cc000000| Untracked 
| 163|0x00000000cc100000, 0x00000000cc100000, 0x00000000cc200000|  0%| F|  |TAMS 0x00000000cc100000, 0x00000000cc100000| Untracked 
| 164|0x00000000cc200000, 0x00000000cc200000, 0x00000000cc300000|  0%| F|  |TAMS 0x00000000cc200000, 0x00000000cc200000| Untracked 
| 165|0x00000000cc300000, 0x00000000cc300000, 0x00000000cc400000|  0%| F|  |TAMS 0x00000000cc300000, 0x00000000cc300000| Untracked 
| 166|0x00000000cc400000, 0x00000000cc400000, 0x00000000cc500000|  0%| F|  |TAMS 0x00000000cc400000, 0x00000000cc400000| Untracked 
| 167|0x00000000cc500000, 0x00000000cc500000, 0x00000000cc600000|  0%| F|  |TAMS 0x00000000cc500000, 0x00000000cc500000| Untracked 
| 168|0x00000000cc600000, 0x00000000cc600000, 0x00000000cc700000|  0%| F|  |TAMS 0x00000000cc600000, 0x00000000cc600000| Untracked 
| 169|0x00000000cc700000, 0x00000000cc700000, 0x00000000cc800000|  0%| F|  |TAMS 0x00000000cc700000, 0x00000000cc700000| Untracked 
| 170|0x00000000cc800000, 0x00000000cc800000, 0x00000000cc900000|  0%| F|  |TAMS 0x00000000cc800000, 0x00000000cc800000| Untracked 
| 171|0x00000000cc900000, 0x00000000cc900000, 0x00000000cca00000|  0%| F|  |TAMS 0x00000000cc900000, 0x00000000cc900000| Untracked 
| 172|0x00000000cca00000, 0x00000000cca00000, 0x00000000ccb00000|  0%| F|  |TAMS 0x00000000cca00000, 0x00000000cca00000| Untracked 
| 173|0x00000000ccb00000, 0x00000000ccb00000, 0x00000000ccc00000|  0%| F|  |TAMS 0x00000000ccb00000, 0x00000000ccb00000| Untracked 
| 174|0x00000000ccc00000, 0x00000000ccc00000, 0x00000000ccd00000|  0%| F|  |TAMS 0x00000000ccc00000, 0x00000000ccc00000| Untracked 
| 175|0x00000000ccd00000, 0x00000000ccd00000, 0x00000000cce00000|  0%| F|  |TAMS 0x00000000ccd00000, 0x00000000ccd00000| Untracked 
| 176|0x00000000cce00000, 0x00000000cce00000, 0x00000000ccf00000|  0%| F|  |TAMS 0x00000000cce00000, 0x00000000cce00000| Untracked 
| 177|0x00000000ccf00000, 0x00000000ccf00000, 0x00000000cd000000|  0%| F|  |TAMS 0x00000000ccf00000, 0x00000000ccf00000| Untracked 
| 178|0x00000000cd000000, 0x00000000cd000000, 0x00000000cd100000|  0%| F|  |TAMS 0x00000000cd000000, 0x00000000cd000000| Untracked 
| 179|0x00000000cd100000, 0x00000000cd100000, 0x00000000cd200000|  0%| F|  |TAMS 0x00000000cd100000, 0x00000000cd100000| Untracked 
| 180|0x00000000cd200000, 0x00000000cd200000, 0x00000000cd300000|  0%| F|  |TAMS 0x00000000cd200000, 0x00000000cd200000| Untracked 
| 181|0x00000000cd300000, 0x00000000cd300000, 0x00000000cd400000|  0%| F|  |TAMS 0x00000000cd300000, 0x00000000cd300000| Untracked 
| 182|0x00000000cd400000, 0x00000000cd400000, 0x00000000cd500000|  0%| F|  |TAMS 0x00000000cd400000, 0x00000000cd400000| Untracked 
| 183|0x00000000cd500000, 0x00000000cd500000, 0x00000000cd600000|  0%| F|  |TAMS 0x00000000cd500000, 0x00000000cd500000| Untracked 
| 184|0x00000000cd600000, 0x00000000cd600000, 0x00000000cd700000|  0%| F|  |TAMS 0x00000000cd600000, 0x00000000cd600000| Untracked 
| 185|0x00000000cd700000, 0x00000000cd73b958, 0x00000000cd800000| 23%| E|  |TAMS 0x00000000cd700000, 0x00000000cd700000| Complete 
| 186|0x00000000cd800000, 0x00000000cd900000, 0x00000000cd900000|100%| E|CS|TAMS 0x00000000cd800000, 0x00000000cd800000| Complete 
| 187|0x00000000cd900000, 0x00000000cda00000, 0x00000000cda00000|100%| E|CS|TAMS 0x00000000cd900000, 0x00000000cd900000| Complete 
| 188|0x00000000cda00000, 0x00000000cdb00000, 0x00000000cdb00000|100%| E|CS|TAMS 0x00000000cda00000, 0x00000000cda00000| Complete 
| 189|0x00000000cdb00000, 0x00000000cdc00000, 0x00000000cdc00000|100%| E|CS|TAMS 0x00000000cdb00000, 0x00000000cdb00000| Complete 
| 190|0x00000000cdc00000, 0x00000000cdc5f938, 0x00000000cdd00000| 37%| S|CS|TAMS 0x00000000cdc00000, 0x00000000cdc00000| Complete 
| 191|0x00000000cdd00000, 0x00000000cde00000, 0x00000000cde00000|100%| E|CS|TAMS 0x00000000cdd00000, 0x00000000cdd00000| Complete 
| 192|0x00000000cde00000, 0x00000000cdf00000, 0x00000000cdf00000|100%| E|CS|TAMS 0x00000000cde00000, 0x00000000cde00000| Complete 
| 193|0x00000000cdf00000, 0x00000000ce000000, 0x00000000ce000000|100%| E|CS|TAMS 0x00000000cdf00000, 0x00000000cdf00000| Complete 
| 220|0x00000000cfa00000, 0x00000000cfb00000, 0x00000000cfb00000|100%| E|CS|TAMS 0x00000000cfa00000, 0x00000000cfa00000| Complete 
| 221|0x00000000cfb00000, 0x00000000cfc00000, 0x00000000cfc00000|100%| E|CS|TAMS 0x00000000cfb00000, 0x00000000cfb00000| Complete 
| 222|0x00000000cfc00000, 0x00000000cfd00000, 0x00000000cfd00000|100%| E|CS|TAMS 0x00000000cfc00000, 0x00000000cfc00000| Complete 
| 223|0x00000000cfd00000, 0x00000000cfe00000, 0x00000000cfe00000|100%| E|CS|TAMS 0x00000000cfd00000, 0x00000000cfd00000| Complete 
| 224|0x00000000cfe00000, 0x00000000cff00000, 0x00000000cff00000|100%| E|CS|TAMS 0x00000000cfe00000, 0x00000000cfe00000| Complete 
| 225|0x00000000cff00000, 0x00000000d0000000, 0x00000000d0000000|100%| E|CS|TAMS 0x00000000cff00000, 0x00000000cff00000| Complete 

Card table byte_map: [0x00000237c3820000,0x00000237c3a20000] _byte_map_base: 0x00000237c3211000

Marking Bits (Prev, Next): (CMBitMap*) 0x00000237acdb70b0, (CMBitMap*) 0x00000237acdb70f0
 Prev Bits: [0x00000237c3c20000, 0x00000237c4ba8000)
 Next Bits: [0x00000237c4bb0000, 0x00000237c5b38000)

Polling page: 0x00000237aabf0000

Metaspace:

Usage:
  Non-class:     75.66 MB used.
      Class:     11.22 MB used.
       Both:     86.88 MB used.

Virtual space:
  Non-class space:      128.00 MB reserved,      76.00 MB ( 59%) committed,  2 nodes.
      Class space:        1.00 GB reserved,      11.56 MB (  1%) committed,  1 nodes.
             Both:        1.12 GB reserved,      87.56 MB (  8%) committed. 

Chunk freelists:
   Non-Class:  3.48 MB
       Class:  4.27 MB
        Both:  7.75 MB

MaxMetaspaceSize: unlimited
CompressedClassSpaceSize: 1.00 GB
Initial GC threshold: 21.00 MB
Current GC threshold: 145.88 MB
CDS: on
MetaspaceReclaimPolicy: balanced
 - commit_granule_bytes: 65536.
 - commit_granule_words: 8192.
 - virtual_space_node_default_size: 8388608.
 - enlarge_chunks_in_place: 1.
 - new_chunks_are_fully_committed: 0.
 - uncommit_free_chunks: 1.
 - use_allocation_guard: 0.
 - handle_deallocations: 1.


Internal statistics:

num_allocs_failed_limit: 12.
num_arena_births: 1146.
num_arena_deaths: 0.
num_vsnodes_births: 3.
num_vsnodes_deaths: 0.
num_space_committed: 1401.
num_space_uncommitted: 0.
num_chunks_returned_to_freelist: 12.
num_chunks_taken_from_freelist: 4644.
num_chunk_merges: 12.
num_chunk_splits: 3260.
num_chunks_enlarged: 2443.
num_inconsistent_stats: 0.

CodeHeap 'non-profiled nmethods': size=120000Kb used=12174Kb max_used=12174Kb free=107825Kb
 bounds [0x00000237bc0f0000, 0x00000237bcce0000, 0x00000237c3620000]
CodeHeap 'profiled nmethods': size=120000Kb used=24309Kb max_used=26986Kb free=95690Kb
 bounds [0x00000237b4620000, 0x00000237b6080000, 0x00000237bbb50000]
CodeHeap 'non-nmethods': size=5760Kb used=1364Kb max_used=1458Kb free=4395Kb
 bounds [0x00000237bbb50000, 0x00000237bbdc0000, 0x00000237bc0f0000]
 total_blobs=14683 nmethods=13984 adapters=608
 compilation: enabled
              stopped_count=0, restarted_count=0
 full_count=0

Compilation events (20 events):
Event: 490.706 Thread 0x0000023809133d60 17394       3       org.hibernate.query.sqm.internal.QuerySqmImpl::hasMultiValuedParameterBindings (35 bytes)
Event: 490.715 Thread 0x0000023809133d60 nmethod 17394 0x00000237b57e2910 code [0x00000237b57e2ae0, 0x00000237b57e2eb8]
Event: 490.749 Thread 0x0000023809133d60 17406   !   2       java.util.concurrent.locks.AbstractQueuedSynchronizer::acquire (407 bytes)
Event: 490.749 Thread 0x000002380912f910 nmethod 17400 0x00000237bccc9e10 code [0x00000237bccca000, 0x00000237bcccadf8]
Event: 490.751 Thread 0x000002380912f910 17403   !   4       org.apache.catalina.connector.Request::recycle (367 bytes)
Event: 490.762 Thread 0x0000023809133d60 nmethod 17406 0x00000237b5a3ab90 code [0x00000237b5a3ae60, 0x00000237b5a3bd98]
Event: 491.278 Thread 0x000002380912f910 nmethod 17403 0x00000237bcccb910 code [0x00000237bcccbb20, 0x00000237bcccdaa8]
Event: 491.278 Thread 0x000002380912f910 17407       4       org.hibernate.query.internal.QueryOptionsImpl::<init> (27 bytes)
Event: 491.304 Thread 0x000002380912f910 nmethod 17407 0x00000237bccce690 code [0x00000237bccce820, 0x00000237bccceb38]
Event: 491.305 Thread 0x000002380912f910 17404   !   4       org.springframework.security.web.header.HeaderWriterFilter::doHeadersAfter (53 bytes)
Event: 491.709 Thread 0x000002380912f910 nmethod 17404 0x00000237bcccec10 code [0x00000237bcccee60, 0x00000237bcccfce0]
Event: 491.709 Thread 0x000002380912f910 17408   !   4       jdk.internal.reflect.GeneratedMethodAccessor89::invoke (61 bytes)
Event: 491.752 Thread 0x000002380912f910 nmethod 17408 0x00000237bccd0c10 code [0x00000237bccd0da0, 0x00000237bccd0e78]
Event: 491.752 Thread 0x000002380912f910 17399       4       org.hibernate.internal.util.collections.BoundedConcurrentHashMap$LIRSHashEntry::tempRemoveFromStack (30 bytes)
Event: 491.759 Thread 0x000002380912f910 nmethod 17399 0x00000237bccd0f90 code [0x00000237bccd1100, 0x00000237bccd1378]
Event: 491.799 Thread 0x000002380912f910 17409       4       org.hibernate.query.spi.AbstractSelectionQuery::beforeQuery (140 bytes)
Event: 492.040 Thread 0x000002380912f910 nmethod 17409 0x00000237bccd1490 code [0x00000237bccd1740, 0x00000237bccd2518]
Event: 492.041 Thread 0x000002380912f910 17411       4       java.util.concurrent.atomic.AtomicIntegerFieldUpdater$AtomicIntegerFieldUpdaterImpl::compareAndSet (19 bytes)
Event: 492.047 Thread 0x000002380912f910 nmethod 17411 0x00000237bccd3690 code [0x00000237bccd3800, 0x00000237bccd3958]
Event: 492.047 Thread 0x000002380912f910 17410   !   4       org.hibernate.query.spi.AbstractSelectionQuery::list (73 bytes)

GC Heap History (20 events):
Event: 242.553 GC heap before
{Heap before GC invocations=38 (full 0):
 garbage-first heap   total 115712K, used 98483K [0x00000000c1e00000, 0x0000000100000000)
  region size 1024K, 44 young (45056K), 1 survivors (1024K)
 Metaspace       used 88516K, committed 89216K, reserved 1179648K
  class space    used 11485K, committed 11840K, reserved 1048576K
}
Event: 242.557 GC heap after
{Heap after GC invocations=39 (full 0):
 garbage-first heap   total 115712K, used 54475K [0x00000000c1e00000, 0x0000000100000000)
  region size 1024K, 1 young (1024K), 1 survivors (1024K)
 Metaspace       used 88516K, committed 89216K, reserved 1179648K
  class space    used 11485K, committed 11840K, reserved 1048576K
}
Event: 242.809 GC heap before
{Heap before GC invocations=39 (full 0):
 garbage-first heap   total 115712K, used 58571K [0x00000000c1e00000, 0x0000000100000000)
  region size 1024K, 5 young (5120K), 1 survivors (1024K)
 Metaspace       used 88519K, committed 89280K, reserved 1179648K
  class space    used 11485K, committed 11840K, reserved 1048576K
}
Event: 242.840 GC heap after
{Heap after GC invocations=40 (full 0):
 garbage-first heap   total 115712K, used 54023K [0x00000000c1e00000, 0x0000000100000000)
  region size 1024K, 1 young (1024K), 1 survivors (1024K)
 Metaspace       used 88519K, committed 89280K, reserved 1179648K
  class space    used 11485K, committed 11840K, reserved 1048576K
}
Event: 259.463 GC heap before
{Heap before GC invocations=40 (full 0):
 garbage-first heap   total 115712K, used 99079K [0x00000000c1e00000, 0x0000000100000000)
  region size 1024K, 45 young (46080K), 1 survivors (1024K)
 Metaspace       used 88604K, committed 89344K, reserved 1179648K
  class space    used 11485K, committed 11840K, reserved 1048576K
}
Event: 259.575 GC heap after
{Heap after GC invocations=41 (full 0):
 garbage-first heap   total 231424K, used 54038K [0x00000000c1e00000, 0x0000000100000000)
  region size 1024K, 1 young (1024K), 1 survivors (1024K)
 Metaspace       used 88604K, committed 89344K, reserved 1179648K
  class space    used 11485K, committed 11840K, reserved 1048576K
}
Event: 289.522 GC heap before
{Heap before GC invocations=42 (full 0):
 garbage-first heap   total 204800K, used 191254K [0x00000000c1e00000, 0x0000000100000000)
  region size 1024K, 135 young (138240K), 1 survivors (1024K)
 Metaspace       used 88711K, committed 89472K, reserved 1179648K
  class space    used 11486K, committed 11840K, reserved 1048576K
}
Event: 289.748 GC heap after
{Heap after GC invocations=43 (full 0):
 garbage-first heap   total 204800K, used 54026K [0x00000000c1e00000, 0x0000000100000000)
  region size 1024K, 1 young (1024K), 1 survivors (1024K)
 Metaspace       used 88711K, committed 89472K, reserved 1179648K
  class space    used 11486K, committed 11840K, reserved 1048576K
}
Event: 298.469 GC heap before
{Heap before GC invocations=43 (full 0):
 garbage-first heap   total 204800K, used 63242K [0x00000000c1e00000, 0x0000000100000000)
  region size 1024K, 10 young (10240K), 1 survivors (1024K)
 Metaspace       used 88716K, committed 89472K, reserved 1179648K
  class space    used 11486K, committed 11840K, reserved 1048576K
}
Event: 298.498 GC heap after
{Heap after GC invocations=44 (full 0):
 garbage-first heap   total 204800K, used 54055K [0x00000000c1e00000, 0x0000000100000000)
  region size 1024K, 1 young (1024K), 1 survivors (1024K)
 Metaspace       used 88716K, committed 89472K, reserved 1179648K
  class space    used 11486K, committed 11840K, reserved 1048576K
}
Event: 312.575 GC heap before
{Heap before GC invocations=44 (full 0):
 garbage-first heap   total 204800K, used 175911K [0x00000000c1e00000, 0x0000000100000000)
  region size 1024K, 120 young (122880K), 1 survivors (1024K)
 Metaspace       used 88898K, committed 89600K, reserved 1179648K
  class space    used 11487K, committed 11840K, reserved 1048576K
}
Event: 312.668 GC heap after
{Heap after GC invocations=45 (full 0):
 garbage-first heap   total 204800K, used 54103K [0x00000000c1e00000, 0x0000000100000000)
  region size 1024K, 1 young (1024K), 1 survivors (1024K)
 Metaspace       used 88898K, committed 89600K, reserved 1179648K
  class space    used 11487K, committed 11840K, reserved 1048576K
}
Event: 342.391 GC heap before
{Heap before GC invocations=45 (full 0):
 garbage-first heap   total 204800K, used 174935K [0x00000000c1e00000, 0x0000000100000000)
  region size 1024K, 120 young (122880K), 1 survivors (1024K)
 Metaspace       used 88922K, committed 89600K, reserved 1179648K
  class space    used 11487K, committed 11840K, reserved 1048576K
}
Event: 342.788 GC heap after
{Heap after GC invocations=46 (full 0):
 garbage-first heap   total 204800K, used 54081K [0x00000000c1e00000, 0x0000000100000000)
  region size 1024K, 1 young (1024K), 1 survivors (1024K)
 Metaspace       used 88922K, committed 89600K, reserved 1179648K
  class space    used 11487K, committed 11840K, reserved 1048576K
}
Event: 449.674 GC heap before
{Heap before GC invocations=46 (full 0):
 garbage-first heap   total 204800K, used 174913K [0x00000000c1e00000, 0x0000000100000000)
  region size 1024K, 120 young (122880K), 1 survivors (1024K)
 Metaspace       used 88946K, committed 89600K, reserved 1179648K
  class space    used 11487K, committed 11840K, reserved 1048576K
}
Event: 449.904 GC heap after
{Heap after GC invocations=47 (full 0):
 garbage-first heap   total 204800K, used 54082K [0x00000000c1e00000, 0x0000000100000000)
  region size 1024K, 1 young (1024K), 1 survivors (1024K)
 Metaspace       used 88946K, committed 89600K, reserved 1179648K
  class space    used 11487K, committed 11840K, reserved 1048576K
}
Event: 492.551 GC heap before
{Heap before GC invocations=48 (full 0):
 garbage-first heap   total 204800K, used 175938K [0x00000000c1e00000, 0x0000000100000000)
  region size 1024K, 120 young (122880K), 1 survivors (1024K)
 Metaspace       used 88958K, committed 89664K, reserved 1179648K
  class space    used 11487K, committed 11840K, reserved 1048576K
}
Event: 492.999 GC heap after
{Heap after GC invocations=49 (full 0):
 garbage-first heap   total 204800K, used 54125K [0x00000000c1e00000, 0x0000000100000000)
  region size 1024K, 1 young (1024K), 1 survivors (1024K)
 Metaspace       used 88958K, committed 89664K, reserved 1179648K
  class space    used 11487K, committed 11840K, reserved 1048576K
}
Event: 493.466 GC heap before
{Heap before GC invocations=49 (full 0):
 garbage-first heap   total 204800K, used 63341K [0x00000000c1e00000, 0x0000000100000000)
  region size 1024K, 10 young (10240K), 1 survivors (1024K)
 Metaspace       used 88958K, committed 89664K, reserved 1179648K
  class space    used 11487K, committed 11840K, reserved 1048576K
}
Event: 493.610 GC heap after
{Heap after GC invocations=50 (full 0):
 garbage-first heap   total 204800K, used 53777K [0x00000000c1e00000, 0x0000000100000000)
  region size 1024K, 1 young (1024K), 1 survivors (1024K)
 Metaspace       used 88958K, committed 89664K, reserved 1179648K
  class space    used 11487K, committed 11840K, reserved 1048576K
}

Deoptimization events (20 events):
Event: 463.696 Thread 0x000002380f6a50f0 DEOPT PACKING pc=0x00000237bccbfc08 sp=0x000000fb595fc150
Event: 463.696 Thread 0x000002380f6a37a0 DEOPT PACKING pc=0x00000237bccbfc08 sp=0x000000fb597fb770
Event: 463.696 Thread 0x000002380f6a0f20 DEOPT PACKING pc=0x00000237bccbfc08 sp=0x000000fb592fc1a0
Event: 463.696 Thread 0x000002380f6a5600 DEOPT PACKING pc=0x00000237bccbfc08 sp=0x000000fb593fbd50
Event: 463.696 Thread 0x000002380e3e9ec0 DEOPT PACKING pc=0x00000237bccbfc08 sp=0x000000fb58dfb8c0
Event: 463.696 Thread 0x000002380f6a6530 DEOPT PACKING pc=0x00000237bccbfc08 sp=0x000000fb599fb670
Event: 463.703 Thread 0x000002380f6a0f20 DEOPT UNPACKING pc=0x00000237bbba23a3 sp=0x000000fb592fbf60 mode 2
Event: 463.703 Thread 0x000002380e3e9ec0 DEOPT UNPACKING pc=0x00000237bbba23a3 sp=0x000000fb58dfb680 mode 2
Event: 463.704 Thread 0x000002380f6a50f0 DEOPT UNPACKING pc=0x00000237bbba23a3 sp=0x000000fb595fbf10 mode 2
Event: 463.711 Thread 0x000002380f6a5600 DEOPT UNPACKING pc=0x00000237bbba23a3 sp=0x000000fb593fbb10 mode 2
Event: 463.712 Thread 0x000002380f6a6530 DEOPT UNPACKING pc=0x00000237bbba23a3 sp=0x000000fb599fb430 mode 2
Event: 463.715 Thread 0x000002380f6a37a0 DEOPT UNPACKING pc=0x00000237bbba23a3 sp=0x000000fb597fb530 mode 2
Event: 489.754 Thread 0x000002380e3ea3d0 Uncommon trap: trap_request=0xffffff5c fr.pc=0x00000237bcb8d8e4 relative=0x0000000000000d24
Event: 489.775 Thread 0x000002380e3ea3d0 Uncommon trap: reason=speculate_null_check action=make_not_entrant pc=0x00000237bcb8d8e4 method=java.util.concurrent.locks.AbstractQueuedSynchronizer.acquire(Ljava/util/concurrent/locks/AbstractQueuedSynchronizer$Node;IZZZJ)I @ 254 c2
Event: 489.787 Thread 0x000002380e3ea3d0 DEOPT PACKING pc=0x00000237bcb8d8e4 sp=0x000000fb591fc2f0
Event: 489.805 Thread 0x000002380e3ea3d0 DEOPT UNPACKING pc=0x00000237bbba23a3 sp=0x000000fb591fc280 mode 2
Event: 489.956 Thread 0x000002380f6a0f20 Uncommon trap: trap_request=0xfffffff4 fr.pc=0x00000237bcb98270 relative=0x0000000000001750
Event: 489.959 Thread 0x000002380f6a0f20 Uncommon trap: reason=null_check action=make_not_entrant pc=0x00000237bcb98270 method=com.fasterxml.jackson.databind.ser.std.DateTimeSerializerBase._serializeAsString(Ljava/util/Date;Lcom/fasterxml/jackson/core/JsonGenerator;Lcom/fasterxml/jackson/databin
Event: 489.959 Thread 0x000002380f6a0f20 DEOPT PACKING pc=0x00000237bcb98270 sp=0x000000fb592fbf30
Event: 489.974 Thread 0x000002380f6a0f20 DEOPT UNPACKING pc=0x00000237bbba23a3 sp=0x000000fb592fbe18 mode 2

Classes unloaded (0 events):
No events

Classes redefined (0 events):
No events

Internal exceptions (20 events):
Event: 12.964 Thread 0x00000237acd7a290 Exception <a 'java/lang/reflect/InvocationTargetException'{0x00000000c72a04c8}> (0x00000000c72a04c8) 
thrown [s\open\src\hotspot\share\runtime\reflection.cpp, line 1121]
Event: 13.002 Thread 0x00000237acd7a290 Exception <a 'java/lang/reflect/InvocationTargetException'{0x00000000c6f84550}> (0x00000000c6f84550) 
thrown [s\open\src\hotspot\share\runtime\reflection.cpp, line 1121]
Event: 13.003 Thread 0x00000237acd7a290 Exception <a 'java/lang/reflect/InvocationTargetException'{0x00000000c6f8d7d8}> (0x00000000c6f8d7d8) 
thrown [s\open\src\hotspot\share\runtime\reflection.cpp, line 1121]
Event: 15.315 Thread 0x00000237acd7a290 Exception <a 'java/lang/IncompatibleClassChangeError'{0x00000000c8b08740}: Found class java.lang.Object, but interface was expected> (0x00000000c8b08740) 
thrown [s\open\src\hotspot\share\interpreter\linkResolver.cpp, line 826]
Event: 15.427 Thread 0x00000237acd7a290 Exception <a 'java/lang/NoSuchMethodError'{0x00000000c8759830}: 'java.lang.Object java.lang.invoke.DirectMethodHandle$Holder.invokeInterface(java.lang.Object, java.lang.Object, java.lang.Object, java.lang.Object)'> (0x00000000c8759830) 
thrown [s\open\src\hotspot\share\interpreter\linkResolver.cpp, line 759]
Event: 15.715 Thread 0x00000237acd7a290 Exception <a 'java/lang/IncompatibleClassChangeError'{0x00000000c7d41b18}: Found class java.lang.Object, but interface was expected> (0x00000000c7d41b18) 
thrown [s\open\src\hotspot\share\interpreter\linkResolver.cpp, line 826]
Event: 15.734 Thread 0x00000237acd7a290 Exception <a 'sun/nio/fs/WindowsException'{0x00000000c7c34670}> (0x00000000c7c34670) 
thrown [s\open\src\hotspot\share\prims\jni.cpp, line 516]
Event: 15.962 Thread 0x00000237acd7a290 Exception <a 'java/lang/NoSuchMethodError'{0x00000000c7092fa0}: 'void java.lang.invoke.DirectMethodHandle$Holder.invokeVirtual(java.lang.Object, java.lang.Object, long)'> (0x00000000c7092fa0) 
thrown [s\open\src\hotspot\share\interpreter\linkResolver.cpp, line 759]
Event: 15.968 Thread 0x00000237acd7a290 Exception <a 'java/lang/NoSuchMethodError'{0x00000000c70f13d8}: 'java.lang.Object java.lang.invoke.DirectMethodHandle$Holder.newInvokeSpecial(java.lang.Object, java.lang.Object, int, java.lang.Object, java.lang.Object)'> (0x00000000c70f13d8) 
thrown [s\open\src\hotspot\share\interpreter\linkResolver.cpp, line 759]
Event: 208.749 Thread 0x000002380f6a5600 Exception <a 'java/lang/NoSuchMethodError'{0x00000000c6e561f0}: 'java.lang.Object java.lang.invoke.DirectMethodHandle$Holder.invokeSpecial(java.lang.Object, java.lang.Object, java.lang.Object, java.lang.Object, java.lang.Object, long)'> (0x00000000c6e561f0) 
thrown [s\open\src\hotspot\share\interpreter\linkResolver.cpp, line 759]
Event: 208.755 Thread 0x000002380f6a5600 Exception <a 'java/lang/NoSuchMethodError'{0x00000000c6e59c30}: 'java.lang.Object java.lang.invoke.Invokers$Holder.linkToTargetMethod(java.lang.Object, java.lang.Object, java.lang.Object, long, java.lang.Object)'> (0x00000000c6e59c30) 
thrown [s\open\src\hotspot\share\interpreter\linkResolver.cpp, line 759]
Event: 211.576 Thread 0x000002380e3ea3d0 Exception <a 'java/lang/IncompatibleClassChangeError'{0x00000000c8716898}: Found class java.lang.Object, but interface was expected> (0x00000000c8716898) 
thrown [s\open\src\hotspot\share\interpreter\linkResolver.cpp, line 826]
Event: 211.576 Thread 0x000002380f6a5600 Exception <a 'java/lang/IncompatibleClassChangeError'{0x00000000c8738e50}: Found class java.lang.Object, but interface was expected> (0x00000000c8738e50) 
thrown [s\open\src\hotspot\share\interpreter\linkResolver.cpp, line 826]
Event: 211.946 Thread 0x000002380f6a3290 Exception <a 'java/lang/NoSuchMethodError'{0x00000000c85e1d70}: 'java.lang.Object java.lang.invoke.DirectMethodHandle$Holder.invokeInterface(java.lang.Object, java.lang.Object, int)'> (0x00000000c85e1d70) 
thrown [s\open\src\hotspot\share\interpreter\linkResolver.cpp, line 759]
Event: 212.028 Thread 0x000002380e3e9ec0 Exception <a 'java/lang/IncompatibleClassChangeError'{0x00000000c8308a60}: Found class java.lang.Object, but interface was expected> (0x00000000c8308a60) 
thrown [s\open\src\hotspot\share\interpreter\linkResolver.cpp, line 826]
Event: 212.066 Thread 0x000002380f6a3290 Exception <a 'java/lang/NoSuchMethodError'{0x00000000c837f728}: 'void java.lang.invoke.DirectMethodHandle$Holder.invokeSpecialIFC(java.lang.Object, java.lang.Object, int, java.lang.Object, java.lang.Object, java.lang.Object, java.lang.Object)'> (0x00000000c837f728) 
thrown [s\open\src\hotspot\share\interpreter\linkResolver.cpp, line 759]
Event: 212.260 Thread 0x000002380f6a3290 Implicit null exception at 0x00000237bc4b0460 to 0x00000237bc4b0828
Event: 214.644 Thread 0x000002380f6a6f50 Implicit null exception at 0x00000237bc383dea to 0x00000237bc385ea0
Event: 214.644 Thread 0x000002380f6a6f50 Implicit null exception at 0x00000237bc33cb6d to 0x00000237bc33cc08
Event: 489.953 Thread 0x000002380f6a0f20 Implicit null exception at 0x00000237bcb96e2b to 0x00000237bcb9825c

VM Operations (20 events):
Event: 458.368 Executing VM operation: Cleanup
Event: 458.369 Executing VM operation: Cleanup done
Event: 459.374 Executing VM operation: Cleanup
Event: 459.374 Executing VM operation: Cleanup done
Event: 462.405 Executing VM operation: Cleanup
Event: 462.405 Executing VM operation: Cleanup done
Event: 463.410 Executing VM operation: Cleanup
Event: 463.426 Executing VM operation: Cleanup done
Event: 464.429 Executing VM operation: Cleanup
Event: 464.429 Executing VM operation: Cleanup done
Event: 481.351 Executing VM operation: HandshakeAllThreads
Event: 481.366 Executing VM operation: HandshakeAllThreads done
Event: 490.437 Executing VM operation: Cleanup
Event: 490.460 Executing VM operation: Cleanup done
Event: 491.465 Executing VM operation: Cleanup
Event: 491.527 Executing VM operation: Cleanup done
Event: 492.447 Executing VM operation: G1CollectForAllocation
Event: 493.000 Executing VM operation: G1CollectForAllocation done
Event: 493.448 Executing VM operation: G1CollectForAllocation
Event: 493.613 Executing VM operation: G1CollectForAllocation done

Events (20 events):
Event: 452.363 Thread 0x00000238091453d0 flushing nmethod 0x00000237b5b01e10
Event: 452.363 Thread 0x00000238091453d0 flushing nmethod 0x00000237b5b33d10
Event: 452.363 Thread 0x00000238091453d0 flushing nmethod 0x00000237b5b34710
Event: 452.363 Thread 0x00000238091453d0 flushing nmethod 0x00000237b5badf90
Event: 452.363 Thread 0x00000238091453d0 flushing nmethod 0x00000237b5be3c90
Event: 452.363 Thread 0x00000238091453d0 flushing nmethod 0x00000237b5bf4c10
Event: 452.363 Thread 0x00000238091453d0 flushing nmethod 0x00000237b5c02f90
Event: 452.363 Thread 0x00000238091453d0 flushing nmethod 0x00000237b5c17e10
Event: 452.363 Thread 0x00000238091453d0 flushing nmethod 0x00000237b5c24590
Event: 452.364 Thread 0x00000238091453d0 flushing nmethod 0x00000237b5c29610
Event: 452.364 Thread 0x00000238091453d0 flushing nmethod 0x00000237b5c34b10
Event: 452.364 Thread 0x00000238091453d0 flushing nmethod 0x00000237b5c38d90
Event: 452.365 Thread 0x00000238091453d0 flushing nmethod 0x00000237b5c79590
Event: 452.365 Thread 0x00000238091453d0 flushing nmethod 0x00000237b5c7a010
Event: 452.365 Thread 0x00000238091453d0 flushing nmethod 0x00000237b5c84310
Event: 452.365 Thread 0x00000238091453d0 flushing nmethod 0x00000237b5cc1990
Event: 452.366 Thread 0x00000238091453d0 flushing nmethod 0x00000237b5ceea10
Event: 452.367 Thread 0x00000238091453d0 flushing nmethod 0x00000237b5d96910
Event: 452.367 Thread 0x00000238091453d0 flushing nmethod 0x00000237b5d97b90
Event: 452.368 Thread 0x00000238091453d0 flushing nmethod 0x00000237b5ec4110


Dynamic libraries:
0x00007ff792ff0000 - 0x00007ff793000000 	C:\Program Files\Java\jdk-17\bin\java.exe
0x00007ff9e9f90000 - 0x00007ff9ea188000 	C:\Windows\SYSTEM32\ntdll.dll
0x00007ff9e8a30000 - 0x00007ff9e8af2000 	C:\Windows\System32\KERNEL32.DLL
0x00007ff9e7650000 - 0x00007ff9e7946000 	C:\Windows\System32\KERNELBASE.dll
0x00007ff9e7b50000 - 0x00007ff9e7c50000 	C:\Windows\System32\ucrtbase.dll
0x00007ff9e4c30000 - 0x00007ff9e4c4b000 	C:\Program Files\Java\jdk-17\bin\VCRUNTIME140.dll
0x00007ff9e3880000 - 0x00007ff9e3899000 	C:\Program Files\Java\jdk-17\bin\jli.dll
0x00007ff9e8bf0000 - 0x00007ff9e8ca1000 	C:\Windows\System32\ADVAPI32.dll
0x00007ff9e8370000 - 0x00007ff9e840e000 	C:\Windows\System32\msvcrt.dll
0x00007ff9e9e20000 - 0x00007ff9e9ebf000 	C:\Windows\System32\sechost.dll
0x00007ff9e8490000 - 0x00007ff9e85b3000 	C:\Windows\System32\RPCRT4.dll
0x00007ff9e7ce0000 - 0x00007ff9e7d07000 	C:\Windows\System32\bcrypt.dll
0x00007ff9e8f90000 - 0x00007ff9e912d000 	C:\Windows\System32\USER32.dll
0x00007ff9e7620000 - 0x00007ff9e7642000 	C:\Windows\System32\win32u.dll
0x00007ff9cf380000 - 0x00007ff9cf61a000 	C:\Windows\WinSxS\amd64_microsoft.windows.common-controls_6595b64144ccf1df_6.0.19041.5915_none_60b4b9d171f9c7c7\COMCTL32.dll
0x00007ff9e8f60000 - 0x00007ff9e8f8b000 	C:\Windows\System32\GDI32.dll
0x00007ff9e7e90000 - 0x00007ff9e7fa9000 	C:\Windows\System32\gdi32full.dll
0x00007ff9e7ab0000 - 0x00007ff9e7b4d000 	C:\Windows\System32\msvcp_win.dll
0x00007ff9e1a00000 - 0x00007ff9e1a0a000 	C:\Windows\SYSTEM32\VERSION.dll
0x00007ff9e8d60000 - 0x00007ff9e8d8f000 	C:\Windows\System32\IMM32.DLL
0x00007ff9e4c20000 - 0x00007ff9e4c2c000 	C:\Program Files\Java\jdk-17\bin\vcruntime140_1.dll
0x00007ff9b2950000 - 0x00007ff9b29de000 	C:\Program Files\Java\jdk-17\bin\msvcp140.dll
0x00007ff977330000 - 0x00007ff977f0f000 	C:\Program Files\Java\jdk-17\bin\server\jvm.dll
0x00007ff9e9f20000 - 0x00007ff9e9f28000 	C:\Windows\System32\PSAPI.DLL
0x00007ff9c4a30000 - 0x00007ff9c4a57000 	C:\Windows\SYSTEM32\WINMM.dll
0x00007ff9d4dd0000 - 0x00007ff9d4dd9000 	C:\Windows\SYSTEM32\WSOCK32.dll
0x00007ff9e9350000 - 0x00007ff9e93bb000 	C:\Windows\System32\WS2_32.dll
0x00007ff9e54c0000 - 0x00007ff9e54d2000 	C:\Windows\SYSTEM32\kernel.appcore.dll
0x00007ff9e3790000 - 0x00007ff9e379a000 	C:\Program Files\Java\jdk-17\bin\jimage.dll
0x00007ff9d4e10000 - 0x00007ff9d5011000 	C:\Windows\SYSTEM32\DBGHELP.DLL
0x00007ff9d32b0000 - 0x00007ff9d32e4000 	C:\Windows\SYSTEM32\dbgcore.DLL
0x00007ff9e7c50000 - 0x00007ff9e7cd2000 	C:\Windows\System32\bcryptPrimitives.dll
0x00007ff9d5ee0000 - 0x00007ff9d5eee000 	C:\Program Files\Java\jdk-17\bin\instrument.dll
0x00007ff9d5f10000 - 0x00007ff9d5f35000 	C:\Program Files\Java\jdk-17\bin\java.dll
0x00007ff9b2870000 - 0x00007ff9b2947000 	C:\Program Files\Java\jdk-17\bin\jsvml.dll
0x00007ff9e95e0000 - 0x00007ff9e9d4e000 	C:\Windows\System32\SHELL32.dll
0x00007ff9e56c0000 - 0x00007ff9e5e64000 	C:\Windows\SYSTEM32\windows.storage.dll
0x00007ff9e7fb0000 - 0x00007ff9e8303000 	C:\Windows\System32\combase.dll
0x00007ff9e6f80000 - 0x00007ff9e6fab000 	C:\Windows\SYSTEM32\Wldp.dll
0x00007ff9e9d50000 - 0x00007ff9e9e1d000 	C:\Windows\System32\OLEAUT32.dll
0x00007ff9e8cb0000 - 0x00007ff9e8d5d000 	C:\Windows\System32\SHCORE.dll
0x00007ff9e9ec0000 - 0x00007ff9e9f1b000 	C:\Windows\System32\shlwapi.dll
0x00007ff9e7550000 - 0x00007ff9e7574000 	C:\Windows\SYSTEM32\profapi.dll
0x00007ff9ce010000 - 0x00007ff9ce028000 	C:\Program Files\Java\jdk-17\bin\zip.dll
0x00007ff9d5ef0000 - 0x00007ff9d5f09000 	C:\Program Files\Java\jdk-17\bin\net.dll
0x00007ff9e14e0000 - 0x00007ff9e15ea000 	C:\Windows\SYSTEM32\WINHTTP.dll
0x00007ff9e6ce0000 - 0x00007ff9e6d4a000 	C:\Windows\system32\mswsock.dll
0x00007ff9d3a00000 - 0x00007ff9d3a16000 	C:\Program Files\Java\jdk-17\bin\nio.dll
0x00007ff9cdff0000 - 0x00007ff9ce00a000 	C:\Program Files\JetBrains\IntelliJ IDEA Community Edition 2022.3.3\bin\breakgen64.dll
0x00007ff9d3950000 - 0x00007ff9d395e000 	C:\Program Files\Java\jdk-17\bin\sunmscapi.dll
0x00007ff9e7950000 - 0x00007ff9e7aad000 	C:\Windows\System32\CRYPT32.dll
0x00007ff9e6ff0000 - 0x00007ff9e7017000 	C:\Windows\SYSTEM32\ncrypt.dll
0x00007ff9e6fb0000 - 0x00007ff9e6feb000 	C:\Windows\SYSTEM32\NTASN1.dll
0x00007ff9e6ee0000 - 0x00007ff9e6ef8000 	C:\Windows\SYSTEM32\CRYPTSP.dll
0x00007ff9e6600000 - 0x00007ff9e6638000 	C:\Windows\system32\rsaenh.dll
0x00007ff9e74d0000 - 0x00007ff9e74fe000 	C:\Windows\SYSTEM32\USERENV.dll
0x00007ff9e6ed0000 - 0x00007ff9e6edc000 	C:\Windows\SYSTEM32\CRYPTBASE.dll
0x00007ff9e69c0000 - 0x00007ff9e69fb000 	C:\Windows\SYSTEM32\IPHLPAPI.DLL
0x00007ff9e9130000 - 0x00007ff9e9138000 	C:\Windows\System32\NSI.dll
0x00007ff9e19e0000 - 0x00007ff9e19f7000 	C:\Windows\SYSTEM32\dhcpcsvc6.DLL
0x00007ff9e1ce0000 - 0x00007ff9e1cfd000 	C:\Windows\SYSTEM32\dhcpcsvc.DLL
0x00007ff9e6a00000 - 0x00007ff9e6aca000 	C:\Windows\SYSTEM32\DNSAPI.dll
0x00007ff9d5d40000 - 0x00007ff9d5d4a000 	C:\Program Files\Java\jdk-17\bin\management.dll
0x00007ff9d39f0000 - 0x00007ff9d39fb000 	C:\Program Files\Java\jdk-17\bin\management_ext.dll
0x00007ff9d5ed0000 - 0x00007ff9d5ee0000 	C:\Program Files\Java\jdk-17\bin\verify.dll
0x00007ff9dcb00000 - 0x00007ff9dcb0a000 	C:\Windows\System32\rasadhlp.dll
0x00007ff9ddd00000 - 0x00007ff9ddd80000 	C:\Windows\System32\fwpuclnt.dll
0x00007ff97c620000 - 0x00007ff97c627000 	C:\Windows\system32\wshunix.dll

dbghelp: loaded successfully - version: 4.0.5 - missing functions: none
symbol engine: initialized successfully - sym options: 0x614 - pdb path: .;C:\Program Files\Java\jdk-17\bin;C:\Windows\SYSTEM32;C:\Windows\WinSxS\amd64_microsoft.windows.common-controls_6595b64144ccf1df_6.0.19041.5915_none_60b4b9d171f9c7c7;C:\Program Files\Java\jdk-17\bin\server;C:\Program Files\JetBrains\IntelliJ IDEA Community Edition 2022.3.3\bin

VM Arguments:
jvm_args: -javaagent:C:\Program Files\JetBrains\IntelliJ IDEA Community Edition 2022.3.3\lib\idea_rt.jar=49184:C:\Program Files\JetBrains\IntelliJ IDEA Community Edition 2022.3.3\bin -Dfile.encoding=UTF-8 
java_command: com.dvml.api.ApiApplication
java_class_path (initial): C:\Users\Pc\Documents\Sys_Hospitalar\api\target\classes;C:\Users\Pc\.m2\repository\org\springframework\boot\spring-boot-starter-data-jpa\3.3.3\spring-boot-starter-data-jpa-3.3.3.jar;C:\Users\Pc\.m2\repository\org\springframework\boot\spring-boot-starter-aop\3.3.3\spring-boot-starter-aop-3.3.3.jar;C:\Users\Pc\.m2\repository\org\aspectj\aspectjweaver\1.9.22.1\aspectjweaver-1.9.22.1.jar;C:\Users\Pc\.m2\repository\org\springframework\boot\spring-boot-starter-jdbc\3.3.3\spring-boot-starter-jdbc-3.3.3.jar;C:\Users\Pc\.m2\repository\com\zaxxer\HikariCP\5.1.0\HikariCP-5.1.0.jar;C:\Users\Pc\.m2\repository\org\springframework\spring-jdbc\6.1.12\spring-jdbc-6.1.12.jar;C:\Users\Pc\.m2\repository\org\hibernate\orm\hibernate-core\6.5.2.Final\hibernate-core-6.5.2.Final.jar;C:\Users\Pc\.m2\repository\jakarta\persistence\jakarta.persistence-api\3.1.0\jakarta.persistence-api-3.1.0.jar;C:\Users\Pc\.m2\repository\jakarta\transaction\jakarta.transaction-api\2.0.1\jakarta.transaction-api-2.0.1.jar;C:\Users\Pc\.m2\repository\org\hibernate\common\hibernate-commons-annotations\6.0.6.Final\hibernate-commons-annotations-6.0.6.Final.jar;C:\Users\Pc\.m2\repository\io\smallrye\jandex\3.1.2\jandex-3.1.2.jar;C:\Users\Pc\.m2\repository\net\bytebuddy\byte-buddy\1.14.19\byte-buddy-1.14.19.jar;C:\Users\Pc\.m2\repository\org\glassfish\jaxb\jaxb-runtime\4.0.5\jaxb-runtime-4.0.5.jar;C:\Users\Pc\.m2\repository\org\glassfish\jaxb\jaxb-core\4.0.5\jaxb-core-4.0.5.jar;C:\Users\Pc\.m2\repository\org\glassfish\jaxb\txw2\4.0.5\txw2-4.0.5.jar;C:\Users\Pc\.m2\repository\com\sun\istack\istack-commons-runtime\4.1.2\istack-commons-runtime-4.1.2.jar;C:\Users\Pc\.m2\repository\jakarta\inject\jakarta.inject-api\2.0.1\jakarta.inject-api-2.0.1.jar;C:\Users\Pc\.m2\repository\org\antlr\antlr4-runtime\4.13.0\antlr4-runtime-4.13.0.jar;C:\Users\Pc\.m2\repository\org\springframework\data\spring-data-jpa\3.3.3\spring-data-jpa-3.3.3.jar;C:\Users\Pc\.m2\repository\org\springframework\data\spring-data-c
Launcher Type: SUN_STANDARD

[Global flags]
     intx CICompilerCount                          = 3                                         {product} {ergonomic}
     uint ConcGCThreads                            = 1                                         {product} {ergonomic}
     uint G1ConcRefinementThreads                  = 4                                         {product} {ergonomic}
   size_t G1HeapRegionSize                         = 1048576                                   {product} {ergonomic}
    uintx GCDrainStackTargetSize                   = 64                                        {product} {ergonomic}
   size_t InitialHeapSize                          = 67108864                                  {product} {ergonomic}
   size_t MarkStackSize                            = 4194304                                   {product} {ergonomic}
   size_t MaxHeapSize                              = 1042284544                                {product} {ergonomic}
   size_t MaxNewSize                               = 624951296                                 {product} {ergonomic}
   size_t MinHeapDeltaBytes                        = 1048576                                   {product} {ergonomic}
   size_t MinHeapSize                              = 8388608                                   {product} {ergonomic}
    uintx NonNMethodCodeHeapSize                   = 5832780                                {pd product} {ergonomic}
    uintx NonProfiledCodeHeapSize                  = 122912730                              {pd product} {ergonomic}
    uintx ProfiledCodeHeapSize                     = 122912730                              {pd product} {ergonomic}
    uintx ReservedCodeCacheSize                    = 251658240                              {pd product} {ergonomic}
     bool SegmentedCodeCache                       = true                                      {product} {ergonomic}
   size_t SoftMaxHeapSize                          = 1042284544                             {manageable} {ergonomic}
     bool UseCompressedClassPointers               = true                           {product lp64_product} {ergonomic}
     bool UseCompressedOops                        = true                           {product lp64_product} {ergonomic}
     bool UseG1GC                                  = true                                      {product} {ergonomic}
     bool UseLargePagesIndividualAllocation        = false                                  {pd product} {ergonomic}

Logging:
Log output configuration:
 #0: stdout all=warning uptime,level,tags
 #1: stderr all=off uptime,level,tags

Environment Variables:
PATH=C:\Program Files\Common Files\Oracle\Java\javapath;C:\Windows\system32;C:\Windows;C:\Windows\System32\Wbem;C:\Windows\System32\WindowsPowerShell\v1.0\;C:\Windows\System32\OpenSSH\;C:\Program Files\nodejs\;C:\Program Files\Git\cmd;C:\Program Files\dotnet\;C:\Users\Pc\AppData\Local\Microsoft\WindowsApps;;C:\Users\Pc\AppData\Local\Programs\Microsoft VS Code\bin;C:\Users\Pc\AppData\Roaming\npm;C:\Program Files\JetBrains\IntelliJ IDEA Community Edition 2022.3.3\bin;;C:\Users\Pc\AppData\Local\Programs\cursor\resources\app\bin
USERNAME=Pc
OS=Windows_NT
PROCESSOR_IDENTIFIER=Intel64 Family 6 Model 158 Stepping 9, GenuineIntel



---------------  S Y S T E M  ---------------

OS:
 Windows 10 , 64 bit Build 19041 (10.0.19041.5915)
OS uptime: 0 days 2:28 hours

CPU: total 4 (initial active 4) (4 cores per cpu, 1 threads per core) family 6 model 158 stepping 9 microcode 0xb4, cx8, cmov, fxsr, mmx, 3dnowpref, sse, sse2, sse3, ssse3, sse4.1, sse4.2, popcnt, lzcnt, tsc, tscinvbit, avx, avx2, aes, erms, clmul, bmi1, bmi2, rtm, adx, fma, vzeroupper, clflush, clflushopt

Memory: 4k page, system-wide physical 3975M (163M free)
TotalPageFile size 16263M (AvailPageFile size 7M)
current process WorkingSet (physical memory assigned to process): 159M, peak: 295M
current process commit charge ("private bytes"): 474M, peak: 492M

vm_info: Java HotSpot(TM) 64-Bit Server VM (17.0.10+11-LTS-240) for windows-amd64 JRE (17.0.10+11-LTS-240), built on Dec 19 2023 21:47:25 by "mach5one" with MS VC++ 17.1 (VS2022)

END.
