#
# There is insufficient memory for the Java Runtime Environment to continue.
# Native memory allocation (malloc) failed to allocate 1613296 bytes for Chunk::new
# Possible reasons:
#   The system is out of physical RAM or swap space
#   The process is running with CompressedOops enabled, and the Java Heap may be blocking the growth of the native heap
# Possible solutions:
#   Reduce memory load on the system
#   Increase physical memory or swap space
#   Check if swap backing store is full
#   Decrease Java heap size (-Xmx/-Xms)
#   Decrease number of Java threads
#   Decrease Java thread stack sizes (-Xss)
#   Set larger code cache with -XX:ReservedCodeCacheSize=
#   JVM is running with Unscaled Compressed Oops mode in which the Java heap is
#     placed in the first 4GB address space. The Java Heap base address is the
#     maximum limit for the native heap growth. Please use -XX:HeapBaseMinAddress
#     to set the Java Heap base and to place the Java Heap above 4GB virtual address.
# This output file may be truncated or incomplete.
#
#  Out of Memory Error (arena.cpp:189), pid=10872, tid=10644
#
# JRE version: Java(TM) SE Runtime Environment (17.0.10+11) (build 17.0.10+11-LTS-240)
# Java VM: Java HotSpot(TM) 64-Bit Server VM (17.0.10+11-LTS-240, mixed mode, sharing, tiered, compressed oops, compressed class ptrs, g1 gc, windows-amd64)
# No core dump will be written. Minidumps are not enabled by default on client versions of Windows
#

---------------  S U M M A R Y ------------

Command Line: -javaagent:C:\Program Files\JetBrains\IntelliJ IDEA Community Edition 2022.3.3\lib\idea_rt.jar=60627:C:\Program Files\JetBrains\IntelliJ IDEA Community Edition 2022.3.3\bin -Dfile.encoding=UTF-8 com.dvml.api.ApiApplication

Host: Intel(R) Core(TM) i5-7500T CPU @ 2.70GHz, 4 cores, 3G,  Windows 10 , 64 bit Build 19041 (10.0.19041.5915)
Time: Fri Jul 25 13:35:51 2025 Hor. Padrão Centro-oeste África elapsed time: 544.437869 seconds (0d 0h 9m 4s)

---------------  T H R E A D  ---------------

Current thread (0x0000015de3c3d170):  JavaThread "C2 CompilerThread0" daemon [_thread_in_native, id=10644, stack(0x00000046a7a00000,0x00000046a7b00000)]


Current CompileTask:
C2: 544440 19197       4       org.hibernate.query.sqm.internal.QuerySqmImpl::doList (91 bytes)

Stack: [0x00000046a7a00000,0x00000046a7b00000]
Native frames: (J=compiled Java code, j=interpreted, Vv=VM code, C=native code)
V  [jvm.dll+0x677a5a]
V  [jvm.dll+0x7d8b2d]
V  [jvm.dll+0x7da48e]
V  [jvm.dll+0x7daaf3]
V  [jvm.dll+0x2455ff]
V  [jvm.dll+0xaaafb]
V  [jvm.dll+0xab09c]
V  [jvm.dll+0x361b5f]
V  [jvm.dll+0x32c211]
V  [jvm.dll+0x32b6aa]
V  [jvm.dll+0x21794f]
V  [jvm.dll+0x216d81]
V  [jvm.dll+0x1a3410]
V  [jvm.dll+0x226aeb]
V  [jvm.dll+0x224cab]
V  [jvm.dll+0x78e45c]
V  [jvm.dll+0x78888a]
V  [jvm.dll+0x676935]
C  [ucrtbase.dll+0x21bb2]
C  [KERNEL32.DLL+0x17374]
C  [ntdll.dll+0x4cc91]


---------------  P R O C E S S  ---------------

Threads class SMR info:
_java_thread_list=0x0000015de897fe70, length=31, elements={
0x0000015dc8ac6980, 0x0000015dc8ac7710, 0x0000015de3c3ab00, 0x0000015de3c3b3d0,
0x0000015de3c3bca0, 0x0000015de3c3c570, 0x0000015de3c3d170, 0x0000015de3c3fb40,
0x0000015de3cbfed0, 0x0000015de3cf2080, 0x0000015de855b3d0, 0x0000015de824db80,
0x0000015dea67ddd0, 0x0000015dea67e2e0, 0x0000015dea681580, 0x0000015dea67ed00,
0x0000015dea67f210, 0x0000015dec2975f0, 0x0000015dec293e40, 0x0000015dec295ca0,
0x0000015dec2961b0, 0x0000015dec2966c0, 0x0000015dec294860, 0x0000015dec295280,
0x0000015dec295790, 0x0000015dec296bd0, 0x0000015dec2970e0, 0x0000015dea67fc30,
0x0000015df3fd6b20, 0x0000015df3fd6100, 0x0000015df3fd2440
}

Java Threads: ( => current thread )
  0x0000015dc8ac6980 JavaThread "Reference Handler" daemon [_thread_blocked, id=12212, stack(0x00000046a7400000,0x00000046a7500000)]
  0x0000015dc8ac7710 JavaThread "Finalizer" daemon [_thread_blocked, id=8072, stack(0x00000046a7500000,0x00000046a7600000)]
  0x0000015de3c3ab00 JavaThread "Signal Dispatcher" daemon [_thread_blocked, id=9660, stack(0x00000046a7600000,0x00000046a7700000)]
  0x0000015de3c3b3d0 JavaThread "Attach Listener" daemon [_thread_blocked, id=2012, stack(0x00000046a7700000,0x00000046a7800000)]
  0x0000015de3c3bca0 JavaThread "Service Thread" daemon [_thread_blocked, id=10636, stack(0x00000046a7800000,0x00000046a7900000)]
  0x0000015de3c3c570 JavaThread "Monitor Deflation Thread" daemon [_thread_blocked, id=1452, stack(0x00000046a7900000,0x00000046a7a00000)]
=>0x0000015de3c3d170 JavaThread "C2 CompilerThread0" daemon [_thread_in_native, id=10644, stack(0x00000046a7a00000,0x00000046a7b00000)]
  0x0000015de3c3fb40 JavaThread "C1 CompilerThread0" daemon [_thread_blocked, id=7504, stack(0x00000046a7b00000,0x00000046a7c00000)]
  0x0000015de3cbfed0 JavaThread "Sweeper thread" daemon [_thread_blocked, id=13128, stack(0x00000046a7c00000,0x00000046a7d00000)]
  0x0000015de3cf2080 JavaThread "Common-Cleaner" daemon [_thread_blocked, id=14352, stack(0x00000046a7d00000,0x00000046a7e00000)]
  0x0000015de855b3d0 JavaThread "Monitor Ctrl-Break" daemon [_thread_in_native, id=5260, stack(0x00000046a7e00000,0x00000046a7f00000)]
  0x0000015de824db80 JavaThread "Notification Thread" daemon [_thread_blocked, id=12900, stack(0x00000046a7f00000,0x00000046a8000000)]
  0x0000015dea67ddd0 JavaThread "mysql-cj-abandoned-connection-cleanup" daemon [_thread_blocked, id=8660, stack(0x00000046a8500000,0x00000046a8600000)]
  0x0000015dea67e2e0 JavaThread "HikariPool-1 housekeeper" daemon [_thread_blocked, id=9184, stack(0x00000046a8700000,0x00000046a8800000)]
  0x0000015dea681580 JavaThread "Catalina-utility-1" [_thread_blocked, id=14504, stack(0x00000046a8900000,0x00000046a8a00000)]
  0x0000015dea67ed00 JavaThread "Catalina-utility-2" [_thread_blocked, id=2092, stack(0x00000046a8a00000,0x00000046a8b00000)]
  0x0000015dea67f210 JavaThread "container-0" [_thread_blocked, id=12080, stack(0x00000046a8b00000,0x00000046a8c00000)]
  0x0000015dec2975f0 JavaThread "http-nio-8081-exec-1" daemon [_thread_blocked, id=13012, stack(0x00000046a8c00000,0x00000046a8d00000)]
  0x0000015dec293e40 JavaThread "http-nio-8081-exec-2" daemon [_thread_blocked, id=2784, stack(0x00000046a8d00000,0x00000046a8e00000)]
  0x0000015dec295ca0 JavaThread "http-nio-8081-exec-3" daemon [_thread_blocked, id=11456, stack(0x00000046a8e00000,0x00000046a8f00000)]
  0x0000015dec2961b0 JavaThread "http-nio-8081-exec-4" daemon [_thread_blocked, id=14088, stack(0x00000046a8f00000,0x00000046a9000000)]
  0x0000015dec2966c0 JavaThread "http-nio-8081-exec-5" daemon [_thread_blocked, id=9932, stack(0x00000046a9000000,0x00000046a9100000)]
  0x0000015dec294860 JavaThread "http-nio-8081-exec-6" daemon [_thread_blocked, id=7296, stack(0x00000046a9100000,0x00000046a9200000)]
  0x0000015dec295280 JavaThread "http-nio-8081-exec-7" daemon [_thread_blocked, id=936, stack(0x00000046a9200000,0x00000046a9300000)]
  0x0000015dec295790 JavaThread "http-nio-8081-exec-8" daemon [_thread_blocked, id=5492, stack(0x00000046a9300000,0x00000046a9400000)]
  0x0000015dec296bd0 JavaThread "http-nio-8081-exec-9" daemon [_thread_in_Java, id=9608, stack(0x00000046a9400000,0x00000046a9500000)]
  0x0000015dec2970e0 JavaThread "http-nio-8081-exec-10" daemon [_thread_blocked, id=14524, stack(0x00000046a9500000,0x00000046a9600000)]
  0x0000015dea67fc30 JavaThread "http-nio-8081-Poller" daemon [_thread_in_native, id=11668, stack(0x00000046a9600000,0x00000046a9700000)]
  0x0000015df3fd6b20 JavaThread "http-nio-8081-Acceptor" daemon [_thread_in_native, id=11088, stack(0x00000046a9700000,0x00000046a9800000)]
  0x0000015df3fd6100 JavaThread "scheduling-1" [_thread_blocked, id=13136, stack(0x00000046a9800000,0x00000046a9900000)]
  0x0000015df3fd2440 JavaThread "DestroyJavaVM" [_thread_blocked, id=13104, stack(0x00000046a6d00000,0x00000046a6e00000)]

Other Threads:
  0x0000015dc8ac0e00 VMThread "VM Thread" [stack: 0x00000046a7300000,0x00000046a7400000] [id=4412]
  0x0000015de824e4e0 WatcherThread [stack: 0x00000046a8000000,0x00000046a8100000] [id=10360]
  0x0000015dc8a47180 GCTaskThread "GC Thread#0" [stack: 0x00000046a6e00000,0x00000046a6f00000] [id=6080]
  0x0000015de89b7240 GCTaskThread "GC Thread#1" [stack: 0x00000046a8100000,0x00000046a8200000] [id=1648]
  0x0000015de89b7b50 GCTaskThread "GC Thread#2" [stack: 0x00000046a8200000,0x00000046a8300000] [id=6808]
  0x0000015de901dd60 GCTaskThread "GC Thread#3" [stack: 0x00000046a8300000,0x00000046a8400000] [id=2508]
  0x0000015dc8a50430 ConcurrentGCThread "G1 Main Marker" [stack: 0x00000046a6f00000,0x00000046a7000000] [id=7920]
  0x0000015dc8a52500 ConcurrentGCThread "G1 Conc#0" [stack: 0x00000046a7000000,0x00000046a7100000] [id=7264]
  0x0000015dc8aa01b0 ConcurrentGCThread "G1 Refine#0" [stack: 0x00000046a7100000,0x00000046a7200000] [id=2100]
  0x0000015dea89f210 ConcurrentGCThread "G1 Refine#1" [stack: 0x00000046a8400000,0x00000046a8500000] [id=12648]
  0x0000015dc8aa0af0 ConcurrentGCThread "G1 Service" [stack: 0x00000046a7200000,0x00000046a7300000] [id=13560]

Threads with active compile tasks:
C2 CompilerThread0   544852 19197       4       org.hibernate.query.sqm.internal.QuerySqmImpl::doList (91 bytes)

VM state: not at safepoint (normal execution)

VM Mutex/Monitor currently owned by a thread: None

Heap address: 0x00000000c1e00000, size: 994 MB, Compressed Oops mode: 32-bit

CDS archive(s) mapped at: [0x0000015d80000000-0x0000015d80bd0000-0x0000015d80bd0000), size 12386304, SharedBaseAddress: 0x0000015d80000000, ArchiveRelocationMode: 1.
Compressed class space mapped at: 0x0000015d81000000-0x0000015dc1000000, reserved size: 1073741824
Narrow klass base: 0x0000015d80000000, Narrow klass shift: 0, Narrow klass range: 0x100000000

GC Precious Log:
 CPUs: 4 total, 4 available
 Memory: 3975M
 Large Page Support: Disabled
 NUMA Support: Disabled
 Compressed Oops: Enabled (32-bit)
 Heap Region Size: 1M
 Heap Min Capacity: 8M
 Heap Initial Capacity: 64M
 Heap Max Capacity: 994M
 Pre-touch: Disabled
 Parallel Workers: 4
 Concurrent Workers: 1
 Concurrent Refinement Workers: 4
 Periodic GC: Disabled

Heap:
 garbage-first heap   total 148480K, used 82973K [0x00000000c1e00000, 0x0000000100000000)
  region size 1024K, 30 young (30720K), 1 survivors (1024K)
 Metaspace       used 89528K, committed 90176K, reserved 1179648K
  class space    used 11566K, committed 11904K, reserved 1048576K

Heap Regions: E=young(eden), S=young(survivor), O=old, HS=humongous(starts), HC=humongous(continues), CS=collection set, F=free, OA=open archive, CA=closed archive, TAMS=top-at-mark-start (previous, next)
|   0|0x00000000c1e00000, 0x00000000c1f00000, 0x00000000c1f00000|100%|HS|  |TAMS 0x00000000c1f00000, 0x00000000c1e00000| Complete 
|   1|0x00000000c1f00000, 0x00000000c2000000, 0x00000000c2000000|100%| O|  |TAMS 0x00000000c2000000, 0x00000000c1f00000| Untracked 
|   2|0x00000000c2000000, 0x00000000c2100000, 0x00000000c2100000|100%| O|  |TAMS 0x00000000c2100000, 0x00000000c2000000| Untracked 
|   3|0x00000000c2100000, 0x00000000c2200000, 0x00000000c2200000|100%| O|  |TAMS 0x00000000c2200000, 0x00000000c2100000| Untracked 
|   4|0x00000000c2200000, 0x00000000c2300000, 0x00000000c2300000|100%| O|  |TAMS 0x00000000c2300000, 0x00000000c2200000| Untracked 
|   5|0x00000000c2300000, 0x00000000c2400000, 0x00000000c2400000|100%| O|  |TAMS 0x00000000c2400000, 0x00000000c2300000| Untracked 
|   6|0x00000000c2400000, 0x00000000c2500000, 0x00000000c2500000|100%| O|  |TAMS 0x00000000c2500000, 0x00000000c2400000| Untracked 
|   7|0x00000000c2500000, 0x00000000c2600000, 0x00000000c2600000|100%| O|  |TAMS 0x00000000c2600000, 0x00000000c2500000| Untracked 
|   8|0x00000000c2600000, 0x00000000c2700000, 0x00000000c2700000|100%| O|  |TAMS 0x00000000c2700000, 0x00000000c2600000| Untracked 
|   9|0x00000000c2700000, 0x00000000c2800000, 0x00000000c2800000|100%| O|  |TAMS 0x00000000c2800000, 0x00000000c2700000| Untracked 
|  10|0x00000000c2800000, 0x00000000c2900000, 0x00000000c2900000|100%| O|  |TAMS 0x00000000c2900000, 0x00000000c2800000| Untracked 
|  11|0x00000000c2900000, 0x00000000c2a00000, 0x00000000c2a00000|100%| O|  |TAMS 0x00000000c2a00000, 0x00000000c2900000| Untracked 
|  12|0x00000000c2a00000, 0x00000000c2b00000, 0x00000000c2b00000|100%| O|  |TAMS 0x00000000c2b00000, 0x00000000c2a00000| Untracked 
|  13|0x00000000c2b00000, 0x00000000c2c00000, 0x00000000c2c00000|100%| O|  |TAMS 0x00000000c2c00000, 0x00000000c2b00000| Untracked 
|  14|0x00000000c2c00000, 0x00000000c2d00000, 0x00000000c2d00000|100%| O|  |TAMS 0x00000000c2d00000, 0x00000000c2c00000| Untracked 
|  15|0x00000000c2d00000, 0x00000000c2e00000, 0x00000000c2e00000|100%| O|  |TAMS 0x00000000c2e00000, 0x00000000c2d00000| Untracked 
|  16|0x00000000c2e00000, 0x00000000c2f00000, 0x00000000c2f00000|100%| O|  |TAMS 0x00000000c2f00000, 0x00000000c2e00000| Untracked 
|  17|0x00000000c2f00000, 0x00000000c3000000, 0x00000000c3000000|100%| O|  |TAMS 0x00000000c3000000, 0x00000000c2f00000| Untracked 
|  18|0x00000000c3000000, 0x00000000c3100000, 0x00000000c3100000|100%| O|  |TAMS 0x00000000c3100000, 0x00000000c3000000| Untracked 
|  19|0x00000000c3100000, 0x00000000c3200000, 0x00000000c3200000|100%| O|  |TAMS 0x00000000c3200000, 0x00000000c3100000| Untracked 
|  20|0x00000000c3200000, 0x00000000c3300000, 0x00000000c3300000|100%| O|  |TAMS 0x00000000c3300000, 0x00000000c3200000| Untracked 
|  21|0x00000000c3300000, 0x00000000c3400000, 0x00000000c3400000|100%| O|  |TAMS 0x00000000c3400000, 0x00000000c3300000| Untracked 
|  22|0x00000000c3400000, 0x00000000c3500000, 0x00000000c3500000|100%| O|  |TAMS 0x00000000c3500000, 0x00000000c3400000| Untracked 
|  23|0x00000000c3500000, 0x00000000c35ace00, 0x00000000c3600000| 67%| O|  |TAMS 0x00000000c351f800, 0x00000000c3500000| Untracked 
|  24|0x00000000c3600000, 0x00000000c3700000, 0x00000000c3700000|100%| O|  |TAMS 0x00000000c3700000, 0x00000000c3600000| Untracked 
|  25|0x00000000c3700000, 0x00000000c3800000, 0x00000000c3800000|100%| O|  |TAMS 0x00000000c3800000, 0x00000000c3700000| Untracked 
|  26|0x00000000c3800000, 0x00000000c3900000, 0x00000000c3900000|100%| O|  |TAMS 0x00000000c3900000, 0x00000000c3800000| Untracked 
|  27|0x00000000c3900000, 0x00000000c3a00000, 0x00000000c3a00000|100%| O|  |TAMS 0x00000000c3a00000, 0x00000000c3900000| Untracked 
|  28|0x00000000c3a00000, 0x00000000c3b00000, 0x00000000c3b00000|100%| O|  |TAMS 0x00000000c3b00000, 0x00000000c3a00000| Untracked 
|  29|0x00000000c3b00000, 0x00000000c3c00000, 0x00000000c3c00000|100%| O|  |TAMS 0x00000000c3c00000, 0x00000000c3b00000| Untracked 
|  30|0x00000000c3c00000, 0x00000000c3d00000, 0x00000000c3d00000|100%| O|  |TAMS 0x00000000c3d00000, 0x00000000c3c00000| Untracked 
|  31|0x00000000c3d00000, 0x00000000c3e00000, 0x00000000c3e00000|100%| O|  |TAMS 0x00000000c3e00000, 0x00000000c3d00000| Untracked 
|  32|0x00000000c3e00000, 0x00000000c3f00000, 0x00000000c3f00000|100%| O|  |TAMS 0x00000000c3f00000, 0x00000000c3e00000| Untracked 
|  33|0x00000000c3f00000, 0x00000000c4000000, 0x00000000c4000000|100%| O|  |TAMS 0x00000000c4000000, 0x00000000c3f00000| Untracked 
|  34|0x00000000c4000000, 0x00000000c4100000, 0x00000000c4100000|100%| O|  |TAMS 0x00000000c4100000, 0x00000000c4000000| Untracked 
|  35|0x00000000c4100000, 0x00000000c4200000, 0x00000000c4200000|100%| O|  |TAMS 0x00000000c4200000, 0x00000000c4100000| Untracked 
|  36|0x00000000c4200000, 0x00000000c4300000, 0x00000000c4300000|100%| O|  |TAMS 0x00000000c4300000, 0x00000000c4200000| Untracked 
|  37|0x00000000c4300000, 0x00000000c4400000, 0x00000000c4400000|100%| O|  |TAMS 0x00000000c4400000, 0x00000000c4300000| Untracked 
|  38|0x00000000c4400000, 0x00000000c4400000, 0x00000000c4500000|  0%| F|  |TAMS 0x00000000c4400000, 0x00000000c4400000| Untracked 
|  39|0x00000000c4500000, 0x00000000c4600000, 0x00000000c4600000|100%| O|  |TAMS 0x00000000c4600000, 0x00000000c4500000| Untracked 
|  40|0x00000000c4600000, 0x00000000c4700000, 0x00000000c4700000|100%| O|  |TAMS 0x00000000c4700000, 0x00000000c4600000| Untracked 
|  41|0x00000000c4700000, 0x00000000c4800000, 0x00000000c4800000|100%| O|  |TAMS 0x00000000c4800000, 0x00000000c4700000| Untracked 
|  42|0x00000000c4800000, 0x00000000c4900000, 0x00000000c4900000|100%| O|  |TAMS 0x00000000c4900000, 0x00000000c4800000| Untracked 
|  43|0x00000000c4900000, 0x00000000c4a00000, 0x00000000c4a00000|100%| O|  |TAMS 0x00000000c4a00000, 0x00000000c4900000| Untracked 
|  44|0x00000000c4a00000, 0x00000000c4b00000, 0x00000000c4b00000|100%| O|  |TAMS 0x00000000c4b00000, 0x00000000c4a00000| Untracked 
|  45|0x00000000c4b00000, 0x00000000c4c00000, 0x00000000c4c00000|100%| O|  |TAMS 0x00000000c4c00000, 0x00000000c4b00000| Untracked 
|  46|0x00000000c4c00000, 0x00000000c4d00000, 0x00000000c4d00000|100%| O|  |TAMS 0x00000000c4d00000, 0x00000000c4c00000| Untracked 
|  47|0x00000000c4d00000, 0x00000000c4e00000, 0x00000000c4e00000|100%| O|  |TAMS 0x00000000c4e00000, 0x00000000c4d00000| Untracked 
|  48|0x00000000c4e00000, 0x00000000c4f00000, 0x00000000c4f00000|100%| O|  |TAMS 0x00000000c4f00000, 0x00000000c4e00000| Untracked 
|  49|0x00000000c4f00000, 0x00000000c5000000, 0x00000000c5000000|100%| O|  |TAMS 0x00000000c5000000, 0x00000000c4f00000| Untracked 
|  50|0x00000000c5000000, 0x00000000c5000000, 0x00000000c5100000|  0%| F|  |TAMS 0x00000000c5000000, 0x00000000c5000000| Untracked 
|  51|0x00000000c5100000, 0x00000000c5200000, 0x00000000c5200000|100%| O|  |TAMS 0x00000000c5200000, 0x00000000c5100000| Untracked 
|  52|0x00000000c5200000, 0x00000000c5300000, 0x00000000c5300000|100%| O|  |TAMS 0x00000000c5300000, 0x00000000c5200000| Untracked 
|  53|0x00000000c5300000, 0x00000000c5400000, 0x00000000c5400000|100%| O|  |TAMS 0x00000000c5400000, 0x00000000c5300000| Untracked 
|  54|0x00000000c5400000, 0x00000000c5400000, 0x00000000c5500000|  0%| F|  |TAMS 0x00000000c5400000, 0x00000000c5400000| Untracked 
|  55|0x00000000c5500000, 0x00000000c5600000, 0x00000000c5600000|100%| O|  |TAMS 0x00000000c5600000, 0x00000000c5500000| Untracked 
|  56|0x00000000c5600000, 0x00000000c5600000, 0x00000000c5700000|  0%| F|  |TAMS 0x00000000c5600000, 0x00000000c5600000| Untracked 
|  57|0x00000000c5700000, 0x00000000c5700000, 0x00000000c5800000|  0%| F|  |TAMS 0x00000000c5700000, 0x00000000c5700000| Untracked 
|  58|0x00000000c5800000, 0x00000000c5800000, 0x00000000c5900000|  0%| F|  |TAMS 0x00000000c5800000, 0x00000000c5800000| Untracked 
|  59|0x00000000c5900000, 0x00000000c5900000, 0x00000000c5a00000|  0%| F|  |TAMS 0x00000000c5900000, 0x00000000c5900000| Untracked 
|  60|0x00000000c5a00000, 0x00000000c5a00000, 0x00000000c5b00000|  0%| F|  |TAMS 0x00000000c5a00000, 0x00000000c5a00000| Untracked 
|  61|0x00000000c5b00000, 0x00000000c5b00000, 0x00000000c5c00000|  0%| F|  |TAMS 0x00000000c5b00000, 0x00000000c5b00000| Untracked 
|  62|0x00000000c5c00000, 0x00000000c5c00000, 0x00000000c5d00000|  0%| F|  |TAMS 0x00000000c5c00000, 0x00000000c5c00000| Untracked 
|  63|0x00000000c5d00000, 0x00000000c5d00000, 0x00000000c5e00000|  0%| F|  |TAMS 0x00000000c5d00000, 0x00000000c5d00000| Untracked 
|  64|0x00000000c5e00000, 0x00000000c5e00000, 0x00000000c5f00000|  0%| F|  |TAMS 0x00000000c5e00000, 0x00000000c5e00000| Untracked 
|  65|0x00000000c5f00000, 0x00000000c5f00000, 0x00000000c6000000|  0%| F|  |TAMS 0x00000000c5f00000, 0x00000000c5f00000| Untracked 
|  66|0x00000000c6000000, 0x00000000c6000000, 0x00000000c6100000|  0%| F|  |TAMS 0x00000000c6000000, 0x00000000c6000000| Untracked 
|  67|0x00000000c6100000, 0x00000000c6100000, 0x00000000c6200000|  0%| F|  |TAMS 0x00000000c6100000, 0x00000000c6100000| Untracked 
|  68|0x00000000c6200000, 0x00000000c6200000, 0x00000000c6300000|  0%| F|  |TAMS 0x00000000c6200000, 0x00000000c6200000| Untracked 
|  69|0x00000000c6300000, 0x00000000c635a630, 0x00000000c6400000| 35%| S|CS|TAMS 0x00000000c6300000, 0x00000000c6300000| Complete 
|  70|0x00000000c6400000, 0x00000000c6400000, 0x00000000c6500000|  0%| F|  |TAMS 0x00000000c6400000, 0x00000000c6400000| Untracked 
|  71|0x00000000c6500000, 0x00000000c6500000, 0x00000000c6600000|  0%| F|  |TAMS 0x00000000c6500000, 0x00000000c6500000| Untracked 
|  72|0x00000000c6600000, 0x00000000c6600000, 0x00000000c6700000|  0%| F|  |TAMS 0x00000000c6600000, 0x00000000c6600000| Untracked 
|  73|0x00000000c6700000, 0x00000000c6700000, 0x00000000c6800000|  0%| F|  |TAMS 0x00000000c6700000, 0x00000000c6700000| Untracked 
|  74|0x00000000c6800000, 0x00000000c6800000, 0x00000000c6900000|  0%| F|  |TAMS 0x00000000c6800000, 0x00000000c6800000| Untracked 
|  75|0x00000000c6900000, 0x00000000c6900000, 0x00000000c6a00000|  0%| F|  |TAMS 0x00000000c6900000, 0x00000000c6900000| Untracked 
|  76|0x00000000c6a00000, 0x00000000c6a00000, 0x00000000c6b00000|  0%| F|  |TAMS 0x00000000c6a00000, 0x00000000c6a00000| Untracked 
|  77|0x00000000c6b00000, 0x00000000c6b00000, 0x00000000c6c00000|  0%| F|  |TAMS 0x00000000c6b00000, 0x00000000c6b00000| Untracked 
|  78|0x00000000c6c00000, 0x00000000c6c00000, 0x00000000c6d00000|  0%| F|  |TAMS 0x00000000c6c00000, 0x00000000c6c00000| Untracked 
|  79|0x00000000c6d00000, 0x00000000c6d00000, 0x00000000c6e00000|  0%| F|  |TAMS 0x00000000c6d00000, 0x00000000c6d00000| Untracked 
|  80|0x00000000c6e00000, 0x00000000c6e00000, 0x00000000c6f00000|  0%| F|  |TAMS 0x00000000c6e00000, 0x00000000c6e00000| Untracked 
|  81|0x00000000c6f00000, 0x00000000c6f00000, 0x00000000c7000000|  0%| F|  |TAMS 0x00000000c6f00000, 0x00000000c6f00000| Untracked 
|  82|0x00000000c7000000, 0x00000000c7000000, 0x00000000c7100000|  0%| F|  |TAMS 0x00000000c7000000, 0x00000000c7000000| Untracked 
|  83|0x00000000c7100000, 0x00000000c7100000, 0x00000000c7200000|  0%| F|  |TAMS 0x00000000c7100000, 0x00000000c7100000| Untracked 
|  84|0x00000000c7200000, 0x00000000c7200000, 0x00000000c7300000|  0%| F|  |TAMS 0x00000000c7200000, 0x00000000c7200000| Untracked 
|  85|0x00000000c7300000, 0x00000000c7300000, 0x00000000c7400000|  0%| F|  |TAMS 0x00000000c7300000, 0x00000000c7300000| Untracked 
|  86|0x00000000c7400000, 0x00000000c7400000, 0x00000000c7500000|  0%| F|  |TAMS 0x00000000c7400000, 0x00000000c7400000| Untracked 
|  87|0x00000000c7500000, 0x00000000c7500000, 0x00000000c7600000|  0%| F|  |TAMS 0x00000000c7500000, 0x00000000c7500000| Untracked 
|  88|0x00000000c7600000, 0x00000000c7600000, 0x00000000c7700000|  0%| F|  |TAMS 0x00000000c7600000, 0x00000000c7600000| Untracked 
|  89|0x00000000c7700000, 0x00000000c7700000, 0x00000000c7800000|  0%| F|  |TAMS 0x00000000c7700000, 0x00000000c7700000| Untracked 
|  90|0x00000000c7800000, 0x00000000c7800000, 0x00000000c7900000|  0%| F|  |TAMS 0x00000000c7800000, 0x00000000c7800000| Untracked 
|  91|0x00000000c7900000, 0x00000000c7900000, 0x00000000c7a00000|  0%| F|  |TAMS 0x00000000c7900000, 0x00000000c7900000| Untracked 
|  92|0x00000000c7a00000, 0x00000000c7a00000, 0x00000000c7b00000|  0%| F|  |TAMS 0x00000000c7a00000, 0x00000000c7a00000| Untracked 
|  93|0x00000000c7b00000, 0x00000000c7b00000, 0x00000000c7c00000|  0%| F|  |TAMS 0x00000000c7b00000, 0x00000000c7b00000| Untracked 
|  94|0x00000000c7c00000, 0x00000000c7c00000, 0x00000000c7d00000|  0%| F|  |TAMS 0x00000000c7c00000, 0x00000000c7c00000| Untracked 
|  95|0x00000000c7d00000, 0x00000000c7d00000, 0x00000000c7e00000|  0%| F|  |TAMS 0x00000000c7d00000, 0x00000000c7d00000| Untracked 
|  96|0x00000000c7e00000, 0x00000000c7e00000, 0x00000000c7f00000|  0%| F|  |TAMS 0x00000000c7e00000, 0x00000000c7e00000| Untracked 
|  97|0x00000000c7f00000, 0x00000000c7f00000, 0x00000000c8000000|  0%| F|  |TAMS 0x00000000c7f00000, 0x00000000c7f00000| Untracked 
|  98|0x00000000c8000000, 0x00000000c8000000, 0x00000000c8100000|  0%| F|  |TAMS 0x00000000c8000000, 0x00000000c8000000| Untracked 
|  99|0x00000000c8100000, 0x00000000c8100000, 0x00000000c8200000|  0%| F|  |TAMS 0x00000000c8100000, 0x00000000c8100000| Untracked 
| 100|0x00000000c8200000, 0x00000000c8200000, 0x00000000c8300000|  0%| F|  |TAMS 0x00000000c8200000, 0x00000000c8200000| Untracked 
| 101|0x00000000c8300000, 0x00000000c8300000, 0x00000000c8400000|  0%| F|  |TAMS 0x00000000c8300000, 0x00000000c8300000| Untracked 
| 102|0x00000000c8400000, 0x00000000c8400000, 0x00000000c8500000|  0%| F|  |TAMS 0x00000000c8400000, 0x00000000c8400000| Untracked 
| 103|0x00000000c8500000, 0x00000000c8500000, 0x00000000c8600000|  0%| F|  |TAMS 0x00000000c8500000, 0x00000000c8500000| Untracked 
| 104|0x00000000c8600000, 0x00000000c8600000, 0x00000000c8700000|  0%| F|  |TAMS 0x00000000c8600000, 0x00000000c8600000| Untracked 
| 105|0x00000000c8700000, 0x00000000c8700000, 0x00000000c8800000|  0%| F|  |TAMS 0x00000000c8700000, 0x00000000c8700000| Untracked 
| 106|0x00000000c8800000, 0x00000000c8800000, 0x00000000c8900000|  0%| F|  |TAMS 0x00000000c8800000, 0x00000000c8800000| Untracked 
| 107|0x00000000c8900000, 0x00000000c8900000, 0x00000000c8a00000|  0%| F|  |TAMS 0x00000000c8900000, 0x00000000c8900000| Untracked 
| 108|0x00000000c8a00000, 0x00000000c8a00000, 0x00000000c8b00000|  0%| F|  |TAMS 0x00000000c8a00000, 0x00000000c8a00000| Untracked 
| 109|0x00000000c8b00000, 0x00000000c8b00000, 0x00000000c8c00000|  0%| F|  |TAMS 0x00000000c8b00000, 0x00000000c8b00000| Untracked 
| 110|0x00000000c8c00000, 0x00000000c8c00000, 0x00000000c8d00000|  0%| F|  |TAMS 0x00000000c8c00000, 0x00000000c8c00000| Untracked 
| 111|0x00000000c8d00000, 0x00000000c8d00000, 0x00000000c8e00000|  0%| F|  |TAMS 0x00000000c8d00000, 0x00000000c8d00000| Untracked 
| 112|0x00000000c8e00000, 0x00000000c8e00000, 0x00000000c8f00000|  0%| F|  |TAMS 0x00000000c8e00000, 0x00000000c8e00000| Untracked 
| 113|0x00000000c8f00000, 0x00000000c8f00000, 0x00000000c9000000|  0%| F|  |TAMS 0x00000000c8f00000, 0x00000000c8f00000| Untracked 
| 114|0x00000000c9000000, 0x00000000c9000000, 0x00000000c9100000|  0%| F|  |TAMS 0x00000000c9000000, 0x00000000c9000000| Untracked 
| 115|0x00000000c9100000, 0x00000000c9100000, 0x00000000c9200000|  0%| F|  |TAMS 0x00000000c9100000, 0x00000000c9100000| Untracked 
| 116|0x00000000c9200000, 0x00000000c92e5468, 0x00000000c9300000| 89%| E|  |TAMS 0x00000000c9200000, 0x00000000c9200000| Complete 
| 117|0x00000000c9300000, 0x00000000c9400000, 0x00000000c9400000|100%| E|CS|TAMS 0x00000000c9300000, 0x00000000c9300000| Complete 
| 118|0x00000000c9400000, 0x00000000c9500000, 0x00000000c9500000|100%| E|CS|TAMS 0x00000000c9400000, 0x00000000c9400000| Complete 
| 119|0x00000000c9500000, 0x00000000c9600000, 0x00000000c9600000|100%| E|CS|TAMS 0x00000000c9500000, 0x00000000c9500000| Complete 
| 120|0x00000000c9600000, 0x00000000c9700000, 0x00000000c9700000|100%| E|CS|TAMS 0x00000000c9600000, 0x00000000c9600000| Complete 
| 121|0x00000000c9700000, 0x00000000c9800000, 0x00000000c9800000|100%| E|CS|TAMS 0x00000000c9700000, 0x00000000c9700000| Complete 
| 122|0x00000000c9800000, 0x00000000c9900000, 0x00000000c9900000|100%| E|CS|TAMS 0x00000000c9800000, 0x00000000c9800000| Complete 
| 123|0x00000000c9900000, 0x00000000c9a00000, 0x00000000c9a00000|100%| E|CS|TAMS 0x00000000c9900000, 0x00000000c9900000| Complete 
| 124|0x00000000c9a00000, 0x00000000c9b00000, 0x00000000c9b00000|100%| E|CS|TAMS 0x00000000c9a00000, 0x00000000c9a00000| Complete 
| 125|0x00000000c9b00000, 0x00000000c9c00000, 0x00000000c9c00000|100%| E|CS|TAMS 0x00000000c9b00000, 0x00000000c9b00000| Complete 
| 126|0x00000000c9c00000, 0x00000000c9d00000, 0x00000000c9d00000|100%| E|CS|TAMS 0x00000000c9c00000, 0x00000000c9c00000| Complete 
| 127|0x00000000c9d00000, 0x00000000c9e00000, 0x00000000c9e00000|100%| E|CS|TAMS 0x00000000c9d00000, 0x00000000c9d00000| Complete 
| 128|0x00000000c9e00000, 0x00000000c9f00000, 0x00000000c9f00000|100%| E|CS|TAMS 0x00000000c9e00000, 0x00000000c9e00000| Complete 
| 129|0x00000000c9f00000, 0x00000000ca000000, 0x00000000ca000000|100%| E|CS|TAMS 0x00000000c9f00000, 0x00000000c9f00000| Complete 
| 130|0x00000000ca000000, 0x00000000ca100000, 0x00000000ca100000|100%| E|CS|TAMS 0x00000000ca000000, 0x00000000ca000000| Complete 
| 131|0x00000000ca100000, 0x00000000ca200000, 0x00000000ca200000|100%| E|CS|TAMS 0x00000000ca100000, 0x00000000ca100000| Complete 
| 132|0x00000000ca200000, 0x00000000ca300000, 0x00000000ca300000|100%| E|CS|TAMS 0x00000000ca200000, 0x00000000ca200000| Complete 
| 133|0x00000000ca300000, 0x00000000ca400000, 0x00000000ca400000|100%| E|CS|TAMS 0x00000000ca300000, 0x00000000ca300000| Complete 
| 134|0x00000000ca400000, 0x00000000ca500000, 0x00000000ca500000|100%| E|CS|TAMS 0x00000000ca400000, 0x00000000ca400000| Complete 
| 135|0x00000000ca500000, 0x00000000ca600000, 0x00000000ca600000|100%| E|CS|TAMS 0x00000000ca500000, 0x00000000ca500000| Complete 
| 136|0x00000000ca600000, 0x00000000ca700000, 0x00000000ca700000|100%| E|CS|TAMS 0x00000000ca600000, 0x00000000ca600000| Complete 
| 137|0x00000000ca700000, 0x00000000ca800000, 0x00000000ca800000|100%| E|CS|TAMS 0x00000000ca700000, 0x00000000ca700000| Complete 
| 138|0x00000000ca800000, 0x00000000ca900000, 0x00000000ca900000|100%| E|CS|TAMS 0x00000000ca800000, 0x00000000ca800000| Complete 
| 139|0x00000000ca900000, 0x00000000caa00000, 0x00000000caa00000|100%| E|CS|TAMS 0x00000000ca900000, 0x00000000ca900000| Complete 
| 140|0x00000000caa00000, 0x00000000cab00000, 0x00000000cab00000|100%| E|CS|TAMS 0x00000000caa00000, 0x00000000caa00000| Complete 
| 141|0x00000000cab00000, 0x00000000cac00000, 0x00000000cac00000|100%| E|CS|TAMS 0x00000000cab00000, 0x00000000cab00000| Complete 
| 142|0x00000000cac00000, 0x00000000cad00000, 0x00000000cad00000|100%| E|CS|TAMS 0x00000000cac00000, 0x00000000cac00000| Complete 
| 143|0x00000000cad00000, 0x00000000cae00000, 0x00000000cae00000|100%| E|CS|TAMS 0x00000000cad00000, 0x00000000cad00000| Complete 
| 144|0x00000000cae00000, 0x00000000caf00000, 0x00000000caf00000|100%| E|CS|TAMS 0x00000000cae00000, 0x00000000cae00000| Complete 

Card table byte_map: [0x0000015ddf4b0000,0x0000015ddf6b0000] _byte_map_base: 0x0000015ddeea1000

Marking Bits (Prev, Next): (CMBitMap*) 0x0000015dc8a47ec0, (CMBitMap*) 0x0000015dc8a47f00
 Prev Bits: [0x0000015ddf8b0000, 0x0000015de0838000)
 Next Bits: [0x0000015de0840000, 0x0000015de17c8000)

Polling page: 0x0000015dc69e0000

Metaspace:

Usage:
  Non-class:     76.13 MB used.
      Class:     11.30 MB used.
       Both:     87.43 MB used.

Virtual space:
  Non-class space:      128.00 MB reserved,      76.44 MB ( 60%) committed,  2 nodes.
      Class space:        1.00 GB reserved,      11.62 MB (  1%) committed,  1 nodes.
             Both:        1.12 GB reserved,      88.06 MB (  8%) committed. 

Chunk freelists:
   Non-Class:  3.00 MB
       Class:  4.20 MB
        Both:  7.20 MB

MaxMetaspaceSize: unlimited
CompressedClassSpaceSize: 1.00 GB
Initial GC threshold: 21.00 MB
Current GC threshold: 146.81 MB
CDS: on
MetaspaceReclaimPolicy: balanced
 - commit_granule_bytes: 65536.
 - commit_granule_words: 8192.
 - virtual_space_node_default_size: 8388608.
 - enlarge_chunks_in_place: 1.
 - new_chunks_are_fully_committed: 0.
 - uncommit_free_chunks: 1.
 - use_allocation_guard: 0.
 - handle_deallocations: 1.


Internal statistics:

num_allocs_failed_limit: 9.
num_arena_births: 1176.
num_arena_deaths: 0.
num_vsnodes_births: 3.
num_vsnodes_deaths: 0.
num_space_committed: 1409.
num_space_uncommitted: 0.
num_chunks_returned_to_freelist: 9.
num_chunks_taken_from_freelist: 4656.
num_chunk_merges: 9.
num_chunk_splits: 3277.
num_chunks_enlarged: 2469.
num_inconsistent_stats: 0.

CodeHeap 'non-profiled nmethods': size=120000Kb used=14477Kb max_used=14477Kb free=105522Kb
 bounds [0x0000015dd7d80000, 0x0000015dd8bb0000, 0x0000015ddf2b0000]
CodeHeap 'profiled nmethods': size=120000Kb used=22993Kb max_used=28423Kb free=97006Kb
 bounds [0x0000015dd02b0000, 0x0000015dd1e80000, 0x0000015dd77e0000]
CodeHeap 'non-nmethods': size=5760Kb used=1361Kb max_used=1481Kb free=4398Kb
 bounds [0x0000015dd77e0000, 0x0000015dd7a50000, 0x0000015dd7d80000]
 total_blobs=14752 nmethods=14053 adapters=610
 compilation: enabled
              stopped_count=0, restarted_count=0
 full_count=0

Compilation events (20 events):
Event: 543.732 Thread 0x0000015de3c3d170 nmethod 19187 0x0000015dd8b9fe10 code [0x0000015dd8b9ffc0, 0x0000015dd8ba0738]
Event: 543.746 Thread 0x0000015de3c3fb40 19188       3       org.hibernate.sql.ast.spi.AbstractSqlAstTranslator::getJdbcLockStrategy (17 bytes)
Event: 543.750 Thread 0x0000015de3c3fb40 nmethod 19188 0x0000015dd0db0890 code [0x0000015dd0db0a40, 0x0000015dd0db0bd8]
Event: 543.803 Thread 0x0000015de3c3d170 19189   !   4       org.springframework.web.context.request.async.StandardServletAsyncWebRequest$LifecycleHttpServletResponse::flushBuffer (47 bytes)
Event: 543.885 Thread 0x0000015de3c3d170 nmethod 19189 0x0000015dd8ba0b10 code [0x0000015dd8ba0d40, 0x0000015dd8ba13e0]
Event: 543.885 Thread 0x0000015de3c3d170 19190       4       org.apache.catalina.connector.ResponseFacade::setStatus (17 bytes)
Event: 543.964 Thread 0x0000015de3c3d170 nmethod 19190 0x0000015dd8ba1c90 code [0x0000015dd8ba1e20, 0x0000015dd8ba2058]
Event: 543.967 Thread 0x0000015de3c3d170 19191   !   4       jdk.internal.reflect.GeneratedMethodAccessor114::invoke (61 bytes)
Event: 543.970 Thread 0x0000015de3c3d170 nmethod 19191 0x0000015dd8ba2390 code [0x0000015dd8ba2520, 0x0000015dd8ba25f8]
Event: 543.970 Thread 0x0000015de3c3d170 19192   !   4       jdk.internal.reflect.GeneratedMethodAccessor115::invoke (61 bytes)
Event: 543.970 Thread 0x0000015de3c3d170 nmethod 19192 0x0000015dd8ba2710 code [0x0000015dd8ba28a0, 0x0000015dd8ba2978]
Event: 543.974 Thread 0x0000015de3c3d170 19193   !   4       jdk.internal.reflect.GeneratedMethodAccessor116::invoke (61 bytes)
Event: 543.974 Thread 0x0000015de3c3d170 nmethod 19193 0x0000015dd8ba2a90 code [0x0000015dd8ba2c20, 0x0000015dd8ba2cf8]
Event: 543.974 Thread 0x0000015de3c3d170 19194   !   4       jdk.internal.reflect.GeneratedMethodAccessor117::invoke (61 bytes)
Event: 543.978 Thread 0x0000015de3c3d170 nmethod 19194 0x0000015dd8ba2e10 code [0x0000015dd8ba2fa0, 0x0000015dd8ba3078]
Event: 543.978 Thread 0x0000015de3c3d170 19195   !   4       jdk.internal.reflect.GeneratedMethodAccessor119::invoke (64 bytes)
Event: 543.984 Thread 0x0000015de3c3d170 nmethod 19195 0x0000015dd8ba3190 code [0x0000015dd8ba3320, 0x0000015dd8ba34d8]
Event: 544.002 Thread 0x0000015de3c3fb40 19196       3       java.lang.Throwable::<init> (34 bytes)
Event: 544.022 Thread 0x0000015de3c3d170 19197       4       org.hibernate.query.sqm.internal.QuerySqmImpl::doList (91 bytes)
Event: 544.107 Thread 0x0000015de3c3fb40 nmethod 19196 0x0000015dd066f790 code [0x0000015dd066f960, 0x0000015dd066fd28]

GC Heap History (20 events):
Event: 334.080 GC heap before
{Heap before GC invocations=53 (full 0):
 garbage-first heap   total 148480K, used 60825K [0x00000000c1e00000, 0x0000000100000000)
  region size 1024K, 7 young (7168K), 1 survivors (1024K)
 Metaspace       used 89448K, committed 90176K, reserved 1179648K
  class space    used 11563K, committed 11904K, reserved 1048576K
}
Event: 334.094 GC heap after
{Heap after GC invocations=54 (full 0):
 garbage-first heap   total 148480K, used 54268K [0x00000000c1e00000, 0x0000000100000000)
  region size 1024K, 1 young (1024K), 1 survivors (1024K)
 Metaspace       used 89448K, committed 90176K, reserved 1179648K
  class space    used 11563K, committed 11904K, reserved 1048576K
}
Event: 337.194 GC heap before
{Heap before GC invocations=54 (full 0):
 garbage-first heap   total 148480K, used 130044K [0x00000000c1e00000, 0x0000000100000000)
  region size 1024K, 75 young (76800K), 1 survivors (1024K)
 Metaspace       used 89454K, committed 90176K, reserved 1179648K
  class space    used 11563K, committed 11904K, reserved 1048576K
}
Event: 337.203 GC heap after
{Heap after GC invocations=55 (full 0):
 garbage-first heap   total 148480K, used 54260K [0x00000000c1e00000, 0x0000000100000000)
  region size 1024K, 1 young (1024K), 1 survivors (1024K)
 Metaspace       used 89454K, committed 90176K, reserved 1179648K
  class space    used 11563K, committed 11904K, reserved 1048576K
}
Event: 392.504 GC heap before
{Heap before GC invocations=55 (full 0):
 garbage-first heap   total 148480K, used 130036K [0x00000000c1e00000, 0x0000000100000000)
  region size 1024K, 76 young (77824K), 1 survivors (1024K)
 Metaspace       used 89465K, committed 90176K, reserved 1179648K
  class space    used 11563K, committed 11904K, reserved 1048576K
}
Event: 392.880 GC heap after
{Heap after GC invocations=56 (full 0):
 garbage-first heap   total 148480K, used 54273K [0x00000000c1e00000, 0x0000000100000000)
  region size 1024K, 1 young (1024K), 1 survivors (1024K)
 Metaspace       used 89465K, committed 90176K, reserved 1179648K
  class space    used 11563K, committed 11904K, reserved 1048576K
}
Event: 408.506 GC heap before
{Heap before GC invocations=56 (full 0):
 garbage-first heap   total 148480K, used 131073K [0x00000000c1e00000, 0x0000000100000000)
  region size 1024K, 76 young (77824K), 1 survivors (1024K)
 Metaspace       used 89477K, committed 90176K, reserved 1179648K
  class space    used 11563K, committed 11904K, reserved 1048576K
}
Event: 408.515 GC heap after
{Heap after GC invocations=57 (full 0):
 garbage-first heap   total 148480K, used 54201K [0x00000000c1e00000, 0x0000000100000000)
  region size 1024K, 1 young (1024K), 1 survivors (1024K)
 Metaspace       used 89477K, committed 90176K, reserved 1179648K
  class space    used 11563K, committed 11904K, reserved 1048576K
}
Event: 463.267 GC heap before
{Heap before GC invocations=57 (full 0):
 garbage-first heap   total 148480K, used 131001K [0x00000000c1e00000, 0x0000000100000000)
  region size 1024K, 76 young (77824K), 1 survivors (1024K)
 Metaspace       used 89486K, committed 90176K, reserved 1179648K
  class space    used 11564K, committed 11904K, reserved 1048576K
}
Event: 463.374 GC heap after
{Heap after GC invocations=58 (full 0):
 garbage-first heap   total 148480K, used 54250K [0x00000000c1e00000, 0x0000000100000000)
  region size 1024K, 1 young (1024K), 1 survivors (1024K)
 Metaspace       used 89486K, committed 90176K, reserved 1179648K
  class space    used 11564K, committed 11904K, reserved 1048576K
}
Event: 481.800 GC heap before
{Heap before GC invocations=58 (full 0):
 garbage-first heap   total 148480K, used 131050K [0x00000000c1e00000, 0x0000000100000000)
  region size 1024K, 76 young (77824K), 1 survivors (1024K)
 Metaspace       used 89487K, committed 90176K, reserved 1179648K
  class space    used 11565K, committed 11904K, reserved 1048576K
}
Event: 481.816 GC heap after
{Heap after GC invocations=59 (full 0):
 garbage-first heap   total 148480K, used 54210K [0x00000000c1e00000, 0x0000000100000000)
  region size 1024K, 1 young (1024K), 1 survivors (1024K)
 Metaspace       used 89487K, committed 90176K, reserved 1179648K
  class space    used 11565K, committed 11904K, reserved 1048576K
}
Event: 501.233 GC heap before
{Heap before GC invocations=59 (full 0):
 garbage-first heap   total 148480K, used 131010K [0x00000000c1e00000, 0x0000000100000000)
  region size 1024K, 76 young (77824K), 1 survivors (1024K)
 Metaspace       used 89511K, committed 90176K, reserved 1179648K
  class space    used 11565K, committed 11904K, reserved 1048576K
}
Event: 501.253 GC heap after
{Heap after GC invocations=60 (full 0):
 garbage-first heap   total 148480K, used 54207K [0x00000000c1e00000, 0x0000000100000000)
  region size 1024K, 1 young (1024K), 1 survivors (1024K)
 Metaspace       used 89511K, committed 90176K, reserved 1179648K
  class space    used 11565K, committed 11904K, reserved 1048576K
}
Event: 524.411 GC heap before
{Heap before GC invocations=60 (full 0):
 garbage-first heap   total 148480K, used 131007K [0x00000000c1e00000, 0x0000000100000000)
  region size 1024K, 76 young (77824K), 1 survivors (1024K)
 Metaspace       used 89524K, committed 90176K, reserved 1179648K
  class space    used 11565K, committed 11904K, reserved 1048576K
}
Event: 524.501 GC heap after
{Heap after GC invocations=61 (full 0):
 garbage-first heap   total 148480K, used 54225K [0x00000000c1e00000, 0x0000000100000000)
  region size 1024K, 1 young (1024K), 1 survivors (1024K)
 Metaspace       used 89524K, committed 90176K, reserved 1179648K
  class space    used 11565K, committed 11904K, reserved 1048576K
}
Event: 538.398 GC heap before
{Heap before GC invocations=61 (full 0):
 garbage-first heap   total 148480K, used 131025K [0x00000000c1e00000, 0x0000000100000000)
  region size 1024K, 76 young (77824K), 1 survivors (1024K)
 Metaspace       used 89525K, committed 90176K, reserved 1179648K
  class space    used 11565K, committed 11904K, reserved 1048576K
}
Event: 538.417 GC heap after
{Heap after GC invocations=62 (full 0):
 garbage-first heap   total 148480K, used 54283K [0x00000000c1e00000, 0x0000000100000000)
  region size 1024K, 1 young (1024K), 1 survivors (1024K)
 Metaspace       used 89525K, committed 90176K, reserved 1179648K
  class space    used 11565K, committed 11904K, reserved 1048576K
}
Event: 544.098 GC heap before
{Heap before GC invocations=62 (full 0):
 garbage-first heap   total 148480K, used 131083K [0x00000000c1e00000, 0x0000000100000000)
  region size 1024K, 76 young (77824K), 1 survivors (1024K)
 Metaspace       used 89528K, committed 90176K, reserved 1179648K
  class space    used 11566K, committed 11904K, reserved 1048576K
}
Event: 544.105 GC heap after
{Heap after GC invocations=63 (full 0):
 garbage-first heap   total 148480K, used 54301K [0x00000000c1e00000, 0x0000000100000000)
  region size 1024K, 1 young (1024K), 1 survivors (1024K)
 Metaspace       used 89528K, committed 90176K, reserved 1179648K
  class space    used 11566K, committed 11904K, reserved 1048576K
}

Deoptimization events (20 events):
Event: 539.181 Thread 0x0000015dec295280 Uncommon trap: trap_request=0xffffffde fr.pc=0x0000015dd8b80994 relative=0x0000000000000374
Event: 539.181 Thread 0x0000015dec295790 Uncommon trap: trap_request=0xffffffde fr.pc=0x0000015dd8b80994 relative=0x0000000000000374
Event: 539.202 Thread 0x0000015dec295790 Uncommon trap: reason=class_check action=maybe_recompile pc=0x0000015dd8b80994 method=jakarta.servlet.ServletResponseWrapper.flushBuffer()V @ 4 c2
Event: 539.203 Thread 0x0000015dec294860 Uncommon trap: trap_request=0xffffffde fr.pc=0x0000015dd8b80994 relative=0x0000000000000374
Event: 539.204 Thread 0x0000015dec294860 Uncommon trap: reason=class_check action=maybe_recompile pc=0x0000015dd8b80994 method=jakarta.servlet.ServletResponseWrapper.flushBuffer()V @ 4 c2
Event: 539.189 Thread 0x0000015dec2961b0 Uncommon trap: trap_request=0xffffffde fr.pc=0x0000015dd8b80a84 relative=0x0000000000000464
Event: 539.204 Thread 0x0000015dec2961b0 Uncommon trap: reason=class_check action=maybe_recompile pc=0x0000015dd8b80a84 method=jakarta.servlet.ServletResponseWrapper.flushBuffer()V @ 4 c2
Event: 539.202 Thread 0x0000015dec295280 Uncommon trap: reason=class_check action=maybe_recompile pc=0x0000015dd8b80994 method=jakarta.servlet.ServletResponseWrapper.flushBuffer()V @ 4 c2
Event: 539.205 Thread 0x0000015dec294860 DEOPT PACKING pc=0x0000015dd8b80994 sp=0x00000046a91fd460
Event: 539.207 Thread 0x0000015dec295280 DEOPT PACKING pc=0x0000015dd8b80994 sp=0x00000046a92fd4c0
Event: 539.207 Thread 0x0000015dec2961b0 DEOPT PACKING pc=0x0000015dd8b80a84 sp=0x00000046a8ffd570
Event: 539.211 Thread 0x0000015dec294860 DEOPT UNPACKING pc=0x0000015dd78323a3 sp=0x00000046a91fd300 mode 2
Event: 539.218 Thread 0x0000015dec295790 DEOPT PACKING pc=0x0000015dd8b80994 sp=0x00000046a93fd480
Event: 539.219 Thread 0x0000015dec2961b0 DEOPT UNPACKING pc=0x0000015dd78323a3 sp=0x00000046a8ffd4d0 mode 2
Event: 539.220 Thread 0x0000015dec295280 DEOPT UNPACKING pc=0x0000015dd78323a3 sp=0x00000046a92fd360 mode 2
Event: 539.224 Thread 0x0000015dec295790 DEOPT UNPACKING pc=0x0000015dd78323a3 sp=0x00000046a93fd320 mode 2
Event: 543.327 Thread 0x0000015dec2966c0 Uncommon trap: trap_request=0xffffff6e fr.pc=0x0000015dd8b86ab4 relative=0x0000000000003994
Event: 543.328 Thread 0x0000015dec2966c0 Uncommon trap: reason=loop_limit_check action=maybe_recompile pc=0x0000015dd8b86ab4 method=org.hibernate.query.sqm.tree.select.SqmQuerySpec.containsCollectionFetches()Z @ 21 c2
Event: 543.328 Thread 0x0000015dec2966c0 DEOPT PACKING pc=0x0000015dd8b86ab4 sp=0x00000046a90fcb00
Event: 543.329 Thread 0x0000015dec2966c0 DEOPT UNPACKING pc=0x0000015dd78323a3 sp=0x00000046a90fc9a8 mode 2

Classes unloaded (0 events):
No events

Classes redefined (0 events):
No events

Internal exceptions (20 events):
Event: 128.019 Thread 0x0000015dec295ca0 Exception <a 'java/lang/NoSuchMethodError'{0x00000000c84fc3e8}: 'java.lang.Object java.lang.invoke.Invokers$Holder.linkToTargetMethod(java.lang.Object, java.lang.Object, java.lang.Object, long, java.lang.Object)'> (0x00000000c84fc3e8) 
thrown [s\open\src\hotspot\share\interpreter\linkResolver.cpp, line 759]
Event: 130.053 Thread 0x0000015dec295ca0 Implicit null exception at 0x0000015dd81ac060 to 0x0000015dd81ac428
Event: 130.185 Thread 0x0000015dec293e40 Exception <a 'java/lang/IncompatibleClassChangeError'{0x00000000c7dde178}: Found class java.lang.Object, but interface was expected> (0x00000000c7dde178) 
thrown [s\open\src\hotspot\share\interpreter\linkResolver.cpp, line 826]
Event: 130.188 Thread 0x0000015dec294860 Exception <a 'java/lang/IncompatibleClassChangeError'{0x00000000c79eda58}: Found class java.lang.Object, but interface was expected> (0x00000000c79eda58) 
thrown [s\open\src\hotspot\share\interpreter\linkResolver.cpp, line 826]
Event: 130.191 Thread 0x0000015dec2961b0 Exception <a 'java/lang/IncompatibleClassChangeError'{0x00000000c78aaea8}: Found class java.lang.Object, but interface was expected> (0x00000000c78aaea8) 
thrown [s\open\src\hotspot\share\interpreter\linkResolver.cpp, line 826]
Event: 130.372 Thread 0x0000015dec2975f0 Exception <a 'java/lang/NoSuchMethodError'{0x00000000c73052c8}: 'java.lang.Object java.lang.invoke.DirectMethodHandle$Holder.invokeInterface(java.lang.Object, java.lang.Object, int)'> (0x00000000c73052c8) 
thrown [s\open\src\hotspot\share\interpreter\linkResolver.cpp, line 759]
Event: 130.436 Thread 0x0000015dec295280 Exception <a 'java/lang/NoSuchMethodError'{0x00000000c73d27c0}: 'void java.lang.invoke.DirectMethodHandle$Holder.invokeSpecialIFC(java.lang.Object, java.lang.Object, int, java.lang.Object, java.lang.Object, java.lang.Object, java.lang.Object)'> (0x00000000c73d27c0) 
thrown [s\open\src\hotspot\share\interpreter\linkResolver.cpp, line 759]
Event: 130.503 Thread 0x0000015dec2961b0 Exception <a 'java/lang/IncompatibleClassChangeError'{0x00000000c74e2688}: Found class java.lang.Object, but interface was expected> (0x00000000c74e2688) 
thrown [s\open\src\hotspot\share\interpreter\linkResolver.cpp, line 826]
Event: 251.082 Thread 0x0000015dec293e40 Implicit null exception at 0x0000015dd85ca246 to 0x0000015dd85cda78
Event: 251.399 Thread 0x0000015dec293e40 Implicit null exception at 0x0000015dd84daba4 to 0x0000015dd84db4c8
Event: 251.560 Thread 0x0000015dec293e40 Implicit null exception at 0x0000015dd83101b6 to 0x0000015dd8311234
Event: 251.570 Thread 0x0000015dec293e40 Implicit null exception at 0x0000015dd830f515 to 0x0000015dd830f87c
Event: 252.053 Thread 0x0000015dec2966c0 Implicit null exception at 0x0000015dd8304b30 to 0x0000015dd8304be8
Event: 254.785 Thread 0x0000015dec293e40 Implicit null exception at 0x0000015dd86345d7 to 0x0000015dd863558c
Event: 313.126 Thread 0x0000015dec295ca0 Implicit null exception at 0x0000015dd88feead to 0x0000015dd89002d1
Event: 314.397 Thread 0x0000015dec295ca0 Implicit null exception at 0x0000015dd8849e11 to 0x0000015dd884a1d0
Event: 463.093 Thread 0x0000015dec295ca0 Implicit null exception at 0x0000015dd88b3786 to 0x0000015dd88b6948
Event: 463.116 Thread 0x0000015dec294860 Implicit null exception at 0x0000015dd88b3786 to 0x0000015dd88b6948
Event: 463.247 Thread 0x0000015dec2966c0 Implicit null exception at 0x0000015dd88b3786 to 0x0000015dd88b6948
Event: 463.399 Thread 0x0000015dec295280 Implicit null exception at 0x0000015dd88b3786 to 0x0000015dd88b6948

VM Operations (20 events):
Event: 507.296 Executing VM operation: Cleanup
Event: 507.296 Executing VM operation: Cleanup done
Event: 509.310 Executing VM operation: Cleanup
Event: 509.310 Executing VM operation: Cleanup done
Event: 515.344 Executing VM operation: Cleanup
Event: 515.344 Executing VM operation: Cleanup done
Event: 520.382 Executing VM operation: Cleanup
Event: 520.382 Executing VM operation: Cleanup done
Event: 524.406 Executing VM operation: G1CollectForAllocation
Event: 524.501 Executing VM operation: G1CollectForAllocation done
Event: 536.573 Executing VM operation: Cleanup
Event: 536.573 Executing VM operation: Cleanup done
Event: 538.380 Executing VM operation: G1CollectForAllocation
Event: 538.417 Executing VM operation: G1CollectForAllocation done
Event: 539.432 Executing VM operation: Cleanup
Event: 539.496 Executing VM operation: Cleanup done
Event: 541.239 Executing VM operation: HandshakeAllThreads
Event: 541.243 Executing VM operation: HandshakeAllThreads done
Event: 544.027 Executing VM operation: G1CollectForAllocation
Event: 544.105 Executing VM operation: G1CollectForAllocation done

Events (20 events):
Event: 460.234 Thread 0x0000015de3cbfed0 flushing nmethod 0x0000015dd1d42610
Event: 460.234 Thread 0x0000015de3cbfed0 flushing nmethod 0x0000015dd1d89090
Event: 460.234 Thread 0x0000015de3cbfed0 flushing nmethod 0x0000015dd1d8ff90
Event: 460.234 Thread 0x0000015de3cbfed0 flushing nmethod 0x0000015dd1d92410
Event: 460.234 Thread 0x0000015de3cbfed0 flushing nmethod 0x0000015dd1d94d90
Event: 460.235 Thread 0x0000015de3cbfed0 flushing nmethod 0x0000015dd1da7410
Event: 460.236 Thread 0x0000015de3cbfed0 flushing nmethod 0x0000015dd1daea10
Event: 460.237 Thread 0x0000015de3cbfed0 flushing nmethod 0x0000015dd1db2e90
Event: 460.237 Thread 0x0000015de3cbfed0 flushing nmethod 0x0000015dd1db6890
Event: 460.237 Thread 0x0000015de3cbfed0 flushing nmethod 0x0000015dd1db9790
Event: 460.238 Thread 0x0000015de3cbfed0 flushing nmethod 0x0000015dd1dbfe10
Event: 460.238 Thread 0x0000015de3cbfed0 flushing nmethod 0x0000015dd1dc1990
Event: 460.238 Thread 0x0000015de3cbfed0 flushing nmethod 0x0000015dd1dc1d90
Event: 460.238 Thread 0x0000015de3cbfed0 flushing nmethod 0x0000015dd1dc2910
Event: 460.238 Thread 0x0000015de3cbfed0 flushing nmethod 0x0000015dd1dc3490
Event: 460.238 Thread 0x0000015de3cbfed0 flushing nmethod 0x0000015dd1dc4b90
Event: 460.239 Thread 0x0000015de3cbfed0 flushing nmethod 0x0000015dd1dcb890
Event: 460.239 Thread 0x0000015de3cbfed0 flushing nmethod 0x0000015dd1e2c610
Event: 460.240 Thread 0x0000015de3cbfed0 flushing nmethod 0x0000015dd1e6c010
Event: 460.240 Thread 0x0000015de3cbfed0 flushing nmethod 0x0000015dd1e77410


Dynamic libraries:
0x00007ff6cac00000 - 0x00007ff6cac10000 	C:\Program Files\Java\jdk-17\bin\java.exe
0x00007ffda8ed0000 - 0x00007ffda90c8000 	C:\Windows\SYSTEM32\ntdll.dll
0x00007ffda8830000 - 0x00007ffda88f2000 	C:\Windows\System32\KERNEL32.DLL
0x00007ffda69e0000 - 0x00007ffda6cd6000 	C:\Windows\System32\KERNELBASE.dll
0x00007ffda66e0000 - 0x00007ffda67e0000 	C:\Windows\System32\ucrtbase.dll
0x00007ffda1960000 - 0x00007ffda197b000 	C:\Program Files\Java\jdk-17\bin\VCRUNTIME140.dll
0x00007ffd95e80000 - 0x00007ffd95e99000 	C:\Program Files\Java\jdk-17\bin\jli.dll
0x00007ffda8230000 - 0x00007ffda82e1000 	C:\Windows\System32\ADVAPI32.dll
0x00007ffda6ef0000 - 0x00007ffda6f8e000 	C:\Windows\System32\msvcrt.dll
0x00007ffda8900000 - 0x00007ffda899f000 	C:\Windows\System32\sechost.dll
0x00007ffda82f0000 - 0x00007ffda8413000 	C:\Windows\System32\RPCRT4.dll
0x00007ffda6610000 - 0x00007ffda6637000 	C:\Windows\System32\bcrypt.dll
0x00007ffda8b00000 - 0x00007ffda8c9d000 	C:\Windows\System32\USER32.dll
0x00007ffda6e40000 - 0x00007ffda6e62000 	C:\Windows\System32\win32u.dll
0x00007ffd8f6b0000 - 0x00007ffd8f94a000 	C:\Windows\WinSxS\amd64_microsoft.windows.common-controls_6595b64144ccf1df_6.0.19041.5915_none_60b4b9d171f9c7c7\COMCTL32.dll
0x00007ffda8ca0000 - 0x00007ffda8ccb000 	C:\Windows\System32\GDI32.dll
0x00007ffda68c0000 - 0x00007ffda69d9000 	C:\Windows\System32\gdi32full.dll
0x00007ffda6640000 - 0x00007ffda66dd000 	C:\Windows\System32\msvcp_win.dll
0x00007ffda37b0000 - 0x00007ffda37ba000 	C:\Windows\SYSTEM32\VERSION.dll
0x00007ffda8e60000 - 0x00007ffda8e8f000 	C:\Windows\System32\IMM32.DLL
0x00007ffd9c020000 - 0x00007ffd9c02c000 	C:\Program Files\Java\jdk-17\bin\vcruntime140_1.dll
0x00007ffd4a810000 - 0x00007ffd4a89e000 	C:\Program Files\Java\jdk-17\bin\msvcp140.dll
0x00007ffd3c000000 - 0x00007ffd3cbdf000 	C:\Program Files\Java\jdk-17\bin\server\jvm.dll
0x00007ffda8220000 - 0x00007ffda8228000 	C:\Windows\System32\PSAPI.DLL
0x00007ffd81fd0000 - 0x00007ffd81ff7000 	C:\Windows\SYSTEM32\WINMM.dll
0x00007ffda1910000 - 0x00007ffda1919000 	C:\Windows\SYSTEM32\WSOCK32.dll
0x00007ffda8730000 - 0x00007ffda879b000 	C:\Windows\System32\WS2_32.dll
0x00007ffda4400000 - 0x00007ffda4412000 	C:\Windows\SYSTEM32\kernel.appcore.dll
0x00007ffd9b850000 - 0x00007ffd9b85a000 	C:\Program Files\Java\jdk-17\bin\jimage.dll
0x00007ffd944c0000 - 0x00007ffd946c1000 	C:\Windows\SYSTEM32\DBGHELP.DLL
0x00007ffd933d0000 - 0x00007ffd93404000 	C:\Windows\SYSTEM32\dbgcore.DLL
0x00007ffda6830000 - 0x00007ffda68b2000 	C:\Windows\System32\bcryptPrimitives.dll
0x00007ffd84f30000 - 0x00007ffd84f3e000 	C:\Program Files\Java\jdk-17\bin\instrument.dll
0x00007ffd85c20000 - 0x00007ffd85c45000 	C:\Program Files\Java\jdk-17\bin\java.dll
0x00007ffd42ef0000 - 0x00007ffd42fc7000 	C:\Program Files\Java\jdk-17\bin\jsvml.dll
0x00007ffda7870000 - 0x00007ffda7fde000 	C:\Windows\System32\SHELL32.dll
0x00007ffda4600000 - 0x00007ffda4da4000 	C:\Windows\SYSTEM32\windows.storage.dll
0x00007ffda70a0000 - 0x00007ffda73f3000 	C:\Windows\System32\combase.dll
0x00007ffda5ec0000 - 0x00007ffda5eeb000 	C:\Windows\SYSTEM32\Wldp.dll
0x00007ffda8660000 - 0x00007ffda872d000 	C:\Windows\System32\OLEAUT32.dll
0x00007ffda6f90000 - 0x00007ffda703d000 	C:\Windows\System32\SHCORE.dll
0x00007ffda8100000 - 0x00007ffda815b000 	C:\Windows\System32\shlwapi.dll
0x00007ffda6490000 - 0x00007ffda64b4000 	C:\Windows\SYSTEM32\profapi.dll
0x00007ffd87f70000 - 0x00007ffd87f88000 	C:\Program Files\Java\jdk-17\bin\zip.dll
0x00007ffd95e60000 - 0x00007ffd95e79000 	C:\Program Files\Java\jdk-17\bin\net.dll
0x00007ffda1600000 - 0x00007ffda170a000 	C:\Windows\SYSTEM32\WINHTTP.dll
0x00007ffda5c20000 - 0x00007ffda5c8a000 	C:\Windows\system32\mswsock.dll
0x00007ffd882e0000 - 0x00007ffd882f6000 	C:\Program Files\Java\jdk-17\bin\nio.dll
0x00007ffd84f10000 - 0x00007ffd84f2a000 	C:\Program Files\JetBrains\IntelliJ IDEA Community Edition 2022.3.3\bin\breakgen64.dll
0x00007ffd85850000 - 0x00007ffd8585e000 	C:\Program Files\Java\jdk-17\bin\sunmscapi.dll
0x00007ffda6ce0000 - 0x00007ffda6e3d000 	C:\Windows\System32\CRYPT32.dll
0x00007ffda5f30000 - 0x00007ffda5f57000 	C:\Windows\SYSTEM32\ncrypt.dll
0x00007ffda5ef0000 - 0x00007ffda5f2b000 	C:\Windows\SYSTEM32\NTASN1.dll
0x00007ffda5e20000 - 0x00007ffda5e38000 	C:\Windows\SYSTEM32\CRYPTSP.dll
0x00007ffda5540000 - 0x00007ffda5578000 	C:\Windows\system32\rsaenh.dll
0x00007ffda6410000 - 0x00007ffda643e000 	C:\Windows\SYSTEM32\USERENV.dll
0x00007ffda5e10000 - 0x00007ffda5e1c000 	C:\Windows\SYSTEM32\CRYPTBASE.dll
0x00007ffda5900000 - 0x00007ffda593b000 	C:\Windows\SYSTEM32\IPHLPAPI.DLL
0x00007ffda8160000 - 0x00007ffda8168000 	C:\Windows\System32\NSI.dll
0x00007ffda09e0000 - 0x00007ffda09f7000 	C:\Windows\SYSTEM32\dhcpcsvc6.DLL
0x00007ffda37c0000 - 0x00007ffda37dd000 	C:\Windows\SYSTEM32\dhcpcsvc.DLL
0x00007ffda5940000 - 0x00007ffda5a0a000 	C:\Windows\SYSTEM32\DNSAPI.dll
0x00007ffd86b90000 - 0x00007ffd86b9a000 	C:\Program Files\Java\jdk-17\bin\management.dll
0x00007ffd85c10000 - 0x00007ffd85c1b000 	C:\Program Files\Java\jdk-17\bin\management_ext.dll
0x00007ffd86fe0000 - 0x00007ffd86ff0000 	C:\Program Files\Java\jdk-17\bin\verify.dll
0x00007ffd9dcd0000 - 0x00007ffd9dcda000 	C:\Windows\System32\rasadhlp.dll
0x00007ffd9d860000 - 0x00007ffd9d8e0000 	C:\Windows\System32\fwpuclnt.dll
0x00007ffd7ee90000 - 0x00007ffd7ee97000 	C:\Windows\system32\wshunix.dll

dbghelp: loaded successfully - version: 4.0.5 - missing functions: none
symbol engine: initialized successfully - sym options: 0x614 - pdb path: .;C:\Program Files\Java\jdk-17\bin;C:\Windows\SYSTEM32;C:\Windows\WinSxS\amd64_microsoft.windows.common-controls_6595b64144ccf1df_6.0.19041.5915_none_60b4b9d171f9c7c7;C:\Program Files\Java\jdk-17\bin\server;C:\Program Files\JetBrains\IntelliJ IDEA Community Edition 2022.3.3\bin

VM Arguments:
jvm_args: -javaagent:C:\Program Files\JetBrains\IntelliJ IDEA Community Edition 2022.3.3\lib\idea_rt.jar=60627:C:\Program Files\JetBrains\IntelliJ IDEA Community Edition 2022.3.3\bin -Dfile.encoding=UTF-8 
java_command: com.dvml.api.ApiApplication
java_class_path (initial): C:\Users\Pc\Documents\Sys_Hospitalar\api\target\classes;C:\Users\Pc\.m2\repository\org\springframework\boot\spring-boot-starter-data-jpa\3.3.3\spring-boot-starter-data-jpa-3.3.3.jar;C:\Users\Pc\.m2\repository\org\springframework\boot\spring-boot-starter-aop\3.3.3\spring-boot-starter-aop-3.3.3.jar;C:\Users\Pc\.m2\repository\org\aspectj\aspectjweaver\1.9.22.1\aspectjweaver-1.9.22.1.jar;C:\Users\Pc\.m2\repository\org\springframework\boot\spring-boot-starter-jdbc\3.3.3\spring-boot-starter-jdbc-3.3.3.jar;C:\Users\Pc\.m2\repository\com\zaxxer\HikariCP\5.1.0\HikariCP-5.1.0.jar;C:\Users\Pc\.m2\repository\org\springframework\spring-jdbc\6.1.12\spring-jdbc-6.1.12.jar;C:\Users\Pc\.m2\repository\org\hibernate\orm\hibernate-core\6.5.2.Final\hibernate-core-6.5.2.Final.jar;C:\Users\Pc\.m2\repository\jakarta\persistence\jakarta.persistence-api\3.1.0\jakarta.persistence-api-3.1.0.jar;C:\Users\Pc\.m2\repository\jakarta\transaction\jakarta.transaction-api\2.0.1\jakarta.transaction-api-2.0.1.jar;C:\Users\Pc\.m2\repository\org\hibernate\common\hibernate-commons-annotations\6.0.6.Final\hibernate-commons-annotations-6.0.6.Final.jar;C:\Users\Pc\.m2\repository\io\smallrye\jandex\3.1.2\jandex-3.1.2.jar;C:\Users\Pc\.m2\repository\net\bytebuddy\byte-buddy\1.14.19\byte-buddy-1.14.19.jar;C:\Users\Pc\.m2\repository\org\glassfish\jaxb\jaxb-runtime\4.0.5\jaxb-runtime-4.0.5.jar;C:\Users\Pc\.m2\repository\org\glassfish\jaxb\jaxb-core\4.0.5\jaxb-core-4.0.5.jar;C:\Users\Pc\.m2\repository\org\glassfish\jaxb\txw2\4.0.5\txw2-4.0.5.jar;C:\Users\Pc\.m2\repository\com\sun\istack\istack-commons-runtime\4.1.2\istack-commons-runtime-4.1.2.jar;C:\Users\Pc\.m2\repository\jakarta\inject\jakarta.inject-api\2.0.1\jakarta.inject-api-2.0.1.jar;C:\Users\Pc\.m2\repository\org\antlr\antlr4-runtime\4.13.0\antlr4-runtime-4.13.0.jar;C:\Users\Pc\.m2\repository\org\springframework\data\spring-data-jpa\3.3.3\spring-data-jpa-3.3.3.jar;C:\Users\Pc\.m2\repository\org\springframework\data\spring-data-c
Launcher Type: SUN_STANDARD

[Global flags]
     intx CICompilerCount                          = 3                                         {product} {ergonomic}
     uint ConcGCThreads                            = 1                                         {product} {ergonomic}
     uint G1ConcRefinementThreads                  = 4                                         {product} {ergonomic}
   size_t G1HeapRegionSize                         = 1048576                                   {product} {ergonomic}
    uintx GCDrainStackTargetSize                   = 64                                        {product} {ergonomic}
   size_t InitialHeapSize                          = 67108864                                  {product} {ergonomic}
   size_t MarkStackSize                            = 4194304                                   {product} {ergonomic}
   size_t MaxHeapSize                              = 1042284544                                {product} {ergonomic}
   size_t MaxNewSize                               = 624951296                                 {product} {ergonomic}
   size_t MinHeapDeltaBytes                        = 1048576                                   {product} {ergonomic}
   size_t MinHeapSize                              = 8388608                                   {product} {ergonomic}
    uintx NonNMethodCodeHeapSize                   = 5832780                                {pd product} {ergonomic}
    uintx NonProfiledCodeHeapSize                  = 122912730                              {pd product} {ergonomic}
    uintx ProfiledCodeHeapSize                     = 122912730                              {pd product} {ergonomic}
    uintx ReservedCodeCacheSize                    = 251658240                              {pd product} {ergonomic}
     bool SegmentedCodeCache                       = true                                      {product} {ergonomic}
   size_t SoftMaxHeapSize                          = 1042284544                             {manageable} {ergonomic}
     bool UseCompressedClassPointers               = true                           {product lp64_product} {ergonomic}
     bool UseCompressedOops                        = true                           {product lp64_product} {ergonomic}
     bool UseG1GC                                  = true                                      {product} {ergonomic}
     bool UseLargePagesIndividualAllocation        = false                                  {pd product} {ergonomic}

Logging:
Log output configuration:
 #0: stdout all=warning uptime,level,tags
 #1: stderr all=off uptime,level,tags

Environment Variables:
PATH=C:\Program Files\Common Files\Oracle\Java\javapath;C:\Windows\system32;C:\Windows;C:\Windows\System32\Wbem;C:\Windows\System32\WindowsPowerShell\v1.0\;C:\Windows\System32\OpenSSH\;C:\Program Files\nodejs\;C:\Program Files\Git\cmd;C:\Program Files\dotnet\;C:\Users\Pc\AppData\Local\Microsoft\WindowsApps;;C:\Users\Pc\AppData\Local\Programs\Microsoft VS Code\bin;C:\Users\Pc\AppData\Roaming\npm;C:\Program Files\JetBrains\IntelliJ IDEA Community Edition 2022.3.3\bin;;C:\Users\Pc\AppData\Local\Programs\cursor\resources\app\bin
USERNAME=Pc
OS=Windows_NT
PROCESSOR_IDENTIFIER=Intel64 Family 6 Model 158 Stepping 9, GenuineIntel



---------------  S Y S T E M  ---------------

OS:
 Windows 10 , 64 bit Build 19041 (10.0.19041.5915)
OS uptime: 0 days 5:15 hours

CPU: total 4 (initial active 4) (4 cores per cpu, 1 threads per core) family 6 model 158 stepping 9 microcode 0xb4, cx8, cmov, fxsr, mmx, 3dnowpref, sse, sse2, sse3, ssse3, sse4.1, sse4.2, popcnt, lzcnt, tsc, tscinvbit, avx, avx2, aes, erms, clmul, bmi1, bmi2, rtm, adx, fma, vzeroupper, clflush, clflushopt

Memory: 4k page, system-wide physical 3975M (261M free)
TotalPageFile size 16263M (AvailPageFile size 5M)
current process WorkingSet (physical memory assigned to process): 180M, peak: 426M
current process commit charge ("private bytes"): 438M, peak: 461M

vm_info: Java HotSpot(TM) 64-Bit Server VM (17.0.10+11-LTS-240) for windows-amd64 JRE (17.0.10+11-LTS-240), built on Dec 19 2023 21:47:25 by "mach5one" with MS VC++ 17.1 (VS2022)

END.
