#
# There is insufficient memory for the Java Runtime Environment to continue.
# Native memory allocation (malloc) failed to allocate 930096 bytes for Chunk::new
# Possible reasons:
#   The system is out of physical RAM or swap space
#   The process is running with CompressedOops enabled, and the Java Heap may be blocking the growth of the native heap
# Possible solutions:
#   Reduce memory load on the system
#   Increase physical memory or swap space
#   Check if swap backing store is full
#   Decrease Java heap size (-Xmx/-Xms)
#   Decrease number of Java threads
#   Decrease Java thread stack sizes (-Xss)
#   Set larger code cache with -XX:ReservedCodeCacheSize=
#   JVM is running with Unscaled Compressed Oops mode in which the Java heap is
#     placed in the first 4GB address space. The Java Heap base address is the
#     maximum limit for the native heap growth. Please use -XX:HeapBaseMinAddress
#     to set the Java Heap base and to place the Java Heap above 4GB virtual address.
# This output file may be truncated or incomplete.
#
#  Out of Memory Error (arena.cpp:189), pid=3972, tid=3144
#
# JRE version: Java(TM) SE Runtime Environment (17.0.10+11) (build 17.0.10+11-LTS-240)
# Java VM: Java HotSpot(TM) 64-Bit Server VM (17.0.10+11-LTS-240, mixed mode, sharing, tiered, compressed oops, compressed class ptrs, g1 gc, windows-amd64)
# No core dump will be written. Minidumps are not enabled by default on client versions of Windows
#

---------------  S U M M A R Y ------------

Command Line: -javaagent:C:\Program Files\JetBrains\IntelliJ IDEA Community Edition 2022.3.3\lib\idea_rt.jar=60014:C:\Program Files\JetBrains\IntelliJ IDEA Community Edition 2022.3.3\bin -Dfile.encoding=UTF-8 com.dvml.api.ApiApplication

Host: Intel(R) Core(TM) i7-4600U CPU @ 2.10GHz, 4 cores, 3G,  Windows 10 , 64 bit Build 19041 (10.0.19041.5915)
Time: Mon Feb 23 10:28:23 2026 Hor. Padrão Centro-oeste África elapsed time: 4553.190587 seconds (0d 1h 15m 53s)

---------------  T H R E A D  ---------------

Current thread (0x000002d944352920):  JavaThread "C2 CompilerThread0" daemon [_thread_in_native, id=3144, stack(0x000000f9af800000,0x000000f9af900000)]


Current CompileTask:
C2:4553191 16315   !   4       org.springframework.http.server.ServletServerHttpRequest::getHeaders (283 bytes)

Stack: [0x000000f9af800000,0x000000f9af900000]
Native frames: (J=compiled Java code, j=interpreted, Vv=VM code, C=native code)
V  [jvm.dll+0x677a5a]
V  [jvm.dll+0x7d8b2d]
V  [jvm.dll+0x7da48e]
V  [jvm.dll+0x7daaf3]
V  [jvm.dll+0x2455ff]
V  [jvm.dll+0xaaafb]
V  [jvm.dll+0xab09c]
V  [jvm.dll+0x361b5f]
V  [jvm.dll+0x32c211]
V  [jvm.dll+0x32b6aa]
V  [jvm.dll+0x21794f]
V  [jvm.dll+0x216d81]
V  [jvm.dll+0x1a3410]
V  [jvm.dll+0x226aeb]
V  [jvm.dll+0x224cab]
V  [jvm.dll+0x78e45c]
V  [jvm.dll+0x78888a]
V  [jvm.dll+0x676935]
C  [ucrtbase.dll+0x21bb2]
C  [KERNEL32.DLL+0x17374]
C  [ntdll.dll+0x4cc91]


---------------  P R O C E S S  ---------------

Threads class SMR info:
_java_thread_list=0x000002d98cd83b70, length=35, elements={
0x000002d9291aab10, 0x000002d9291ac040, 0x000002d94434c290, 0x000002d94434f380,
0x000002d94434fc50, 0x000002d944350cc0, 0x000002d944352920, 0x000002d9443582b0,
0x000002d944373730, 0x000002d94469bf70, 0x000002d94492e710, 0x000002d98a239260,
0x000002d98ad9b000, 0x000002d98c6aa070, 0x000002d98c6a77f0, 0x000002d98c6ab9c0,
0x000002d98c6a9650, 0x000002d98c6a9b60, 0x000002d98c6ac8f0, 0x000002d98c6a8c30,
0x000002d98c6a68c0, 0x000002d98c6aaa90, 0x000002d98c6a9140, 0x000002d98c6a5480,
0x000002d98c6a6dd0, 0x000002d98c6a5ea0, 0x000002d98c6a5990, 0x000002d98c6a72e0,
0x000002d98c6a7d00, 0x000002d98c6a8210, 0x000002d98bc753d0, 0x000002d98c6aafa0,
0x000002d98bc76300, 0x000002d98bc758e0, 0x000002d98bc73f90
}

Java Threads: ( => current thread )
  0x000002d9291aab10 JavaThread "Reference Handler" daemon [_thread_blocked, id=12444, stack(0x000000f9af200000,0x000000f9af300000)]
  0x000002d9291ac040 JavaThread "Finalizer" daemon [_thread_blocked, id=3472, stack(0x000000f9af300000,0x000000f9af400000)]
  0x000002d94434c290 JavaThread "Signal Dispatcher" daemon [_thread_blocked, id=13992, stack(0x000000f9af400000,0x000000f9af500000)]
  0x000002d94434f380 JavaThread "Attach Listener" daemon [_thread_blocked, id=4892, stack(0x000000f9af500000,0x000000f9af600000)]
  0x000002d94434fc50 JavaThread "Service Thread" daemon [_thread_blocked, id=3716, stack(0x000000f9af600000,0x000000f9af700000)]
  0x000002d944350cc0 JavaThread "Monitor Deflation Thread" daemon [_thread_blocked, id=8940, stack(0x000000f9af700000,0x000000f9af800000)]
=>0x000002d944352920 JavaThread "C2 CompilerThread0" daemon [_thread_in_native, id=3144, stack(0x000000f9af800000,0x000000f9af900000)]
  0x000002d9443582b0 JavaThread "C1 CompilerThread0" daemon [_thread_blocked, id=13184, stack(0x000000f9af900000,0x000000f9afa00000)]
  0x000002d944373730 JavaThread "Sweeper thread" daemon [_thread_blocked, id=10252, stack(0x000000f9afa00000,0x000000f9afb00000)]
  0x000002d94469bf70 JavaThread "Common-Cleaner" daemon [_thread_blocked, id=1440, stack(0x000000f9afb00000,0x000000f9afc00000)]
  0x000002d94492e710 JavaThread "Monitor Ctrl-Break" daemon [_thread_in_native, id=8108, stack(0x000000f9afc00000,0x000000f9afd00000)]
  0x000002d98a239260 JavaThread "Notification Thread" daemon [_thread_blocked, id=11472, stack(0x000000f9afd00000,0x000000f9afe00000)]
  0x000002d98ad9b000 JavaThread "mysql-cj-abandoned-connection-cleanup" daemon [_thread_blocked, id=13912, stack(0x000000f9b0200000,0x000000f9b0300000)]
  0x000002d98c6aa070 JavaThread "PostgreSQL-JDBC-Cleaner" daemon [_thread_blocked, id=7628, stack(0x000000f9b0400000,0x000000f9b0500000)]
  0x000002d98c6a77f0 JavaThread "HikariPool-1 housekeeper" daemon [_thread_blocked, id=2900, stack(0x000000f9b0500000,0x000000f9b0600000)]
  0x000002d98c6ab9c0 JavaThread "Catalina-utility-1" [_thread_blocked, id=4212, stack(0x000000f9b0600000,0x000000f9b0700000)]
  0x000002d98c6a9650 JavaThread "Catalina-utility-2" [_thread_blocked, id=15952, stack(0x000000f9b0700000,0x000000f9b0800000)]
  0x000002d98c6a9b60 JavaThread "container-0" [_thread_blocked, id=15504, stack(0x000000f9b0800000,0x000000f9b0900000)]
  0x000002d98c6ac8f0 JavaThread "http-nio-8081-exec-1" daemon [_thread_in_Java, id=2444, stack(0x000000f9b0900000,0x000000f9b0a00000)]
  0x000002d98c6a8c30 JavaThread "http-nio-8081-exec-2" daemon [_thread_blocked, id=4308, stack(0x000000f9b0a00000,0x000000f9b0b00000)]
  0x000002d98c6a68c0 JavaThread "http-nio-8081-exec-3" daemon [_thread_blocked, id=2140, stack(0x000000f9b0b00000,0x000000f9b0c00000)]
  0x000002d98c6aaa90 JavaThread "http-nio-8081-exec-4" daemon [_thread_blocked, id=11604, stack(0x000000f9b0c00000,0x000000f9b0d00000)]
  0x000002d98c6a9140 JavaThread "http-nio-8081-exec-5" daemon [_thread_blocked, id=11316, stack(0x000000f9b0d00000,0x000000f9b0e00000)]
  0x000002d98c6a5480 JavaThread "http-nio-8081-exec-8" daemon [_thread_blocked, id=11896, stack(0x000000f9b1000000,0x000000f9b1100000)]
  0x000002d98c6a6dd0 JavaThread "http-nio-8081-exec-9" daemon [_thread_blocked, id=908, stack(0x000000f9b1100000,0x000000f9b1200000)]
  0x000002d98c6a5ea0 JavaThread "http-nio-8081-exec-10" daemon [_thread_blocked, id=9988, stack(0x000000f9b1200000,0x000000f9b1300000)]
  0x000002d98c6a5990 JavaThread "http-nio-8081-Poller" daemon [_thread_in_native, id=2880, stack(0x000000f9b1300000,0x000000f9b1400000)]
  0x000002d98c6a72e0 JavaThread "http-nio-8081-Acceptor" daemon [_thread_in_native, id=7608, stack(0x000000f9b1400000,0x000000f9b1500000)]
  0x000002d98c6a7d00 JavaThread "scheduling-1" [_thread_blocked, id=14832, stack(0x000000f9b1500000,0x000000f9b1600000)]
  0x000002d98c6a8210 JavaThread "DestroyJavaVM" [_thread_blocked, id=13064, stack(0x000000f9aeb00000,0x000000f9aec00000)]
  0x000002d98bc753d0 JavaThread "http-nio-8081-exec-12" daemon [_thread_blocked, id=2068, stack(0x000000f9ae900000,0x000000f9aea00000)]
  0x000002d98c6aafa0 JavaThread "http-nio-8081-exec-13" daemon [_thread_blocked, id=2696, stack(0x000000f9aea00000,0x000000f9aeb00000)]
  0x000002d98bc76300 JavaThread "http-nio-8081-exec-14" daemon [_thread_blocked, id=4824, stack(0x000000f9ae800000,0x000000f9ae900000)]
  0x000002d98bc758e0 JavaThread "http-nio-8081-exec-15" daemon [_thread_blocked, id=1208, stack(0x000000f9b0300000,0x000000f9b0400000)]
  0x000002d98bc73f90 JavaThread "HikariPool-1 connection adder" daemon [_thread_blocked, id=11412, stack(0x000000f9b0e00000,0x000000f9b0f00000)]

Other Threads:
  0x000002d9291a3840 VMThread "VM Thread" [stack: 0x000000f9af100000,0x000000f9af200000] [id=1204]
  0x000002d98a3bb290 WatcherThread [stack: 0x000000f9afe00000,0x000000f9aff00000] [id=12940]
  0x000002d929128a00 GCTaskThread "GC Thread#0" [stack: 0x000000f9aec00000,0x000000f9aed00000] [id=13628]
  0x000002d98a4fb9a0 GCTaskThread "GC Thread#1" [stack: 0x000000f9aff00000,0x000000f9b0000000] [id=4224]
  0x000002d98a4d9d90 GCTaskThread "GC Thread#2" [stack: 0x000000f9b0000000,0x000000f9b0100000] [id=10544]
  0x000002d98a540bd0 GCTaskThread "GC Thread#3" [stack: 0x000000f9b0100000,0x000000f9b0200000] [id=224]
  0x000002d9291329b0 ConcurrentGCThread "G1 Main Marker" [stack: 0x000000f9aed00000,0x000000f9aee00000] [id=12248]
  0x000002d9291332d0 ConcurrentGCThread "G1 Conc#0" [stack: 0x000000f9aee00000,0x000000f9aef00000] [id=4588]
  0x000002d9291829e0 ConcurrentGCThread "G1 Refine#0" [stack: 0x000000f9aef00000,0x000000f9af000000] [id=4984]
  0x000002d929183320 ConcurrentGCThread "G1 Service" [stack: 0x000000f9af000000,0x000000f9af100000] [id=2624]

Threads with active compile tasks:
C2 CompilerThread0  4553274 16315   !   4       org.springframework.http.server.ServletServerHttpRequest::getHeaders (283 bytes)

VM state: not at safepoint (normal execution)

VM Mutex/Monitor currently owned by a thread: None

Heap address: 0x00000000c1600000, size: 1002 MB, Compressed Oops mode: 32-bit

CDS archive(s) mapped at: [0x000002d945000000-0x000002d945bd0000-0x000002d945bd0000), size 12386304, SharedBaseAddress: 0x000002d945000000, ArchiveRelocationMode: 1.
Compressed class space mapped at: 0x000002d946000000-0x000002d986000000, reserved size: 1073741824
Narrow klass base: 0x000002d945000000, Narrow klass shift: 0, Narrow klass range: 0x100000000

GC Precious Log:
 CPUs: 4 total, 4 available
 Memory: 4001M
 Large Page Support: Disabled
 NUMA Support: Disabled
 Compressed Oops: Enabled (32-bit)
 Heap Region Size: 1M
 Heap Min Capacity: 8M
 Heap Initial Capacity: 64M
 Heap Max Capacity: 1002M
 Pre-touch: Disabled
 Parallel Workers: 4
 Concurrent Workers: 1
 Concurrent Refinement Workers: 4
 Periodic GC: Disabled

Heap:
 garbage-first heap   total 131072K, used 58578K [0x00000000c1600000, 0x0000000100000000)
  region size 1024K, 7 young (7168K), 2 survivors (2048K)
 Metaspace       used 86317K, committed 87104K, reserved 1179648K
  class space    used 11123K, committed 11520K, reserved 1048576K

Heap Regions: E=young(eden), S=young(survivor), O=old, HS=humongous(starts), HC=humongous(continues), CS=collection set, F=free, OA=open archive, CA=closed archive, TAMS=top-at-mark-start (previous, next)
|   0|0x00000000c1600000, 0x00000000c1700000, 0x00000000c1700000|100%|HS|  |TAMS 0x00000000c1700000, 0x00000000c1700000| Complete 
|   1|0x00000000c1700000, 0x00000000c1800000, 0x00000000c1800000|100%| O|  |TAMS 0x00000000c1800000, 0x00000000c1800000| Untracked 
|   2|0x00000000c1800000, 0x00000000c1900000, 0x00000000c1900000|100%| O|  |TAMS 0x00000000c1900000, 0x00000000c1900000| Untracked 
|   3|0x00000000c1900000, 0x00000000c1a00000, 0x00000000c1a00000|100%| O|  |TAMS 0x00000000c1a00000, 0x00000000c1a00000| Untracked 
|   4|0x00000000c1a00000, 0x00000000c1b00000, 0x00000000c1b00000|100%| O|  |TAMS 0x00000000c1b00000, 0x00000000c1b00000| Untracked 
|   5|0x00000000c1b00000, 0x00000000c1c00000, 0x00000000c1c00000|100%| O|  |TAMS 0x00000000c1c00000, 0x00000000c1c00000| Untracked 
|   6|0x00000000c1c00000, 0x00000000c1d00000, 0x00000000c1d00000|100%| O|  |TAMS 0x00000000c1d00000, 0x00000000c1d00000| Untracked 
|   7|0x00000000c1d00000, 0x00000000c1e00000, 0x00000000c1e00000|100%| O|  |TAMS 0x00000000c1e00000, 0x00000000c1e00000| Untracked 
|   8|0x00000000c1e00000, 0x00000000c1f00000, 0x00000000c1f00000|100%| O|  |TAMS 0x00000000c1f00000, 0x00000000c1f00000| Untracked 
|   9|0x00000000c1f00000, 0x00000000c2000000, 0x00000000c2000000|100%| O|  |TAMS 0x00000000c2000000, 0x00000000c2000000| Untracked 
|  10|0x00000000c2000000, 0x00000000c2100000, 0x00000000c2100000|100%| O|  |TAMS 0x00000000c2100000, 0x00000000c2100000| Untracked 
|  11|0x00000000c2100000, 0x00000000c2200000, 0x00000000c2200000|100%| O|  |TAMS 0x00000000c2200000, 0x00000000c2200000| Untracked 
|  12|0x00000000c2200000, 0x00000000c2300000, 0x00000000c2300000|100%| O|  |TAMS 0x00000000c2300000, 0x00000000c2300000| Untracked 
|  13|0x00000000c2300000, 0x00000000c2400000, 0x00000000c2400000|100%| O|  |TAMS 0x00000000c2400000, 0x00000000c2400000| Untracked 
|  14|0x00000000c2400000, 0x00000000c2500000, 0x00000000c2500000|100%| O|  |TAMS 0x00000000c2500000, 0x00000000c2500000| Untracked 
|  15|0x00000000c2500000, 0x00000000c2600000, 0x00000000c2600000|100%| O|  |TAMS 0x00000000c2600000, 0x00000000c2600000| Untracked 
|  16|0x00000000c2600000, 0x00000000c2700000, 0x00000000c2700000|100%| O|  |TAMS 0x00000000c2700000, 0x00000000c2700000| Untracked 
|  17|0x00000000c2700000, 0x00000000c2800000, 0x00000000c2800000|100%| O|  |TAMS 0x00000000c2800000, 0x00000000c2800000| Untracked 
|  18|0x00000000c2800000, 0x00000000c2900000, 0x00000000c2900000|100%| O|  |TAMS 0x00000000c2800000, 0x00000000c2900000| Untracked 
|  19|0x00000000c2900000, 0x00000000c2a00000, 0x00000000c2a00000|100%| O|  |TAMS 0x00000000c2a00000, 0x00000000c2a00000| Untracked 
|  20|0x00000000c2a00000, 0x00000000c2a84c00, 0x00000000c2b00000| 51%| O|  |TAMS 0x00000000c2a00000, 0x00000000c2a84c00| Untracked 
|  21|0x00000000c2b00000, 0x00000000c2c00000, 0x00000000c2c00000|100%| O|  |TAMS 0x00000000c2c00000, 0x00000000c2c00000| Untracked 
|  22|0x00000000c2c00000, 0x00000000c2d00000, 0x00000000c2d00000|100%| O|  |TAMS 0x00000000c2d00000, 0x00000000c2d00000| Untracked 
|  23|0x00000000c2d00000, 0x00000000c2e00000, 0x00000000c2e00000|100%| O|  |TAMS 0x00000000c2e00000, 0x00000000c2e00000| Untracked 
|  24|0x00000000c2e00000, 0x00000000c2f00000, 0x00000000c2f00000|100%| O|  |TAMS 0x00000000c2f00000, 0x00000000c2f00000| Untracked 
|  25|0x00000000c2f00000, 0x00000000c3000000, 0x00000000c3000000|100%| O|  |TAMS 0x00000000c3000000, 0x00000000c3000000| Untracked 
|  26|0x00000000c3000000, 0x00000000c3100000, 0x00000000c3100000|100%| O|  |TAMS 0x00000000c3100000, 0x00000000c3100000| Untracked 
|  27|0x00000000c3100000, 0x00000000c3200000, 0x00000000c3200000|100%| O|  |TAMS 0x00000000c3200000, 0x00000000c3200000| Untracked 
|  28|0x00000000c3200000, 0x00000000c3300000, 0x00000000c3300000|100%| O|  |TAMS 0x00000000c3300000, 0x00000000c3300000| Untracked 
|  29|0x00000000c3300000, 0x00000000c3400000, 0x00000000c3400000|100%| O|  |TAMS 0x00000000c3400000, 0x00000000c3400000| Untracked 
|  30|0x00000000c3400000, 0x00000000c3500000, 0x00000000c3500000|100%| O|  |TAMS 0x00000000c3500000, 0x00000000c3500000| Untracked 
|  31|0x00000000c3500000, 0x00000000c3600000, 0x00000000c3600000|100%| O|  |TAMS 0x00000000c3600000, 0x00000000c3600000| Untracked 
|  32|0x00000000c3600000, 0x00000000c3700000, 0x00000000c3700000|100%| O|  |TAMS 0x00000000c3700000, 0x00000000c3700000| Untracked 
|  33|0x00000000c3700000, 0x00000000c3800000, 0x00000000c3800000|100%| O|  |TAMS 0x00000000c3800000, 0x00000000c3800000| Untracked 
|  34|0x00000000c3800000, 0x00000000c3900000, 0x00000000c3900000|100%| O|  |TAMS 0x00000000c3900000, 0x00000000c3900000| Untracked 
|  35|0x00000000c3900000, 0x00000000c3a00000, 0x00000000c3a00000|100%| O|  |TAMS 0x00000000c3a00000, 0x00000000c3a00000| Untracked 
|  36|0x00000000c3a00000, 0x00000000c3b00000, 0x00000000c3b00000|100%| O|  |TAMS 0x00000000c3b00000, 0x00000000c3b00000| Untracked 
|  37|0x00000000c3b00000, 0x00000000c3c00000, 0x00000000c3c00000|100%| O|  |TAMS 0x00000000c3c00000, 0x00000000c3c00000| Untracked 
|  38|0x00000000c3c00000, 0x00000000c3d00000, 0x00000000c3d00000|100%| O|  |TAMS 0x00000000c3d00000, 0x00000000c3d00000| Untracked 
|  39|0x00000000c3d00000, 0x00000000c3e00000, 0x00000000c3e00000|100%| O|  |TAMS 0x00000000c3e00000, 0x00000000c3e00000| Untracked 
|  40|0x00000000c3e00000, 0x00000000c3e00000, 0x00000000c3f00000|  0%| F|  |TAMS 0x00000000c3e00000, 0x00000000c3e00000| Untracked 
|  41|0x00000000c3f00000, 0x00000000c4000000, 0x00000000c4000000|100%| O|  |TAMS 0x00000000c4000000, 0x00000000c4000000| Untracked 
|  42|0x00000000c4000000, 0x00000000c4100000, 0x00000000c4100000|100%| O|  |TAMS 0x00000000c4100000, 0x00000000c4100000| Untracked 
|  43|0x00000000c4100000, 0x00000000c4200000, 0x00000000c4200000|100%| O|  |TAMS 0x00000000c4200000, 0x00000000c4200000| Untracked 
|  44|0x00000000c4200000, 0x00000000c4300000, 0x00000000c4300000|100%| O|  |TAMS 0x00000000c4300000, 0x00000000c4300000| Untracked 
|  45|0x00000000c4300000, 0x00000000c4400000, 0x00000000c4400000|100%| O|  |TAMS 0x00000000c4400000, 0x00000000c4400000| Untracked 
|  46|0x00000000c4400000, 0x00000000c4500000, 0x00000000c4500000|100%| O|  |TAMS 0x00000000c4500000, 0x00000000c4500000| Untracked 
|  47|0x00000000c4500000, 0x00000000c4600000, 0x00000000c4600000|100%| O|  |TAMS 0x00000000c4600000, 0x00000000c4600000| Untracked 
|  48|0x00000000c4600000, 0x00000000c4700000, 0x00000000c4700000|100%| O|  |TAMS 0x00000000c4700000, 0x00000000c4700000| Untracked 
|  49|0x00000000c4700000, 0x00000000c4800000, 0x00000000c4800000|100%| O|  |TAMS 0x00000000c4800000, 0x00000000c4800000| Untracked 
|  50|0x00000000c4800000, 0x00000000c4800000, 0x00000000c4900000|  0%| F|  |TAMS 0x00000000c4800000, 0x00000000c4800000| Untracked 
|  51|0x00000000c4900000, 0x00000000c4a00000, 0x00000000c4a00000|100%| O|  |TAMS 0x00000000c4a00000, 0x00000000c4a00000| Untracked 
|  52|0x00000000c4a00000, 0x00000000c4b00000, 0x00000000c4b00000|100%| O|  |TAMS 0x00000000c4b00000, 0x00000000c4b00000| Untracked 
|  53|0x00000000c4b00000, 0x00000000c4c00000, 0x00000000c4c00000|100%| O|  |TAMS 0x00000000c4b47e00, 0x00000000c4c00000| Untracked 
|  54|0x00000000c4c00000, 0x00000000c4c00000, 0x00000000c4d00000|  0%| F|  |TAMS 0x00000000c4c00000, 0x00000000c4c00000| Untracked 
|  55|0x00000000c4d00000, 0x00000000c4d00000, 0x00000000c4e00000|  0%| F|  |TAMS 0x00000000c4d00000, 0x00000000c4d00000| Untracked 
|  56|0x00000000c4e00000, 0x00000000c4e00000, 0x00000000c4f00000|  0%| F|  |TAMS 0x00000000c4e00000, 0x00000000c4e00000| Untracked 
|  57|0x00000000c4f00000, 0x00000000c4f00000, 0x00000000c5000000|  0%| F|  |TAMS 0x00000000c4f00000, 0x00000000c4f00000| Untracked 
|  58|0x00000000c5000000, 0x00000000c5000000, 0x00000000c5100000|  0%| F|  |TAMS 0x00000000c5000000, 0x00000000c5000000| Untracked 
|  59|0x00000000c5100000, 0x00000000c5100000, 0x00000000c5200000|  0%| F|  |TAMS 0x00000000c5100000, 0x00000000c5100000| Untracked 
|  60|0x00000000c5200000, 0x00000000c5200000, 0x00000000c5300000|  0%| F|  |TAMS 0x00000000c5200000, 0x00000000c5200000| Untracked 
|  61|0x00000000c5300000, 0x00000000c5300000, 0x00000000c5400000|  0%| F|  |TAMS 0x00000000c5300000, 0x00000000c5300000| Untracked 
|  62|0x00000000c5400000, 0x00000000c5400000, 0x00000000c5500000|  0%| F|  |TAMS 0x00000000c5400000, 0x00000000c5400000| Untracked 
|  63|0x00000000c5500000, 0x00000000c5500000, 0x00000000c5600000|  0%| F|  |TAMS 0x00000000c5500000, 0x00000000c5500000| Untracked 
|  64|0x00000000c5600000, 0x00000000c5600000, 0x00000000c5700000|  0%| F|  |TAMS 0x00000000c5600000, 0x00000000c5600000| Untracked 
|  65|0x00000000c5700000, 0x00000000c5700000, 0x00000000c5800000|  0%| F|  |TAMS 0x00000000c5700000, 0x00000000c5700000| Untracked 
|  66|0x00000000c5800000, 0x00000000c5800000, 0x00000000c5900000|  0%| F|  |TAMS 0x00000000c5800000, 0x00000000c5800000| Untracked 
|  67|0x00000000c5900000, 0x00000000c5900000, 0x00000000c5a00000|  0%| F|  |TAMS 0x00000000c5900000, 0x00000000c5900000| Untracked 
|  68|0x00000000c5a00000, 0x00000000c5a00000, 0x00000000c5b00000|  0%| F|  |TAMS 0x00000000c5a00000, 0x00000000c5a00000| Untracked 
|  69|0x00000000c5b00000, 0x00000000c5b00000, 0x00000000c5c00000|  0%| F|  |TAMS 0x00000000c5b00000, 0x00000000c5b00000| Untracked 
|  70|0x00000000c5c00000, 0x00000000c5c00000, 0x00000000c5d00000|  0%| F|  |TAMS 0x00000000c5c00000, 0x00000000c5c00000| Untracked 
|  71|0x00000000c5d00000, 0x00000000c5dafd28, 0x00000000c5e00000| 68%| S|CS|TAMS 0x00000000c5d00000, 0x00000000c5d00000| Complete 
|  72|0x00000000c5e00000, 0x00000000c5f00000, 0x00000000c5f00000|100%| S|CS|TAMS 0x00000000c5e00000, 0x00000000c5e00000| Complete 
|  73|0x00000000c5f00000, 0x00000000c5f00000, 0x00000000c6000000|  0%| F|  |TAMS 0x00000000c5f00000, 0x00000000c5f00000| Untracked 
|  74|0x00000000c6000000, 0x00000000c6000000, 0x00000000c6100000|  0%| F|  |TAMS 0x00000000c6000000, 0x00000000c6000000| Untracked 
|  75|0x00000000c6100000, 0x00000000c6100000, 0x00000000c6200000|  0%| F|  |TAMS 0x00000000c6100000, 0x00000000c6100000| Untracked 
|  76|0x00000000c6200000, 0x00000000c6200000, 0x00000000c6300000|  0%| F|  |TAMS 0x00000000c6200000, 0x00000000c6200000| Untracked 
|  77|0x00000000c6300000, 0x00000000c6300000, 0x00000000c6400000|  0%| F|  |TAMS 0x00000000c6300000, 0x00000000c6300000| Untracked 
|  78|0x00000000c6400000, 0x00000000c6400000, 0x00000000c6500000|  0%| F|  |TAMS 0x00000000c6400000, 0x00000000c6400000| Untracked 
|  79|0x00000000c6500000, 0x00000000c6500000, 0x00000000c6600000|  0%| F|  |TAMS 0x00000000c6500000, 0x00000000c6500000| Untracked 
|  80|0x00000000c6600000, 0x00000000c6600000, 0x00000000c6700000|  0%| F|  |TAMS 0x00000000c6600000, 0x00000000c6600000| Untracked 
|  81|0x00000000c6700000, 0x00000000c6700000, 0x00000000c6800000|  0%| F|  |TAMS 0x00000000c6700000, 0x00000000c6700000| Untracked 
|  82|0x00000000c6800000, 0x00000000c6800000, 0x00000000c6900000|  0%| F|  |TAMS 0x00000000c6800000, 0x00000000c6800000| Untracked 
|  83|0x00000000c6900000, 0x00000000c6900000, 0x00000000c6a00000|  0%| F|  |TAMS 0x00000000c6900000, 0x00000000c6900000| Untracked 
|  84|0x00000000c6a00000, 0x00000000c6a00000, 0x00000000c6b00000|  0%| F|  |TAMS 0x00000000c6a00000, 0x00000000c6a00000| Untracked 
|  85|0x00000000c6b00000, 0x00000000c6b00000, 0x00000000c6c00000|  0%| F|  |TAMS 0x00000000c6b00000, 0x00000000c6b00000| Untracked 
|  86|0x00000000c6c00000, 0x00000000c6c00000, 0x00000000c6d00000|  0%| F|  |TAMS 0x00000000c6c00000, 0x00000000c6c00000| Untracked 
|  87|0x00000000c6d00000, 0x00000000c6d00000, 0x00000000c6e00000|  0%| F|  |TAMS 0x00000000c6d00000, 0x00000000c6d00000| Untracked 
|  88|0x00000000c6e00000, 0x00000000c6e00000, 0x00000000c6f00000|  0%| F|  |TAMS 0x00000000c6e00000, 0x00000000c6e00000| Untracked 
|  89|0x00000000c6f00000, 0x00000000c6f00000, 0x00000000c7000000|  0%| F|  |TAMS 0x00000000c6f00000, 0x00000000c6f00000| Untracked 
|  90|0x00000000c7000000, 0x00000000c7000000, 0x00000000c7100000|  0%| F|  |TAMS 0x00000000c7000000, 0x00000000c7000000| Untracked 
|  91|0x00000000c7100000, 0x00000000c7100000, 0x00000000c7200000|  0%| F|  |TAMS 0x00000000c7100000, 0x00000000c7100000| Untracked 
|  92|0x00000000c7200000, 0x00000000c7200000, 0x00000000c7300000|  0%| F|  |TAMS 0x00000000c7200000, 0x00000000c7200000| Untracked 
|  93|0x00000000c7300000, 0x00000000c7300000, 0x00000000c7400000|  0%| F|  |TAMS 0x00000000c7300000, 0x00000000c7300000| Untracked 
|  94|0x00000000c7400000, 0x00000000c7400000, 0x00000000c7500000|  0%| F|  |TAMS 0x00000000c7400000, 0x00000000c7400000| Untracked 
|  95|0x00000000c7500000, 0x00000000c7500000, 0x00000000c7600000|  0%| F|  |TAMS 0x00000000c7500000, 0x00000000c7500000| Untracked 
|  96|0x00000000c7600000, 0x00000000c7600000, 0x00000000c7700000|  0%| F|  |TAMS 0x00000000c7600000, 0x00000000c7600000| Untracked 
|  97|0x00000000c7700000, 0x00000000c7700000, 0x00000000c7800000|  0%| F|  |TAMS 0x00000000c7700000, 0x00000000c7700000| Untracked 
|  98|0x00000000c7800000, 0x00000000c7800000, 0x00000000c7900000|  0%| F|  |TAMS 0x00000000c7800000, 0x00000000c7800000| Untracked 
|  99|0x00000000c7900000, 0x00000000c7900000, 0x00000000c7a00000|  0%| F|  |TAMS 0x00000000c7900000, 0x00000000c7900000| Untracked 
| 100|0x00000000c7a00000, 0x00000000c7a00000, 0x00000000c7b00000|  0%| F|  |TAMS 0x00000000c7a00000, 0x00000000c7a00000| Untracked 
| 101|0x00000000c7b00000, 0x00000000c7b00000, 0x00000000c7c00000|  0%| F|  |TAMS 0x00000000c7b00000, 0x00000000c7b00000| Untracked 
| 102|0x00000000c7c00000, 0x00000000c7c00000, 0x00000000c7d00000|  0%| F|  |TAMS 0x00000000c7c00000, 0x00000000c7c00000| Untracked 
| 103|0x00000000c7d00000, 0x00000000c7d00000, 0x00000000c7e00000|  0%| F|  |TAMS 0x00000000c7d00000, 0x00000000c7d00000| Untracked 
| 104|0x00000000c7e00000, 0x00000000c7e00000, 0x00000000c7f00000|  0%| F|  |TAMS 0x00000000c7e00000, 0x00000000c7e00000| Untracked 
| 105|0x00000000c7f00000, 0x00000000c7f00000, 0x00000000c8000000|  0%| F|  |TAMS 0x00000000c7f00000, 0x00000000c7f00000| Untracked 
| 106|0x00000000c8000000, 0x00000000c8000000, 0x00000000c8100000|  0%| F|  |TAMS 0x00000000c8000000, 0x00000000c8000000| Untracked 
| 107|0x00000000c8100000, 0x00000000c8100000, 0x00000000c8200000|  0%| F|  |TAMS 0x00000000c8100000, 0x00000000c8100000| Untracked 
| 108|0x00000000c8200000, 0x00000000c8200000, 0x00000000c8300000|  0%| F|  |TAMS 0x00000000c8200000, 0x00000000c8200000| Untracked 
| 109|0x00000000c8300000, 0x00000000c8300000, 0x00000000c8400000|  0%| F|  |TAMS 0x00000000c8300000, 0x00000000c8300000| Untracked 
| 110|0x00000000c8400000, 0x00000000c8400000, 0x00000000c8500000|  0%| F|  |TAMS 0x00000000c8400000, 0x00000000c8400000| Untracked 
| 111|0x00000000c8500000, 0x00000000c8500000, 0x00000000c8600000|  0%| F|  |TAMS 0x00000000c8500000, 0x00000000c8500000| Untracked 
| 112|0x00000000c8600000, 0x00000000c8600000, 0x00000000c8700000|  0%| F|  |TAMS 0x00000000c8600000, 0x00000000c8600000| Untracked 
| 113|0x00000000c8700000, 0x00000000c8700000, 0x00000000c8800000|  0%| F|  |TAMS 0x00000000c8700000, 0x00000000c8700000| Untracked 
| 114|0x00000000c8800000, 0x00000000c8800000, 0x00000000c8900000|  0%| F|  |TAMS 0x00000000c8800000, 0x00000000c8800000| Untracked 
| 115|0x00000000c8900000, 0x00000000c8900000, 0x00000000c8a00000|  0%| F|  |TAMS 0x00000000c8900000, 0x00000000c8900000| Untracked 
| 116|0x00000000c8a00000, 0x00000000c8a00000, 0x00000000c8b00000|  0%| F|  |TAMS 0x00000000c8a00000, 0x00000000c8a00000| Untracked 
| 117|0x00000000c8b00000, 0x00000000c8b00000, 0x00000000c8c00000|  0%| F|  |TAMS 0x00000000c8b00000, 0x00000000c8b00000| Untracked 
| 118|0x00000000c8c00000, 0x00000000c8c00000, 0x00000000c8d00000|  0%| F|  |TAMS 0x00000000c8c00000, 0x00000000c8c00000| Untracked 
| 119|0x00000000c8d00000, 0x00000000c8d00000, 0x00000000c8e00000|  0%| F|  |TAMS 0x00000000c8d00000, 0x00000000c8d00000| Untracked 
| 120|0x00000000c8e00000, 0x00000000c8e00000, 0x00000000c8f00000|  0%| F|  |TAMS 0x00000000c8e00000, 0x00000000c8e00000| Untracked 
| 121|0x00000000c8f00000, 0x00000000c8f00000, 0x00000000c9000000|  0%| F|  |TAMS 0x00000000c8f00000, 0x00000000c8f00000| Untracked 
| 122|0x00000000c9000000, 0x00000000c9000000, 0x00000000c9100000|  0%| F|  |TAMS 0x00000000c9000000, 0x00000000c9000000| Untracked 
| 123|0x00000000c9100000, 0x00000000c91b1d68, 0x00000000c9200000| 69%| E|  |TAMS 0x00000000c9100000, 0x00000000c9100000| Complete 
| 124|0x00000000c9200000, 0x00000000c9300000, 0x00000000c9300000|100%| E|CS|TAMS 0x00000000c9200000, 0x00000000c9200000| Complete 
| 125|0x00000000c9300000, 0x00000000c9400000, 0x00000000c9400000|100%| E|CS|TAMS 0x00000000c9300000, 0x00000000c9300000| Complete 
| 126|0x00000000c9400000, 0x00000000c9500000, 0x00000000c9500000|100%| E|CS|TAMS 0x00000000c9400000, 0x00000000c9400000| Complete 
| 127|0x00000000c9500000, 0x00000000c9600000, 0x00000000c9600000|100%| E|CS|TAMS 0x00000000c9500000, 0x00000000c9500000| Complete 

Card table byte_map: [0x000002d93fb90000,0x000002d93fd90000] _byte_map_base: 0x000002d93f585000

Marking Bits (Prev, Next): (CMBitMap*) 0x000002d92912a340, (CMBitMap*) 0x000002d92912a380
 Prev Bits: [0x000002d93ff90000, 0x000002d940f38000)
 Next Bits: [0x000002d940f40000, 0x000002d941ee8000)

Polling page: 0x000002d9270f0000

Metaspace:

Usage:
  Non-class:     73.43 MB used.
      Class:     10.86 MB used.
       Both:     84.29 MB used.

Virtual space:
  Non-class space:      128.00 MB reserved,      73.81 MB ( 58%) committed,  2 nodes.
      Class space:        1.00 GB reserved,      11.25 MB (  1%) committed,  1 nodes.
             Both:        1.12 GB reserved,      85.06 MB (  7%) committed. 

Chunk freelists:
   Non-Class:  5.84 MB
       Class:  4.61 MB
        Both:  10.46 MB

MaxMetaspaceSize: unlimited
CompressedClassSpaceSize: 1.00 GB
Initial GC threshold: 21.00 MB
Current GC threshold: 136.88 MB
CDS: on
MetaspaceReclaimPolicy: balanced
 - commit_granule_bytes: 65536.
 - commit_granule_words: 8192.
 - virtual_space_node_default_size: 8388608.
 - enlarge_chunks_in_place: 1.
 - new_chunks_are_fully_committed: 0.
 - uncommit_free_chunks: 1.
 - use_allocation_guard: 0.
 - handle_deallocations: 1.


Internal statistics:

num_allocs_failed_limit: 12.
num_arena_births: 1170.
num_arena_deaths: 8.
num_vsnodes_births: 3.
num_vsnodes_deaths: 0.
num_space_committed: 1361.
num_space_uncommitted: 0.
num_chunks_returned_to_freelist: 21.
num_chunks_taken_from_freelist: 4557.
num_chunk_merges: 14.
num_chunk_splits: 3195.
num_chunks_enlarged: 2366.
num_inconsistent_stats: 0.

CodeHeap 'non-profiled nmethods': size=120000Kb used=7177Kb max_used=7177Kb free=112822Kb
 bounds [0x000002d938460000, 0x000002d938b70000, 0x000002d93f990000]
CodeHeap 'profiled nmethods': size=120000Kb used=24495Kb max_used=27066Kb free=95504Kb
 bounds [0x000002d930990000, 0x000002d932400000, 0x000002d937ec0000]
CodeHeap 'non-nmethods': size=5760Kb used=1356Kb max_used=1415Kb free=4404Kb
 bounds [0x000002d937ec0000, 0x000002d938130000, 0x000002d938460000]
 total_blobs=13646 nmethods=12958 adapters=599
 compilation: enabled
              stopped_count=0, restarted_count=0
 full_count=0

Compilation events (20 events):
Event: 4553.111 Thread 0x000002d9443582b0 16343   !   3       org.hibernate.sql.results.jdbc.internal.AbstractResultSetAccess::getMetaData (50 bytes)
Event: 4553.123 Thread 0x000002d9443582b0 nmethod 16343 0x000002d930bd0510 code [0x000002d930bd0720, 0x000002d930bd0ec8]
Event: 4553.124 Thread 0x000002d9443582b0 16340       3       org.springframework.data.jpa.repository.query.AbstractJpaQuery::applyEntityGraphConfiguration (54 bytes)
Event: 4553.133 Thread 0x000002d9443582b0 nmethod 16340 0x000002d9309fcf10 code [0x000002d9309fd180, 0x000002d9309fdcb8]
Event: 4553.134 Thread 0x000002d9443582b0 16346       3       org.hibernate.query.sqm.sql.BaseSqmToSqlAstConverter$$Lambda$1714/0x000002d946ad9030::get (12 bytes)
Event: 4553.135 Thread 0x000002d9443582b0 nmethod 16346 0x000002d930d07190 code [0x000002d930d07340, 0x000002d930d074e8]
Event: 4553.135 Thread 0x000002d9443582b0 16337       3       org.hibernate.query.sqm.sql.BaseSqmToSqlAstConverter::visitBasicValuedPath (6 bytes)
Event: 4553.135 Thread 0x000002d9443582b0 nmethod 16337 0x000002d930c1be10 code [0x000002d930c1bfa0, 0x000002d930c1c168]
Event: 4553.135 Thread 0x000002d9443582b0 16331   !   3       org.springframework.data.jpa.repository.query.JpaQueryExecution::execute (99 bytes)
Event: 4553.153 Thread 0x000002d9443582b0 nmethod 16331 0x000002d931907990 code [0x000002d931907d00, 0x000002d931909388]
Event: 4553.153 Thread 0x000002d9443582b0 16335       3       org.springframework.data.jpa.repository.query.JpaQueryMethod::getEntityGraph (11 bytes)
Event: 4553.154 Thread 0x000002d9443582b0 nmethod 16335 0x000002d930f25590 code [0x000002d930f25740, 0x000002d930f25b28]
Event: 4553.154 Thread 0x000002d9443582b0 16338       3       org.springframework.data.jpa.repository.query.JpaQueryMethod::hasQueryMetaAttributes (11 bytes)
Event: 4553.156 Thread 0x000002d9443582b0 nmethod 16338 0x000002d930b73b10 code [0x000002d930b73d60, 0x000002d930b74798]
Event: 4553.156 Thread 0x000002d9443582b0 16339       3       org.springframework.data.jpa.repository.query.JpaQueryMethod::doFindAnnotation (20 bytes)
Event: 4553.157 Thread 0x000002d9443582b0 nmethod 16339 0x000002d9311bbd10 code [0x000002d9311bbf20, 0x000002d9311bc638]
Event: 4553.157 Thread 0x000002d9443582b0 16344       3       org.springframework.data.jpa.repository.query.AbstractJpaQuery::applyHints (101 bytes)
Event: 4553.165 Thread 0x000002d9443582b0 nmethod 16344 0x000002d930e88f10 code [0x000002d930e89320, 0x000002d930e8b498]
Event: 4553.165 Thread 0x000002d9443582b0 16345       3       org.springframework.data.jpa.repository.query.JpaQueryMethod::getMetaAnnotation (15 bytes)
Event: 4553.166 Thread 0x000002d9443582b0 nmethod 16345 0x000002d930dcce10 code [0x000002d930dcd040, 0x000002d930dcd998]

GC Heap History (20 events):
Event: 24.828 GC heap before
{Heap before GC invocations=20 (full 0):
 garbage-first heap   total 96256K, used 76530K [0x00000000c1600000, 0x0000000100000000)
  region size 1024K, 38 young (38912K), 4 survivors (4096K)
 Metaspace       used 69223K, committed 69824K, reserved 1114112K
  class space    used 9138K, committed 9408K, reserved 1048576K
}
Event: 24.838 GC heap after
{Heap after GC invocations=21 (full 0):
 garbage-first heap   total 96256K, used 45591K [0x00000000c1600000, 0x0000000100000000)
  region size 1024K, 4 young (4096K), 4 survivors (4096K)
 Metaspace       used 69223K, committed 69824K, reserved 1114112K
  class space    used 9138K, committed 9408K, reserved 1048576K
}
Event: 26.033 GC heap before
{Heap before GC invocations=21 (full 0):
 garbage-first heap   total 96256K, used 77335K [0x00000000c1600000, 0x0000000100000000)
  region size 1024K, 35 young (35840K), 4 survivors (4096K)
 Metaspace       used 72352K, committed 72960K, reserved 1114112K
  class space    used 9572K, committed 9920K, reserved 1048576K
}
Event: 26.048 GC heap after
{Heap after GC invocations=22 (full 0):
 garbage-first heap   total 96256K, used 48312K [0x00000000c1600000, 0x0000000100000000)
  region size 1024K, 3 young (3072K), 3 survivors (3072K)
 Metaspace       used 72352K, committed 72960K, reserved 1114112K
  class space    used 9572K, committed 9920K, reserved 1048576K
}
Event: 111.818 GC heap before
{Heap before GC invocations=22 (full 0):
 garbage-first heap   total 96256K, used 78008K [0x00000000c1600000, 0x0000000100000000)
  region size 1024K, 32 young (32768K), 3 survivors (3072K)
 Metaspace       used 75701K, committed 76288K, reserved 1179648K
  class space    used 10011K, committed 10304K, reserved 1048576K
}
Event: 111.962 GC heap after
{Heap after GC invocations=23 (full 0):
 garbage-first heap   total 96256K, used 51749K [0x00000000c1600000, 0x0000000100000000)
  region size 1024K, 4 young (4096K), 4 survivors (4096K)
 Metaspace       used 75701K, committed 76288K, reserved 1179648K
  class space    used 10011K, committed 10304K, reserved 1048576K
}
Event: 115.278 GC heap before
{Heap before GC invocations=24 (full 0):
 garbage-first heap   total 96256K, used 76325K [0x00000000c1600000, 0x0000000100000000)
  region size 1024K, 29 young (29696K), 4 survivors (4096K)
 Metaspace       used 81492K, committed 82112K, reserved 1179648K
  class space    used 10933K, committed 11264K, reserved 1048576K
}
Event: 115.310 GC heap after
{Heap after GC invocations=25 (full 0):
 garbage-first heap   total 96256K, used 53617K [0x00000000c1600000, 0x0000000100000000)
  region size 1024K, 2 young (2048K), 2 survivors (2048K)
 Metaspace       used 81492K, committed 82112K, reserved 1179648K
  class space    used 10933K, committed 11264K, reserved 1048576K
}
Event: 115.489 GC heap before
{Heap before GC invocations=25 (full 0):
 garbage-first heap   total 96256K, used 55665K [0x00000000c1600000, 0x0000000100000000)
  region size 1024K, 4 young (4096K), 2 survivors (2048K)
 Metaspace       used 81750K, committed 82432K, reserved 1179648K
  class space    used 10964K, committed 11328K, reserved 1048576K
}
Event: 115.513 GC heap after
{Heap after GC invocations=26 (full 0):
 garbage-first heap   total 96256K, used 53021K [0x00000000c1600000, 0x0000000100000000)
  region size 1024K, 1 young (1024K), 1 survivors (1024K)
 Metaspace       used 81750K, committed 82432K, reserved 1179648K
  class space    used 10964K, committed 11328K, reserved 1048576K
}
Event: 326.775 GC heap before
{Heap before GC invocations=26 (full 0):
 garbage-first heap   total 96256K, used 77597K [0x00000000c1600000, 0x0000000100000000)
  region size 1024K, 25 young (25600K), 1 survivors (1024K)
 Metaspace       used 83310K, committed 84032K, reserved 1179648K
  class space    used 11055K, committed 11392K, reserved 1048576K
}
Event: 326.840 GC heap after
{Heap after GC invocations=27 (full 0):
 garbage-first heap   total 131072K, used 53251K [0x00000000c1600000, 0x0000000100000000)
  region size 1024K, 1 young (1024K), 1 survivors (1024K)
 Metaspace       used 83310K, committed 84032K, reserved 1179648K
  class space    used 11055K, committed 11392K, reserved 1048576K
}
Event: 1373.259 GC heap before
{Heap before GC invocations=28 (full 0):
 garbage-first heap   total 131072K, used 104451K [0x00000000c1600000, 0x0000000100000000)
  region size 1024K, 51 young (52224K), 1 survivors (1024K)
 Metaspace       used 84381K, committed 85120K, reserved 1179648K
  class space    used 11080K, committed 11456K, reserved 1048576K
}
Event: 1373.297 GC heap after
{Heap after GC invocations=29 (full 0):
 garbage-first heap   total 131072K, used 54016K [0x00000000c1600000, 0x0000000100000000)
  region size 1024K, 2 young (2048K), 2 survivors (2048K)
 Metaspace       used 84381K, committed 85120K, reserved 1179648K
  class space    used 11080K, committed 11456K, reserved 1048576K
}
Event: 1373.476 GC heap before
{Heap before GC invocations=29 (full 0):
 garbage-first heap   total 131072K, used 57088K [0x00000000c1600000, 0x0000000100000000)
  region size 1024K, 6 young (6144K), 2 survivors (2048K)
 Metaspace       used 84486K, committed 85248K, reserved 1179648K
  class space    used 11080K, committed 11456K, reserved 1048576K
}
Event: 1373.524 GC heap after
{Heap after GC invocations=30 (full 0):
 garbage-first heap   total 131072K, used 52938K [0x00000000c1600000, 0x0000000100000000)
  region size 1024K, 1 young (1024K), 1 survivors (1024K)
 Metaspace       used 84486K, committed 85248K, reserved 1179648K
  class space    used 11080K, committed 11456K, reserved 1048576K
}
Event: 1695.452 GC heap before
{Heap before GC invocations=30 (full 0):
 garbage-first heap   total 131072K, used 105162K [0x00000000c1600000, 0x0000000100000000)
  region size 1024K, 52 young (53248K), 1 survivors (1024K)
 Metaspace       used 85823K, committed 86592K, reserved 1179648K
  class space    used 11121K, committed 11520K, reserved 1048576K
}
Event: 1695.550 GC heap after
{Heap after GC invocations=31 (full 0):
 garbage-first heap   total 131072K, used 53461K [0x00000000c1600000, 0x0000000100000000)
  region size 1024K, 1 young (1024K), 1 survivors (1024K)
 Metaspace       used 85823K, committed 86592K, reserved 1179648K
  class space    used 11121K, committed 11520K, reserved 1048576K
}
Event: 4552.605 GC heap before
{Heap before GC invocations=31 (full 0):
 garbage-first heap   total 131072K, used 107733K [0x00000000c1600000, 0x0000000100000000)
  region size 1024K, 55 young (56320K), 1 survivors (1024K)
 Metaspace       used 86293K, committed 87040K, reserved 1179648K
  class space    used 11123K, committed 11520K, reserved 1048576K
}
Event: 4552.725 GC heap after
{Heap after GC invocations=32 (full 0):
 garbage-first heap   total 131072K, used 54482K [0x00000000c1600000, 0x0000000100000000)
  region size 1024K, 2 young (2048K), 2 survivors (2048K)
 Metaspace       used 86293K, committed 87040K, reserved 1179648K
  class space    used 11123K, committed 11520K, reserved 1048576K
}

Deoptimization events (20 events):
Event: 4549.054 Thread 0x000002d98c6a8c30 DEOPT PACKING pc=0x000002d938a72060 sp=0x000000f9b0afe1c0
Event: 4549.054 Thread 0x000002d98c6a5480 Uncommon trap: trap_request=0xffffff45 fr.pc=0x000002d938a72060 relative=0x0000000000000400
Event: 4549.055 Thread 0x000002d98c6a8c30 DEOPT UNPACKING pc=0x000002d937f123a3 sp=0x000000f9b0afe108 mode 2
Event: 4549.055 Thread 0x000002d98c6a5480 Uncommon trap: reason=unstable_if action=reinterpret pc=0x000002d938a72060 method=java.util.concurrent.locks.ReentrantReadWriteLock$Sync.tryAcquireShared(I)I @ 105 c2
Event: 4549.055 Thread 0x000002d98c6a5480 DEOPT PACKING pc=0x000002d938a72060 sp=0x000000f9b10fe4e0
Event: 4549.056 Thread 0x000002d98c6a68c0 DEOPT UNPACKING pc=0x000002d937f123a3 sp=0x000000f9b0bfe7b8 mode 2
Event: 4549.056 Thread 0x000002d98c6aafa0 DEOPT UNPACKING pc=0x000002d937f123a3 sp=0x000000f9aeafe028 mode 2
Event: 4549.056 Thread 0x000002d98c6a5480 DEOPT UNPACKING pc=0x000002d937f123a3 sp=0x000000f9b10fe428 mode 2
Event: 4549.056 Thread 0x000002d98c6a9140 Uncommon trap: trap_request=0xffffff45 fr.pc=0x000002d938a72060 relative=0x0000000000000400
Event: 4549.056 Thread 0x000002d98c6a9140 Uncommon trap: reason=unstable_if action=reinterpret pc=0x000002d938a72060 method=java.util.concurrent.locks.ReentrantReadWriteLock$Sync.tryAcquireShared(I)I @ 105 c2
Event: 4549.056 Thread 0x000002d98c6a9140 DEOPT PACKING pc=0x000002d938a72060 sp=0x000000f9b0dfe250
Event: 4549.056 Thread 0x000002d98c6a9140 DEOPT UNPACKING pc=0x000002d937f123a3 sp=0x000000f9b0dfe198 mode 2
Event: 4550.503 Thread 0x000002d98bc76300 DEOPT PACKING pc=0x000002d931d17ec7 sp=0x000000f9ae8fb710
Event: 4550.504 Thread 0x000002d98bc76300 DEOPT UNPACKING pc=0x000002d937f12b43 sp=0x000000f9ae8fac38 mode 0
Event: 4552.872 Thread 0x000002d98bc753d0 Uncommon trap: trap_request=0xfffffff4 fr.pc=0x000002d938b62330 relative=0x0000000000000090
Event: 4552.872 Thread 0x000002d98bc753d0 Uncommon trap: reason=null_check action=make_not_entrant pc=0x000002d938b62330 method=org.hibernate.query.sqm.sql.BaseSqmToSqlAstConverter.getCurrentProcessingState()Lorg/hibernate/sql/ast/spi/SqlAstProcessingState; @ 9 c2
Event: 4552.872 Thread 0x000002d98bc753d0 DEOPT PACKING pc=0x000002d938b62330 sp=0x000000f9ae9fa6b0
Event: 4552.874 Thread 0x000002d98bc753d0 DEOPT UNPACKING pc=0x000002d937f123a3 sp=0x000000f9ae9fa650 mode 2
Event: 4553.052 Thread 0x000002d98c6ac8f0 DEOPT PACKING pc=0x000002d931d17ec7 sp=0x000000f9b09fb950
Event: 4553.060 Thread 0x000002d98c6ac8f0 DEOPT UNPACKING pc=0x000002d937f12b43 sp=0x000000f9b09fae78 mode 0

Classes unloaded (4 events):
Event: 328.000 Thread 0x000002d9291a3840 Unloading class 0x000002d946ae9000 'java/lang/invoke/LambdaForm$DMH+0x000002d946ae9000'
Event: 328.002 Thread 0x000002d9291a3840 Unloading class 0x000002d946ae8c00 'java/lang/invoke/LambdaForm$DMH+0x000002d946ae8c00'
Event: 328.002 Thread 0x000002d9291a3840 Unloading class 0x000002d946ae8800 'java/lang/invoke/LambdaForm$DMH+0x000002d946ae8800'
Event: 328.002 Thread 0x000002d9291a3840 Unloading class 0x000002d946ae8400 'java/lang/invoke/LambdaForm$DMH+0x000002d946ae8400'

Classes redefined (0 events):
No events

Internal exceptions (20 events):
Event: 114.407 Thread 0x000002d98c6a6dd0 Exception <a 'java/lang/IncompatibleClassChangeError'{0x00000000c663e3a8}: Found class java.lang.Object, but interface was expected> (0x00000000c663e3a8) 
thrown [s\open\src\hotspot\share\interpreter\linkResolver.cpp, line 826]
Event: 114.519 Thread 0x000002d98c6a9140 Exception <a 'java/lang/NoSuchMethodError'{0x00000000c6330f88}: 'void java.lang.invoke.DirectMethodHandle$Holder.invokeSpecialIFC(java.lang.Object, java.lang.Object, int, java.lang.Object, java.lang.Object, java.lang.Object, java.lang.Object)'> (0x00000000c6330f88) 
thrown [s\open\src\hotspot\share\interpreter\linkResolver.cpp, line 759]
Event: 114.519 Thread 0x000002d98c6a5480 Exception <a 'java/lang/NoSuchMethodError'{0x00000000c6308778}: 'void java.lang.invoke.DirectMethodHandle$Holder.invokeSpecialIFC(java.lang.Object, java.lang.Object, int, java.lang.Object, java.lang.Object, java.lang.Object, java.lang.Object)'> (0x00000000c6308778) 
thrown [s\open\src\hotspot\share\interpreter\linkResolver.cpp, line 759]
Event: 114.519 Thread 0x000002d98c6a6dd0 Exception <a 'java/lang/NoSuchMethodError'{0x00000000c631da88}: 'void java.lang.invoke.DirectMethodHandle$Holder.invokeSpecialIFC(java.lang.Object, java.lang.Object, int, java.lang.Object, java.lang.Object, java.lang.Object, java.lang.Object)'> (0x00000000c631da88) 
thrown [s\open\src\hotspot\share\interpreter\linkResolver.cpp, line 759]
Event: 114.520 Thread 0x000002d98c6aafa0 Exception <a 'java/lang/NoSuchMethodError'{0x00000000c64a9fa0}: 'void java.lang.invoke.DirectMethodHandle$Holder.invokeSpecialIFC(java.lang.Object, java.lang.Object, int, java.lang.Object, java.lang.Object, java.lang.Object, java.lang.Object)'> (0x00000000c64a9fa0) 
thrown [s\open\src\hotspot\share\interpreter\linkResolver.cpp, line 759]
Event: 114.520 Thread 0x000002d98c6a8c30 Exception <a 'java/lang/NoSuchMethodError'{0x00000000c64ef0a0}: 'void java.lang.invoke.DirectMethodHandle$Holder.invokeSpecialIFC(java.lang.Object, java.lang.Object, int, java.lang.Object, java.lang.Object, java.lang.Object, java.lang.Object)'> (0x00000000c64ef0a0) 
thrown [s\open\src\hotspot\share\interpreter\linkResolver.cpp, line 759]
Event: 115.359 Thread 0x000002d98c6a8c30 Exception <a 'java/lang/NoSuchMethodError'{0x00000000c7a93058}: 'java.lang.Object java.lang.invoke.DirectMethodHandle$Holder.invokeInterface(java.lang.Object, java.lang.Object, int)'> (0x00000000c7a93058) 
thrown [s\open\src\hotspot\share\interpreter\linkResolver.cpp, line 759]
Event: 115.379 Thread 0x000002d98c6a8c30 Exception <a 'java/lang/IncompatibleClassChangeError'{0x00000000c7acff48}: Found class java.lang.Object, but interface was expected> (0x00000000c7acff48) 
thrown [s\open\src\hotspot\share\interpreter\linkResolver.cpp, line 826]
Event: 1354.062 Thread 0x000002d98c6a6dd0 Implicit null exception at 0x000002d93863bbb8 to 0x000002d93863ec9c
Event: 1354.062 Thread 0x000002d98c6aaa90 Implicit null exception at 0x000002d93863bbb8 to 0x000002d93863ec9c
Event: 1354.062 Thread 0x000002d98c6a9140 Implicit null exception at 0x000002d93863bbb8 to 0x000002d93863ec9c
Event: 1354.062 Thread 0x000002d98c6a5480 Implicit null exception at 0x000002d93863bbb8 to 0x000002d93863ec9c
Event: 1354.062 Thread 0x000002d98c6a8c30 Implicit null exception at 0x000002d93863bbb8 to 0x000002d93863ec9c
Event: 1354.062 Thread 0x000002d98c6a68c0 Implicit null exception at 0x000002d93863bbb8 to 0x000002d93863ec9c
Event: 4549.050 Thread 0x000002d98c6a68c0 Implicit null exception at 0x000002d938a71d7d to 0x000002d938a72048
Event: 4549.050 Thread 0x000002d98c6aafa0 Implicit null exception at 0x000002d938a71d7d to 0x000002d938a72048
Event: 4549.050 Thread 0x000002d98c6a8c30 Implicit null exception at 0x000002d938a71d7d to 0x000002d938a72048
Event: 4549.050 Thread 0x000002d98c6a5480 Implicit null exception at 0x000002d938a71d7d to 0x000002d938a72048
Event: 4549.050 Thread 0x000002d98c6a9140 Implicit null exception at 0x000002d938a71d7d to 0x000002d938a72048
Event: 4553.130 Thread 0x000002d98c6ac8f0 Exception <a 'java/io/IOException'{0x00000000c9179890}> (0x00000000c9179890) 
thrown [s\open\src\hotspot\share\prims\jni.cpp, line 516]

VM Operations (20 events):
Event: 3929.062 Executing VM operation: Cleanup
Event: 3929.063 Executing VM operation: Cleanup done
Event: 4119.415 Executing VM operation: Cleanup
Event: 4119.415 Executing VM operation: Cleanup done
Event: 4193.904 Executing VM operation: Cleanup
Event: 4193.904 Executing VM operation: Cleanup done
Event: 4200.958 Executing VM operation: Cleanup
Event: 4200.958 Executing VM operation: Cleanup done
Event: 4202.978 Executing VM operation: Cleanup
Event: 4202.978 Executing VM operation: Cleanup done
Event: 4549.409 Executing VM operation: Cleanup
Event: 4549.410 Executing VM operation: Cleanup done
Event: 4550.420 Executing VM operation: Cleanup
Event: 4550.421 Executing VM operation: Cleanup done
Event: 4551.427 Executing VM operation: Cleanup
Event: 4551.427 Executing VM operation: Cleanup done
Event: 4552.435 Executing VM operation: Cleanup
Event: 4552.448 Executing VM operation: Cleanup done
Event: 4552.587 Executing VM operation: G1CollectForAllocation
Event: 4552.736 Executing VM operation: G1CollectForAllocation done

Events (20 events):
Event: 3542.346 Thread 0x000002d98bc74ec0 Thread exited: 0x000002d98bc74ec0
Event: 3542.916 Thread 0x000002d98bc73f90 Thread added: 0x000002d98bc73f90
Event: 3542.927 Thread 0x000002d98bc76300 Thread added: 0x000002d98bc76300
Event: 3547.928 Thread 0x000002d98bc73f90 Thread exited: 0x000002d98bc73f90
Event: 3548.077 Thread 0x000002d98bc76300 Thread exited: 0x000002d98bc76300
Event: 3556.404 Thread 0x000002d98bc74ec0 Thread added: 0x000002d98bc74ec0
Event: 3556.409 Thread 0x000002d98bc73f90 Thread added: 0x000002d98bc73f90
Event: 3563.904 Thread 0x000002d98bc74ec0 Thread exited: 0x000002d98bc74ec0
Event: 3564.028 Thread 0x000002d98bc73f90 Thread exited: 0x000002d98bc73f90
Event: 3570.699 Thread 0x000002d98bc73f90 Thread added: 0x000002d98bc73f90
Event: 3570.703 Thread 0x000002d98bc74ec0 Thread added: 0x000002d98bc74ec0
Event: 3583.616 Thread 0x000002d98bc73f90 Thread exited: 0x000002d98bc73f90
Event: 3583.758 Thread 0x000002d98bc74ec0 Thread exited: 0x000002d98bc74ec0
Event: 3585.914 Thread 0x000002d98bc74ec0 Thread added: 0x000002d98bc74ec0
Event: 3585.917 Thread 0x000002d98bc73f90 Thread added: 0x000002d98bc73f90
Event: 3592.940 Thread 0x000002d98bc74ec0 Thread exited: 0x000002d98bc74ec0
Event: 3593.066 Thread 0x000002d98bc73f90 Thread exited: 0x000002d98bc73f90
Event: 4549.354 Thread 0x000002d98bc76300 Thread added: 0x000002d98bc76300
Event: 4549.354 Thread 0x000002d98bc758e0 Thread added: 0x000002d98bc758e0
Event: 4549.539 Thread 0x000002d98bc73f90 Thread added: 0x000002d98bc73f90


Dynamic libraries:
0x00007ff68e5f0000 - 0x00007ff68e600000 	C:\Program Files\Java\jdk-17\bin\java.exe
0x00007ffd2af30000 - 0x00007ffd2b128000 	C:\WINDOWS\SYSTEM32\ntdll.dll
0x00007ffd28f50000 - 0x00007ffd29012000 	C:\WINDOWS\System32\KERNEL32.DLL
0x00007ffd28640000 - 0x00007ffd28936000 	C:\WINDOWS\System32\KERNELBASE.dll
0x00007ffd28e50000 - 0x00007ffd28f50000 	C:\WINDOWS\System32\ucrtbase.dll
0x00007ffd241f0000 - 0x00007ffd24209000 	C:\Program Files\Java\jdk-17\bin\jli.dll
0x00007ffd2a7f0000 - 0x00007ffd2a8a1000 	C:\WINDOWS\System32\ADVAPI32.dll
0x00007ffd29d70000 - 0x00007ffd29e0e000 	C:\WINDOWS\System32\msvcrt.dll
0x00007ffd2ac60000 - 0x00007ffd2acff000 	C:\WINDOWS\System32\sechost.dll
0x00007ffd241d0000 - 0x00007ffd241eb000 	C:\Program Files\Java\jdk-17\bin\VCRUNTIME140.dll
0x00007ffd2ad00000 - 0x00007ffd2ae20000 	C:\WINDOWS\System32\RPCRT4.dll
0x00007ffd28940000 - 0x00007ffd28967000 	C:\WINDOWS\System32\bcrypt.dll
0x00007ffd29fa0000 - 0x00007ffd2a141000 	C:\WINDOWS\System32\USER32.dll
0x00007ffd19560000 - 0x00007ffd197fb000 	C:\WINDOWS\WinSxS\amd64_microsoft.windows.common-controls_6595b64144ccf1df_6.0.19041.6456_none_60b8a6cb71f64256\COMCTL32.dll
0x00007ffd2a8d0000 - 0x00007ffd2a8fb000 	C:\WINDOWS\System32\GDI32.dll
0x00007ffd28a90000 - 0x00007ffd28ab2000 	C:\WINDOWS\System32\win32u.dll
0x00007ffd28970000 - 0x00007ffd28a89000 	C:\WINDOWS\System32\gdi32full.dll
0x00007ffd28db0000 - 0x00007ffd28e4d000 	C:\WINDOWS\System32\msvcp_win.dll
0x00007ffd16bb0000 - 0x00007ffd16bba000 	C:\WINDOWS\SYSTEM32\VERSION.dll
0x00007ffd2a1d0000 - 0x00007ffd2a1ff000 	C:\WINDOWS\System32\IMM32.DLL
0x00007ffd241c0000 - 0x00007ffd241cc000 	C:\Program Files\Java\jdk-17\bin\vcruntime140_1.dll
0x00007ffd20790000 - 0x00007ffd2081e000 	C:\Program Files\Java\jdk-17\bin\msvcp140.dll
0x00007ffcc63e0000 - 0x00007ffcc6fbf000 	C:\Program Files\Java\jdk-17\bin\server\jvm.dll
0x00007ffd2a1c0000 - 0x00007ffd2a1c8000 	C:\WINDOWS\System32\PSAPI.DLL
0x00007ffd25640000 - 0x00007ffd25649000 	C:\WINDOWS\SYSTEM32\WSOCK32.dll
0x00007ffd2a150000 - 0x00007ffd2a1bb000 	C:\WINDOWS\System32\WS2_32.dll
0x00007ffd19c80000 - 0x00007ffd19ca7000 	C:\WINDOWS\SYSTEM32\WINMM.dll
0x00007ffd26430000 - 0x00007ffd26442000 	C:\WINDOWS\SYSTEM32\kernel.appcore.dll
0x00007ffd23d60000 - 0x00007ffd23d6a000 	C:\Program Files\Java\jdk-17\bin\jimage.dll
0x00007ffd15d00000 - 0x00007ffd15f01000 	C:\WINDOWS\SYSTEM32\DBGHELP.DLL
0x00007ffd13390000 - 0x00007ffd133c4000 	C:\WINDOWS\SYSTEM32\dbgcore.DLL
0x00007ffd28c20000 - 0x00007ffd28ca2000 	C:\WINDOWS\System32\bcryptPrimitives.dll
0x00007ffd252d0000 - 0x00007ffd252de000 	C:\Program Files\Java\jdk-17\bin\instrument.dll
0x00007ffd23b80000 - 0x00007ffd23ba5000 	C:\Program Files\Java\jdk-17\bin\java.dll
0x00007ffd206b0000 - 0x00007ffd20787000 	C:\Program Files\Java\jdk-17\bin\jsvml.dll
0x00007ffd29020000 - 0x00007ffd29790000 	C:\WINDOWS\System32\SHELL32.dll
0x00007ffd26630000 - 0x00007ffd26dd5000 	C:\WINDOWS\SYSTEM32\windows.storage.dll
0x00007ffd2a900000 - 0x00007ffd2ac54000 	C:\WINDOWS\System32\combase.dll
0x00007ffd27ff0000 - 0x00007ffd2801b000 	C:\WINDOWS\SYSTEM32\Wldp.dll
0x00007ffd2ae20000 - 0x00007ffd2aeed000 	C:\WINDOWS\System32\OLEAUT32.dll
0x00007ffd29ba0000 - 0x00007ffd29c4d000 	C:\WINDOWS\System32\SHCORE.dll
0x00007ffd297f0000 - 0x00007ffd2984b000 	C:\WINDOWS\System32\shlwapi.dll
0x00007ffd284f0000 - 0x00007ffd28514000 	C:\WINDOWS\SYSTEM32\profapi.dll
0x00007ffd238d0000 - 0x00007ffd238e8000 	C:\Program Files\Java\jdk-17\bin\zip.dll
0x00007ffd23b60000 - 0x00007ffd23b79000 	C:\Program Files\Java\jdk-17\bin\net.dll
0x00007ffd1d1f0000 - 0x00007ffd1d2fa000 	C:\WINDOWS\SYSTEM32\WINHTTP.dll
0x00007ffd27d50000 - 0x00007ffd27dba000 	C:\WINDOWS\system32\mswsock.dll
0x00007ffd23b40000 - 0x00007ffd23b56000 	C:\Program Files\Java\jdk-17\bin\nio.dll
0x00007ffd242b0000 - 0x00007ffd242ca000 	C:\Program Files\JetBrains\IntelliJ IDEA Community Edition 2022.3.3\bin\breakgen64.dll
0x00007ffd23b30000 - 0x00007ffd23b40000 	C:\Program Files\Java\jdk-17\bin\verify.dll
0x00007ffd242d0000 - 0x00007ffd242de000 	C:\Program Files\Java\jdk-17\bin\sunmscapi.dll
0x00007ffd28ac0000 - 0x00007ffd28c1d000 	C:\WINDOWS\System32\CRYPT32.dll
0x00007ffd28060000 - 0x00007ffd28087000 	C:\WINDOWS\SYSTEM32\ncrypt.dll
0x00007ffd28020000 - 0x00007ffd2805b000 	C:\WINDOWS\SYSTEM32\NTASN1.dll
0x00007ffd27f40000 - 0x00007ffd27f58000 	C:\WINDOWS\SYSTEM32\CRYPTSP.dll
0x00007ffd27600000 - 0x00007ffd27638000 	C:\WINDOWS\system32\rsaenh.dll
0x00007ffd28470000 - 0x00007ffd2849e000 	C:\WINDOWS\SYSTEM32\USERENV.dll
0x00007ffd27f60000 - 0x00007ffd27f6c000 	C:\WINDOWS\SYSTEM32\CRYPTBASE.dll
0x00007ffd279e0000 - 0x00007ffd27a1b000 	C:\WINDOWS\SYSTEM32\IPHLPAPI.DLL
0x00007ffd2a7e0000 - 0x00007ffd2a7e8000 	C:\WINDOWS\System32\NSI.dll
0x00007ffd1e100000 - 0x00007ffd1e117000 	C:\WINDOWS\SYSTEM32\dhcpcsvc6.DLL
0x00007ffd20190000 - 0x00007ffd201ad000 	C:\WINDOWS\SYSTEM32\dhcpcsvc.DLL
0x00007ffd27a30000 - 0x00007ffd27afa000 	C:\WINDOWS\SYSTEM32\DNSAPI.dll
0x00007ffd242f0000 - 0x00007ffd242fa000 	C:\Program Files\Java\jdk-17\bin\management.dll
0x00007ffd242e0000 - 0x00007ffd242eb000 	C:\Program Files\Java\jdk-17\bin\management_ext.dll
0x00007ffd18910000 - 0x00007ffd1891a000 	C:\Windows\System32\rasadhlp.dll
0x00007ffd191a0000 - 0x00007ffd19220000 	C:\WINDOWS\System32\fwpuclnt.dll
0x00007ffd233b0000 - 0x00007ffd233b7000 	C:\WINDOWS\system32\wshunix.dll

dbghelp: loaded successfully - version: 4.0.5 - missing functions: none
symbol engine: initialized successfully - sym options: 0x614 - pdb path: .;C:\Program Files\Java\jdk-17\bin;C:\WINDOWS\SYSTEM32;C:\WINDOWS\WinSxS\amd64_microsoft.windows.common-controls_6595b64144ccf1df_6.0.19041.6456_none_60b8a6cb71f64256;C:\Program Files\Java\jdk-17\bin\server;C:\Program Files\JetBrains\IntelliJ IDEA Community Edition 2022.3.3\bin

VM Arguments:
jvm_args: -javaagent:C:\Program Files\JetBrains\IntelliJ IDEA Community Edition 2022.3.3\lib\idea_rt.jar=60014:C:\Program Files\JetBrains\IntelliJ IDEA Community Edition 2022.3.3\bin -Dfile.encoding=UTF-8 
java_command: com.dvml.api.ApiApplication
java_class_path (initial): C:\projetos\api\target\classes;C:\Users\DELL\.m2\repository\org\springframework\boot\spring-boot-starter-web\3.3.3\spring-boot-starter-web-3.3.3.jar;C:\Users\DELL\.m2\repository\org\springframework\boot\spring-boot-starter\3.3.3\spring-boot-starter-3.3.3.jar;C:\Users\DELL\.m2\repository\org\springframework\boot\spring-boot\3.3.3\spring-boot-3.3.3.jar;C:\Users\DELL\.m2\repository\org\springframework\boot\spring-boot-autoconfigure\3.3.3\spring-boot-autoconfigure-3.3.3.jar;C:\Users\DELL\.m2\repository\org\springframework\boot\spring-boot-starter-logging\3.3.3\spring-boot-starter-logging-3.3.3.jar;C:\Users\DELL\.m2\repository\ch\qos\logback\logback-classic\1.5.7\logback-classic-1.5.7.jar;C:\Users\DELL\.m2\repository\ch\qos\logback\logback-core\1.5.7\logback-core-1.5.7.jar;C:\Users\DELL\.m2\repository\org\apache\logging\log4j\log4j-to-slf4j\2.23.1\log4j-to-slf4j-2.23.1.jar;C:\Users\DELL\.m2\repository\org\slf4j\jul-to-slf4j\2.0.16\jul-to-slf4j-2.0.16.jar;C:\Users\DELL\.m2\repository\jakarta\annotation\jakarta.annotation-api\2.1.1\jakarta.annotation-api-2.1.1.jar;C:\Users\DELL\.m2\repository\org\yaml\snakeyaml\2.2\snakeyaml-2.2.jar;C:\Users\DELL\.m2\repository\org\springframework\boot\spring-boot-starter-json\3.3.3\spring-boot-starter-json-3.3.3.jar;C:\Users\DELL\.m2\repository\com\fasterxml\jackson\datatype\jackson-datatype-jdk8\2.17.2\jackson-datatype-jdk8-2.17.2.jar;C:\Users\DELL\.m2\repository\com\fasterxml\jackson\datatype\jackson-datatype-jsr310\2.17.2\jackson-datatype-jsr310-2.17.2.jar;C:\Users\DELL\.m2\repository\com\fasterxml\jackson\module\jackson-module-parameter-names\2.17.2\jackson-module-parameter-names-2.17.2.jar;C:\Users\DELL\.m2\repository\org\springframework\boot\spring-boot-starter-tomcat\3.3.3\spring-boot-starter-tomcat-3.3.3.jar;C:\Users\DELL\.m2\repository\org\apache\tomcat\embed\tomcat-embed-core\10.1.28\tomcat-embed-core-10.1.28.jar;C:\Users\DELL\.m2\repository\org\apache\tomcat\embed\tomcat-embed-websocket\10.1.28\tomc
Launcher Type: SUN_STANDARD

[Global flags]
     intx CICompilerCount                          = 3                                         {product} {ergonomic}
     uint ConcGCThreads                            = 1                                         {product} {ergonomic}
     uint G1ConcRefinementThreads                  = 4                                         {product} {ergonomic}
   size_t G1HeapRegionSize                         = 1048576                                   {product} {ergonomic}
    uintx GCDrainStackTargetSize                   = 64                                        {product} {ergonomic}
   size_t InitialHeapSize                          = 67108864                                  {product} {ergonomic}
   size_t MarkStackSize                            = 4194304                                   {product} {ergonomic}
   size_t MaxHeapSize                              = 1050673152                                {product} {ergonomic}
   size_t MaxNewSize                               = 630194176                                 {product} {ergonomic}
   size_t MinHeapDeltaBytes                        = 1048576                                   {product} {ergonomic}
   size_t MinHeapSize                              = 8388608                                   {product} {ergonomic}
    uintx NonNMethodCodeHeapSize                   = 5832780                                {pd product} {ergonomic}
    uintx NonProfiledCodeHeapSize                  = 122912730                              {pd product} {ergonomic}
    uintx ProfiledCodeHeapSize                     = 122912730                              {pd product} {ergonomic}
    uintx ReservedCodeCacheSize                    = 251658240                              {pd product} {ergonomic}
     bool SegmentedCodeCache                       = true                                      {product} {ergonomic}
   size_t SoftMaxHeapSize                          = 1050673152                             {manageable} {ergonomic}
     bool UseCompressedClassPointers               = true                           {product lp64_product} {ergonomic}
     bool UseCompressedOops                        = true                           {product lp64_product} {ergonomic}
     bool UseG1GC                                  = true                                      {product} {ergonomic}
     bool UseLargePagesIndividualAllocation        = false                                  {pd product} {ergonomic}

Logging:
Log output configuration:
 #0: stdout all=warning uptime,level,tags
 #1: stderr all=off uptime,level,tags

Environment Variables:
PATH=C:\Program Files\Common Files\Oracle\Java\javapath;C:\Users\DELL\AppData\Local\Programs\Python\Python310\;C:\Users\DELL\AppData\Local\Programs\Python\Python310\Scripts\;c:\Users\DELL\AppData\Local\Programs\cursor\resources\app\bin;C:\WINDOWS\system32;C:\WINDOWS;C:\WINDOWS\System32\Wbem;C:\WINDOWS\System32\WindowsPowerShell\v1.0\;C:\WINDOWS\System32\OpenSSH\;C:\Program Files\Git\cmd;C:\Program Files\Java\jdk1.8.0_202\bin;C:\Program Files\OpenSSL-Win64\bin;;C:\Program Files\dotnet\;C:\Users\DELL\AppData\Local\Microsoft\WindowsApps;C:\Users\DELL\AppData\Roaming\npm;C:\Program Files\JetBrains\IntelliJ IDEA Community Edition 2022.3.3\bin;c:\Users\DELL\AppData\Local\Programs\cursor\resources\app\bin;C:\mingw64\bin;C:\mingw\mingw64\bin;C:\SFML\bin;C:\Libraries\opencv\build\bin;C:\vcpkg;C:\SFML\bin;C:\Program Files\apache-maven-3.9.11\bin;C:\ProgramData\chocolatey\bin;C:\Android\sdk\platform-tools;C:\Program Files\nodejs\;%ANDROID_HOME%\cmdline-tools\latest\bin;%ANDROID_HOME%\platform-tools;C:\Program Files\Java\jdk1.8.0_202\bin;C:\msys64\ucrt64\bin;C:\Program Files\CMake\bin;C:\Program Files\PostgreSQL\17\bin;C:\Program Files (x86)\MySQL\MySQL Server 5.1\bin;C:\Users\DELL\.cargo\bin;C:\Users\DELL\AppData\Local\Programs\Python\Python310\Scripts\;C:\Users\DELL\AppData\Local\Programs\Python\Python310\;C:\Users\DELL\scoop\shims;C:\Users\DELL\AppData\Local\Microsoft\WindowsApps;C:\Program Files\JetBrains\IntelliJ IDEA Community Edition 2022.3.3\bin;;C:\vcpkg;C:\SFML\bin;C:\Users\DELL\AppData\Roaming\npm;C:\Android\sdk\platform-tools;C:\Android\sdk\cmdline-tools\latest\bin;C:\msys64\ucrt64\bin;C:\Users\DELL\AppData\Local\Programs\Windsurf\bin;C:\Users\DELL\AppData\Local\Programs\Microsoft VS Code\bin
USERNAME=DELL
OS=Windows_NT
PROCESSOR_IDENTIFIER=Intel64 Family 6 Model 69 Stepping 1, GenuineIntel



---------------  S Y S T E M  ---------------

OS:
 Windows 10 , 64 bit Build 19041 (10.0.19041.5915)
OS uptime: 0 days 3:45 hours

CPU: total 4 (initial active 4) (2 cores per cpu, 2 threads per core) family 6 model 69 stepping 1 microcode 0x25, cx8, cmov, fxsr, ht, mmx, sse, sse2, sse3, ssse3, sse4.1, sse4.2, popcnt, lzcnt, tsc, tscinvbit, avx, avx2, aes, erms, clmul, bmi1, bmi2, fma, vzeroupper, clflush

Memory: 4k page, system-wide physical 4001M (264M free)
TotalPageFile size 12643M (AvailPageFile size 4M)
current process WorkingSet (physical memory assigned to process): 155M, peak: 275M
current process commit charge ("private bytes"): 381M, peak: 394M

vm_info: Java HotSpot(TM) 64-Bit Server VM (17.0.10+11-LTS-240) for windows-amd64 JRE (17.0.10+11-LTS-240), built on Dec 19 2023 21:47:25 by "mach5one" with MS VC++ 17.1 (VS2022)

END.
